Archive member included to satisfy reference by file (symbol)

/home/geffencooper/Model_Development/ai8x-synthesis/sdk/Libraries/PeriphDrivers/bin/MAX78000/softfp/libPeriphDriver_softfp.a(mxc_delay.o)
                              /home/geffencooper/Model_Development/ai8x-synthesis/sdk/DA/build/tft_ssd2119.o (MXC_Delay)
/home/geffencooper/Model_Development/ai8x-synthesis/sdk/Libraries/PeriphDrivers/bin/MAX78000/softfp/libPeriphDriver_softfp.a(pins_ai85.o)
                              /home/geffencooper/Model_Development/ai8x-synthesis/sdk/DA/build/camera.o (gpio_cfg_pcif_xclk)
/home/geffencooper/Model_Development/ai8x-synthesis/sdk/Libraries/PeriphDrivers/bin/MAX78000/softfp/libPeriphDriver_softfp.a(sys_ai85.o)
                              /home/geffencooper/Model_Development/ai8x-synthesis/sdk/DA/build/board.o (MXC_SYS_ClockEnable)
/home/geffencooper/Model_Development/ai8x-synthesis/sdk/Libraries/PeriphDrivers/bin/MAX78000/softfp/libPeriphDriver_softfp.a(nvic_table.o)
                              /home/geffencooper/Model_Development/ai8x-synthesis/sdk/DA/build/camera.o (NVIC_SetVector)
/home/geffencooper/Model_Development/ai8x-synthesis/sdk/Libraries/PeriphDrivers/bin/MAX78000/softfp/libPeriphDriver_softfp.a(cameraif_ai85.o)
                              /home/geffencooper/Model_Development/ai8x-synthesis/sdk/DA/build/camera.o (MXC_PCIF_Init)
/home/geffencooper/Model_Development/ai8x-synthesis/sdk/Libraries/PeriphDrivers/bin/MAX78000/softfp/libPeriphDriver_softfp.a(cameraif_reva.o)
                              /home/geffencooper/Model_Development/ai8x-synthesis/sdk/Libraries/PeriphDrivers/bin/MAX78000/softfp/libPeriphDriver_softfp.a(cameraif_ai85.o) (MXC_PCIF_RevA_SetDatawidth)
/home/geffencooper/Model_Development/ai8x-synthesis/sdk/Libraries/PeriphDrivers/bin/MAX78000/softfp/libPeriphDriver_softfp.a(dma_me17.o)
                              /home/geffencooper/Model_Development/ai8x-synthesis/sdk/DA/build/camera_tft_funcs.o (MXC_DMA_Init)
/home/geffencooper/Model_Development/ai8x-synthesis/sdk/Libraries/PeriphDrivers/bin/MAX78000/softfp/libPeriphDriver_softfp.a(dma_reva.o)
                              /home/geffencooper/Model_Development/ai8x-synthesis/sdk/Libraries/PeriphDrivers/bin/MAX78000/softfp/libPeriphDriver_softfp.a(dma_me17.o) (MXC_DMA_RevA_Init)
/home/geffencooper/Model_Development/ai8x-synthesis/sdk/Libraries/PeriphDrivers/bin/MAX78000/softfp/libPeriphDriver_softfp.a(flc_me17.o)
                              /home/geffencooper/Model_Development/ai8x-synthesis/sdk/Libraries/PeriphDrivers/bin/MAX78000/softfp/libPeriphDriver_softfp.a(sys_ai85.o) (MXC_FLC_UnlockInfoBlock)
/home/geffencooper/Model_Development/ai8x-synthesis/sdk/Libraries/PeriphDrivers/bin/MAX78000/softfp/libPeriphDriver_softfp.a(flc_revb.o)
                              /home/geffencooper/Model_Development/ai8x-synthesis/sdk/Libraries/PeriphDrivers/bin/MAX78000/softfp/libPeriphDriver_softfp.a(flc_me17.o) (MXC_FLC_RevB_Busy)
/home/geffencooper/Model_Development/ai8x-synthesis/sdk/Libraries/PeriphDrivers/bin/MAX78000/softfp/libPeriphDriver_softfp.a(gpio_ai85.o)
                              /home/geffencooper/Model_Development/ai8x-synthesis/sdk/DA/build/led.o (MXC_GPIO_Config)
/home/geffencooper/Model_Development/ai8x-synthesis/sdk/Libraries/PeriphDrivers/bin/MAX78000/softfp/libPeriphDriver_softfp.a(gpio_reva.o)
                              /home/geffencooper/Model_Development/ai8x-synthesis/sdk/Libraries/PeriphDrivers/bin/MAX78000/softfp/libPeriphDriver_softfp.a(gpio_ai85.o) (MXC_GPIO_RevA_InGet)
/home/geffencooper/Model_Development/ai8x-synthesis/sdk/Libraries/PeriphDrivers/bin/MAX78000/softfp/libPeriphDriver_softfp.a(icc_me17.o)
                              /home/geffencooper/Model_Development/ai8x-synthesis/sdk/DA/build/camera_tft_funcs.o (MXC_ICC_Enable)
/home/geffencooper/Model_Development/ai8x-synthesis/sdk/Libraries/PeriphDrivers/bin/MAX78000/softfp/libPeriphDriver_softfp.a(icc_reva.o)
                              /home/geffencooper/Model_Development/ai8x-synthesis/sdk/Libraries/PeriphDrivers/bin/MAX78000/softfp/libPeriphDriver_softfp.a(icc_me17.o) (MXC_ICC_RevA_ID)
/home/geffencooper/Model_Development/ai8x-synthesis/sdk/Libraries/PeriphDrivers/bin/MAX78000/softfp/libPeriphDriver_softfp.a(pt_me17.o)
                              /home/geffencooper/Model_Development/ai8x-synthesis/sdk/DA/build/camera.o (MXC_PT_Init)
/home/geffencooper/Model_Development/ai8x-synthesis/sdk/Libraries/PeriphDrivers/bin/MAX78000/softfp/libPeriphDriver_softfp.a(pt_reva.o)
                              /home/geffencooper/Model_Development/ai8x-synthesis/sdk/Libraries/PeriphDrivers/bin/MAX78000/softfp/libPeriphDriver_softfp.a(pt_me17.o) (MXC_PT_RevA_Init)
/home/geffencooper/Model_Development/ai8x-synthesis/sdk/Libraries/PeriphDrivers/bin/MAX78000/softfp/libPeriphDriver_softfp.a(spi_me17.o)
                              /home/geffencooper/Model_Development/ai8x-synthesis/sdk/DA/build/tft_ssd2119.o (MXC_SPI_Init)
[...]
Memory Configuration

Name             Origin             Length             Attributes
ROM              0x0000000000000000 0x0000000000010000 xr
FLASH            0x0000000010000000 0x0000000000080000 xr
SRAM             0x0000000020000000 0x0000000000020000 xrw
*default*        0x0000000000000000 0xffffffffffffffff

Linker script and memory map

LOAD /home/geffencooper/gcc-arm-none-eabi-10.3-2021.10/bin/../lib/gcc/arm-none-eabi/10.3.1/thumb/v7e-m+fp/softfp/crti.o
LOAD /home/geffencooper/gcc-arm-none-eabi-10.3-2021.10/bin/../lib/gcc/arm-none-eabi/10.3.1/thumb/v7e-m+fp/softfp/crtbegin.o
LOAD /home/geffencooper/gcc-arm-none-eabi-10.3-2021.10/bin/../lib/gcc/arm-none-eabi/10.3.1/../../../../arm-none-eabi/lib/thumb/v7e-m+fp/softfp/crt0.o
LOAD /home/geffencooper/Model_Development/ai8x-synthesis/sdk/DA/build/main.o
LOAD /home/geffencooper/Model_Development/ai8x-synthesis/sdk/DA/build/camera_tft_funcs.o
LOAD /home/geffencooper/Model_Development/ai8x-synthesis/sdk/DA/build/board.o
LOAD /home/geffencooper/Model_Development/ai8x-synthesis/sdk/DA/build/stdio.o
LOAD /home/geffencooper/Model_Development/ai8x-synthesis/sdk/DA/build/led.o
LOAD /home/geffencooper/Model_Development/ai8x-synthesis/sdk/DA/build/pb.o
LOAD /home/geffencooper/Model_Development/ai8x-synthesis/sdk/DA/build/tft_ssd2119.o
LOAD /home/geffencooper/Model_Development/ai8x-synthesis/sdk/DA/build/tsc2046.o
LOAD /home/geffencooper/Model_Development/ai8x-synthesis/sdk/DA/build/camera.o
LOAD /home/geffencooper/Model_Development/ai8x-synthesis/sdk/DA/build/ov7692.o
LOAD /home/geffencooper/Model_Development/ai8x-synthesis/sdk/DA/build/sccb.o
LOAD /home/geffencooper/Model_Development/ai8x-synthesis/sdk/DA/build/startup_max78000.o
LOAD /home/geffencooper/Model_Development/ai8x-synthesis/sdk/DA/build/heap.o
LOAD /home/geffencooper/Model_Development/ai8x-synthesis/sdk/DA/build/system_max78000.o
START GROUP
LOAD /home/geffencooper/Model_Development/ai8x-synthesis/sdk/Libraries/PeriphDrivers/bin/MAX78000/softfp/libPeriphDriver_softfp.a
LOAD /home/geffencooper/Model_Development/ai8x-synthesis/sdk/DA/build/Fat32Driver/FAT32.a
LOAD /home/geffencooper/Model_Development/ai8x-synthesis/sdk/DA/build/SDHCDriver/sdhc.a
LOAD /home/geffencooper/gcc-arm-none-eabi-10.3-2021.10/bin/../lib/gcc/arm-none-eabi/10.3.1/../../../../arm-none-eabi/lib/thumb/v7e-m+fp/softfp/libc.a
LOAD /home/geffencooper/gcc-arm-none-eabi-10.3-2021.10/bin/../lib/gcc/arm-none-eabi/10.3.1/../../../../arm-none-eabi/lib/thumb/v7e-m+fp/softfp/libm.a
LOAD /home/geffencooper/gcc-arm-none-eabi-10.3-2021.10/bin/../lib/gcc/arm-none-eabi/10.3.1/../../../../arm-none-eabi/lib/thumb/v7e-m+fp/softfp/libnosys.a
END GROUP
START GROUP
LOAD /home/geffencooper/gcc-arm-none-eabi-10.3-2021.10/bin/../lib/gcc/arm-none-eabi/10.3.1/thumb/v7e-m+fp/softfp/libgcc.a
LOAD /home/geffencooper/gcc-arm-none-eabi-10.3-2021.10/bin/../lib/gcc/arm-none-eabi/10.3.1/../../../../arm-none-eabi/lib/thumb/v7e-m+fp/softfp/libc.a
END GROUP
LOAD /home/geffencooper/gcc-arm-none-eabi-10.3-2021.10/bin/../lib/gcc/arm-none-eabi/10.3.1/thumb/v7e-m+fp/softfp/crtend.o
LOAD /home/geffencooper/gcc-arm-none-eabi-10.3-2021.10/bin/../lib/gcc/arm-none-eabi/10.3.1/thumb/v7e-m+fp/softfp/crtn.o

.rom
 *(.rom_vector)
 *(.rom_handlers*)

.text           0x0000000010000000     0xd034
                0x0000000010000000                _text = .
 *(.isr_vector)
 .isr_vector    0x0000000010000000      0x1e0 /home/geffencooper/Model_Development/ai8x-synthesis/sdk/DA/build/startup_max78000.o
                0x0000000010000000                __isr_vector
 *(.text*)
 .text          0x00000000100001e0       0x40 /home/geffencooper/gcc-arm-none-eabi-10.3-2021.10/bin/../lib/gcc/arm-none-eabi/10.3.1/thumb/v7e-m+fp/softfp/crtbegin.o
 .text.main     0x0000000010000220       0x48 /home/geffencooper/Model_Development/ai8x-synthesis/sdk/DA/build/main.o
                0x0000000010000220                main
 .text.capture_camera_img
                0x0000000010000268       0x10 /home/geffencooper/Model_Development/ai8x-synthesis/sdk/DA/build/camera_tft_funcs.o
                0x0000000010000268                capture_camera_img
 .text.display_RGB565_img
                0x0000000010000278       0xcc /home/geffencooper/Model_Development/ai8x-synthesis/sdk/DA/build/camera_tft_funcs.o
                0x0000000010000278                display_RGB565_img
 .text.init_LCD
                0x0000000010000344       0x3c /home/geffencooper/Model_Development/ai8x-synthesis/sdk/DA/build/camera_tft_funcs.o
                0x0000000010000344                init_LCD
 .text.LCD_Camera_Setup
                0x0000000010000380       0x7c /home/geffencooper/Model_Development/ai8x-synthesis/sdk/DA/build/camera_tft_funcs.o
                0x0000000010000380                LCD_Camera_Setup
 .text.mxc_assert
                0x00000000100003fc       0x10 /home/geffencooper/Model_Development/ai8x-synthesis/sdk/DA/build/board.o
                0x00000000100003fc                mxc_assert
 .text.Console_Init
                0x000000001000040c       0x18 /home/geffencooper/Model_Development/ai8x-synthesis/sdk/DA/build/board.o
                0x000000001000040c                Console_Init
 .text.Board_Init
                0x0000000010000424       0x64 /home/geffencooper/Model_Development/ai8x-synthesis/sdk/DA/build/board.o
                0x0000000010000424                Board_Init
 .text.NMI_Handler
                0x0000000010000488        0x4 /home/geffencooper/Model_Development/ai8x-synthesis/sdk/DA/build/board.o
                0x0000000010000488                NMI_Handler
 .text.Camera_Power
                0x000000001000048c        0x6 /home/geffencooper/Model_Development/ai8x-synthesis/sdk/DA/build/board.o
                0x000000001000048c                Camera_Power
 .text._close   0x0000000010000492        0x6 /home/geffencooper/Model_Development/ai8x-synthesis/sdk/DA/build/stdio.o
                0x0000000010000492                _close
 .text._isatty  0x0000000010000498        0x6 /home/geffencooper/Model_Development/ai8x-synthesis/sdk/DA/build/stdio.o
                0x0000000010000498                _isatty
 .text._lseek   0x000000001000049e        0x6 /home/geffencooper/Model_Development/ai8x-synthesis/sdk/DA/build/stdio.o
                0x000000001000049e                _lseek
 .text._fstat   0x00000000100004a4        0x6 /home/geffencooper/Model_Development/ai8x-synthesis/sdk/DA/build/stdio.o
                0x00000000100004a4                _fstat
 *fill*         0x00000000100004aa        0x2 
 .text._read    0x00000000100004ac       0x54 /home/geffencooper/Model_Development/ai8x-synthesis/sdk/DA/build/stdio.o
                0x00000000100004ac                _read
 .text._write   0x0000000010000500       0x5c /home/geffencooper/Model_Development/ai8x-synthesis/sdk/DA/build/stdio.o
                0x0000000010000500                _write
 .text.LED_Off  0x000000001000055c       0x44 /home/geffencooper/Model_Development/ai8x-synthesis/sdk/DA/build/led.o
                0x000000001000055c                LED_Off
 .text.LED_Init
                0x00000000100005a0       0x3c /home/geffencooper/Model_Development/ai8x-synthesis/sdk/DA/build/led.o
                0x00000000100005a0                LED_Init
 .text.PB_Init  0x00000000100005dc       0x34 /home/geffencooper/Model_Development/ai8x-synthesis/sdk/DA/build/pb.o
                0x00000000100005dc                PB_Init
 .text.GPIO0_IRQHandler
                0x0000000010000610        0xa /home/geffencooper/Model_Development/ai8x-synthesis/sdk/DA/build/pb.o
                0x0000000010000610                GPIO0_IRQHandler
 .text.GPIO1_IRQHandler
                0x000000001000061a        0xa /home/geffencooper/Model_Development/ai8x-synthesis/sdk/DA/build/pb.o
                0x000000001000061a                GPIO1_IRQHandler
 .text.GPIO2_IRQHandler
                0x0000000010000624        0xa /home/geffencooper/Model_Development/ai8x-synthesis/sdk/DA/build/pb.o
                0x0000000010000624                GPIO2_IRQHandler
 .text.concat   0x000000001000062e       0x24 /home/geffencooper/Model_Development/ai8x-synthesis/sdk/DA/build/tft_ssd2119.o
 *fill*         0x0000000010000652        0x2 
 .text.setPalette
                0x0000000010000654       0xbc /home/geffencooper/Model_Development/ai8x-synthesis/sdk/DA/build/tft_ssd2119.o
 .text.spi_transmit
                0x0000000010000710       0xd0 /home/geffencooper/Model_Development/ai8x-synthesis/sdk/DA/build/tft_ssd2119.o
 .text.write_data
                0x00000000100007e0       0x32 /home/geffencooper/Model_Development/ai8x-synthesis/sdk/DA/build/tft_ssd2119.o
 .text.write_command
                0x0000000010000812       0x1a /home/geffencooper/Model_Development/ai8x-synthesis/sdk/DA/build/tft_ssd2119.o
 .text.displaySub
                0x000000001000082c       0x6a /home/geffencooper/Model_Development/ai8x-synthesis/sdk/DA/build/tft_ssd2119.o
 .text.displaySub_Special
                0x0000000010000896       0x78 /home/geffencooper/Model_Development/ai8x-synthesis/sdk/DA/build/tft_ssd2119.o
 *fill*         0x000000001000090e        0x2 
 .text.print_line_rgb565
                0x0000000010000910       0xb4 /home/geffencooper/Model_Development/ai8x-synthesis/sdk/DA/build/tft_ssd2119.o
 .text.MXC_TFT_SetBackGroundColor
                0x00000000100009c4       0x94 /home/geffencooper/Model_Development/ai8x-synthesis/sdk/DA/build/tft_ssd2119.o
                0x00000000100009c4                MXC_TFT_SetBackGroundColor
 .text.MXC_TFT_Backlight
                0x0000000010000a58       0x24 /home/geffencooper/Model_Development/ai8x-synthesis/sdk/DA/build/tft_ssd2119.o
                0x0000000010000a58                MXC_TFT_Backlight
 .text.MXC_TFT_Init
                0x0000000010000a7c      0x2fc /home/geffencooper/Model_Development/ai8x-synthesis/sdk/DA/build/tft_ssd2119.o
                0x0000000010000a7c                MXC_TFT_Init
 .text.MXC_TFT_ShowImageCameraRGB565
                0x0000000010000d78       0xb8 /home/geffencooper/Model_Development/ai8x-synthesis/sdk/DA/build/tft_ssd2119.o
                0x0000000010000d78                MXC_TFT_ShowImageCameraRGB565
 .text.MXC_TFT_ClearScreen
                0x0000000010000e30       0x10 /home/geffencooper/Model_Development/ai8x-synthesis/sdk/DA/build/tft_ssd2119.o
                0x0000000010000e30                MXC_TFT_ClearScreen
 .text.camera_irq_handler
                0x0000000010000e40      0x144 /home/geffencooper/Model_Development/ai8x-synthesis/sdk/DA/build/camera.o
                0x0000000010000e40                camera_irq_handler
 .text.stream_callback
                0x0000000010000f84       0xc4 /home/geffencooper/Model_Development/ai8x-synthesis/sdk/DA/build/camera.o
 .text.setup_dma
                0x0000000010001048       0x8c /home/geffencooper/Model_Development/ai8x-synthesis/sdk/DA/build/camera.o
 .text.stream_irq_handler
                0x00000000100010d4        0x8 /home/geffencooper/Model_Development/ai8x-synthesis/sdk/DA/build/camera.o
                0x00000000100010d4                stream_irq_handler
 .text.camera_init
                0x00000000100010dc      0x13c /home/geffencooper/Model_Development/ai8x-synthesis/sdk/DA/build/camera.o
                0x00000000100010dc                camera_init
 .text.camera_setup
                0x0000000010001218      0x19c /home/geffencooper/Model_Development/ai8x-synthesis/sdk/DA/build/camera.o
                0x0000000010001218                camera_setup
 .text.camera_start_capture_image
                0x00000000100013b4       0x40 /home/geffencooper/Model_Development/ai8x-synthesis/sdk/DA/build/camera.o
                0x00000000100013b4                camera_start_capture_image
 .text.camera_is_image_rcv
                0x00000000100013f4       0x10 /home/geffencooper/Model_Development/ai8x-synthesis/sdk/DA/build/camera.o
                0x00000000100013f4                camera_is_image_rcv
 .text.camera_get_image
                0x0000000010001404       0x94 /home/geffencooper/Model_Development/ai8x-synthesis/sdk/DA/build/camera.o
                0x0000000010001404                camera_get_image
 .text.init     0x0000000010001498       0x10 /home/geffencooper/Model_Development/ai8x-synthesis/sdk/DA/build/ov7692.o
 .text.get_slave_address
                0x00000000100014a8        0xc /home/geffencooper/Model_Development/ai8x-synthesis/sdk/DA/build/ov7692.o
 .text.get_pixformat
                0x00000000100014b4       0x10 /home/geffencooper/Model_Development/ai8x-synthesis/sdk/DA/build/ov7692.o
 .text.set_saturation
                0x00000000100014c4        0x4 /home/geffencooper/Model_Development/ai8x-synthesis/sdk/DA/build/ov7692.o
 .text.get_luminance
                0x00000000100014c8       0x5c /home/geffencooper/Model_Development/ai8x-synthesis/sdk/DA/build/ov7692.o
 .text.read_reg
                0x0000000010001524       0x20 /home/geffencooper/Model_Development/ai8x-synthesis/sdk/DA/build/ov7692.o
 .text.get_manufacture_id
                0x0000000010001544       0x3c /home/geffencooper/Model_Development/ai8x-synthesis/sdk/DA/build/ov7692.o
 .text.get_product_id
                0x0000000010001580       0x3c /home/geffencooper/Model_Development/ai8x-synthesis/sdk/DA/build/ov7692.o
 .text.set_negateimage
                0x00000000100015bc       0x88 /home/geffencooper/Model_Development/ai8x-synthesis/sdk/DA/build/ov7692.o
 .text.set_vflip
                0x0000000010001644       0x44 /home/geffencooper/Model_Development/ai8x-synthesis/sdk/DA/build/ov7692.o
 .text.set_hmirror
                0x0000000010001688       0x44 /home/geffencooper/Model_Development/ai8x-synthesis/sdk/DA/build/ov7692.o
 .text.set_colorbar
                0x00000000100016cc       0x44 /home/geffencooper/Model_Development/ai8x-synthesis/sdk/DA/build/ov7692.o
 .text.set_gainceiling
                0x0000000010001710       0xd4 /home/geffencooper/Model_Development/ai8x-synthesis/sdk/DA/build/ov7692.o
 .text.set_brightness
                0x00000000100017e4       0xc8 /home/geffencooper/Model_Development/ai8x-synthesis/sdk/DA/build/ov7692.o
 .text.set_contrast
                0x00000000100018ac       0xf8 /home/geffencooper/Model_Development/ai8x-synthesis/sdk/DA/build/ov7692.o
 .text.set_windowing
                0x00000000100019a4       0xf8 /home/geffencooper/Model_Development/ai8x-synthesis/sdk/DA/build/ov7692.o
 .text.set_framesize
                0x0000000010001a9c       0xa8 /home/geffencooper/Model_Development/ai8x-synthesis/sdk/DA/build/ov7692.o
 .text.set_pixformat
                0x0000000010001b44       0x5c /home/geffencooper/Model_Development/ai8x-synthesis/sdk/DA/build/ov7692.o
 .text.write_reg
                0x0000000010001ba0       0x14 /home/geffencooper/Model_Development/ai8x-synthesis/sdk/DA/build/ov7692.o
 .text.sleep    0x0000000010001bb4       0x40 /home/geffencooper/Model_Development/ai8x-synthesis/sdk/DA/build/ov7692.o
 .text.reset    0x0000000010001bf4       0x60 /home/geffencooper/Model_Development/ai8x-synthesis/sdk/DA/build/ov7692.o
 .text.dump_registers
                0x0000000010001c54       0x94 /home/geffencooper/Model_Development/ai8x-synthesis/sdk/DA/build/ov7692.o
 .text.sensor_register
                0x0000000010001ce8       0xb4 /home/geffencooper/Model_Development/ai8x-synthesis/sdk/DA/build/ov7692.o
                0x0000000010001ce8                sensor_register
 .text.start    0x0000000010001d9c       0x34 /home/geffencooper/Model_Development/ai8x-synthesis/sdk/DA/build/sccb.o
 .text.send_byte
                0x0000000010001dd0       0x70 /home/geffencooper/Model_Development/ai8x-synthesis/sdk/DA/build/sccb.o
 .text.stop     0x0000000010001e40       0x2c /home/geffencooper/Model_Development/ai8x-synthesis/sdk/DA/build/sccb.o
 .text.get_byte
                0x0000000010001e6c       0x5c /home/geffencooper/Model_Development/ai8x-synthesis/sdk/DA/build/sccb.o
 .text.send_NACK
                0x0000000010001ec8       0x34 /home/geffencooper/Model_Development/ai8x-synthesis/sdk/DA/build/sccb.o
 .text.sccb_init
                0x0000000010001efc       0x2c /home/geffencooper/Model_Development/ai8x-synthesis/sdk/DA/build/sccb.o
                0x0000000010001efc                sccb_init
 .text.sccb_read_byt
                0x0000000010001f28       0x5c /home/geffencooper/Model_Development/ai8x-synthesis/sdk/DA/build/sccb.o
                0x0000000010001f28                sccb_read_byt
 .text.sccb_write_byt
                0x0000000010001f84       0x54 /home/geffencooper/Model_Development/ai8x-synthesis/sdk/DA/build/sccb.o
                0x0000000010001f84                sccb_write_byt
 .text          0x0000000010001fd8      0x148 /home/geffencooper/Model_Development/ai8x-synthesis/sdk/DA/build/startup_max78000.o
                0x0000000010001fd8                Reset_Handler
                0x0000000010002016                HardFault_Handler
                0x0000000010002018                MemManage_Handler
                0x000000001000201a                BusFault_Handler
                0x000000001000201c                UsageFault_Handler
                0x000000001000201e                SVC_Handler
                0x0000000010002020                DebugMon_Handler
                0x0000000010002022                PendSV_Handler
                0x0000000010002024                SysTick_Handler
                0x0000000010002026                Default_Handler
                0x0000000010002028                PF_IRQHandler
                0x000000001000202a                WDT0_IRQHandler
                0x000000001000202c                RSV02_IRQHandler
                0x000000001000202e                RTC_IRQHandler
                0x0000000010002030                TRNG_IRQHandler
                0x0000000010002032                TMR0_IRQHandler
                0x0000000010002034                TMR1_IRQHandler
                0x0000000010002036                TMR2_IRQHandler
                0x0000000010002038                TMR3_IRQHandler
                0x000000001000203a                TMR4_IRQHandler
                0x000000001000203c                TMR5_IRQHandler
                0x000000001000203e                RSV11_IRQHandler
                0x0000000010002040                RSV12_IRQHandler
                0x0000000010002042                I2C0_IRQHandler
                0x0000000010002044                UART0_IRQHandler
                0x0000000010002046                UART1_IRQHandler
                0x0000000010002048                SPI1_IRQHandler
                0x000000001000204a                RSV17_IRQHandler
                0x000000001000204c                RSV18_IRQHandler
                0x000000001000204e                RSV19_IRQHandler
                0x0000000010002050                ADC_IRQHandler
                0x0000000010002052                RSV21_IRQHandler
                0x0000000010002054                RSV22_IRQHandler
                0x0000000010002056                FLC0_IRQHandler
                0x000000001000205e                RSV27_IRQHandler
                0x0000000010002060                DMA0_IRQHandler
                0x0000000010002062                DMA1_IRQHandler
                0x0000000010002064                DMA2_IRQHandler
                0x0000000010002066                DMA3_IRQHandler
                0x0000000010002068                RSV32_IRQHandler
                0x000000001000206a                RSV33_IRQHandler
                0x000000001000206c                UART2_IRQHandler
                0x000000001000206e                RSV35_IRQHandler
                0x0000000010002070                I2C1_IRQHandler
                0x0000000010002072                RSV37_IRQHandler
                0x0000000010002074                RSV38_IRQHandler
                0x0000000010002076                RSV39_IRQHandler
                0x0000000010002078                RSV40_IRQHandler
                0x000000001000207a                RSV41_IRQHandler
                0x000000001000207c                RSV42_IRQHandler
                0x000000001000207e                RSV43_IRQHandler
                0x0000000010002080                RSV44_IRQHandler
                0x0000000010002082                RSV45_IRQHandler
                0x0000000010002084                RSV46_IRQHandler
                0x0000000010002086                RSV47_IRQHandler
                0x0000000010002088                RSV48_IRQHandler
                0x000000001000208a                RSV49_IRQHandler
                0x000000001000208c                RSV50_IRQHandler
                0x000000001000208e                RSV51_IRQHandler
                0x0000000010002090                RSV52_IRQHandler
                0x0000000010002092                WUT_IRQHandler
                0x0000000010002094                GPIOWAKE_IRQHandler
                0x0000000010002096                RSV55_IRQHandler
                0x0000000010002098                SPI0_IRQHandler
                0x000000001000209a                WDT1_IRQHandler
                0x000000001000209c                RSV58_IRQHandler
                0x000000001000209e                PT_IRQHandler
                0x00000000100020a0                RSV60_IRQHandler
                0x00000000100020a2                RSV61_IRQHandler
                0x00000000100020a4                I2C2_IRQHandler
                0x00000000100020a6                RISCV_IRQHandler
                0x00000000100020a8                RSV64_IRQHandler
                0x00000000100020aa                RSV65_IRQHandler
                0x00000000100020ac                RSV66_IRQHandler
                0x00000000100020ae                OWM_IRQHandler
                0x00000000100020b0                RSV68_IRQHandler
                0x00000000100020b2                RSV69_IRQHandler
                0x00000000100020b4                RSV70_IRQHandler
                0x00000000100020b6                RSV71_IRQHandler
                0x00000000100020b8                RSV72_IRQHandler
                0x00000000100020ba                RSV73_IRQHandler
                0x00000000100020bc                RSV74_IRQHandler
                0x00000000100020be                RSV75_IRQHandler
                0x00000000100020c0                RSV76_IRQHandler
                0x00000000100020c2                RSV77_IRQHandler
                0x00000000100020c4                RSV78_IRQHandler
                0x00000000100020c6                RSV79_IRQHandler
                0x00000000100020c8                RSV80_IRQHandler
                0x00000000100020ca                RSV81_IRQHandler
                0x00000000100020cc                ECC_IRQHandler
                0x00000000100020ce                DVS_IRQHandler
                0x00000000100020d0                SIMO_IRQHandler
                0x00000000100020d2                RSV85_IRQHandler
                0x00000000100020d4                RSV86_IRQHandler
                0x00000000100020d6                RSV87_IRQHandler
                0x00000000100020d8                UART3_IRQHandler
                0x00000000100020da                RSV89_IRQHandler
                0x00000000100020dc                RSV90_IRQHandler
                0x00000000100020de                PCIF_IRQHandler
                0x00000000100020e0                RSV92_IRQHandler
                0x00000000100020e2                RSV93_IRQHandler
                0x00000000100020e4                RSV94_IRQHandler
                0x00000000100020e6                RSV95_IRQHandler
                0x00000000100020e8                RSV96_IRQHandler
                0x00000000100020ea                AES_IRQHandler
                0x00000000100020ec                RSV98_IRQHandler
                0x00000000100020ee                I2S_IRQHandler
                0x00000000100020f0                CNN_FIFO_IRQHandler
                0x00000000100020f2                CNN_IRQHandler
                0x00000000100020f4                RSV102_IRQHandler
                0x00000000100020f6                LPCMP_IRQHandler
 .text._sbrk    0x0000000010002120       0x40 /home/geffencooper/Model_Development/ai8x-synthesis/sdk/DA/build/heap.o
                0x0000000010002120                _sbrk
 .text.SystemCoreClockUpdate
                0x0000000010002160       0x74 /home/geffencooper/Model_Development/ai8x-synthesis/sdk/DA/build/system_max78000.o
                0x0000000010002160                SystemCoreClockUpdate
 .text.PreInit  0x00000000100021d4        0x4 /home/geffencooper/Model_Development/ai8x-synthesis/sdk/DA/build/system_max78000.o
                0x00000000100021d4                PreInit
 .text.SystemInit
                0x00000000100021d8       0x38 /home/geffencooper/Model_Development/ai8x-synthesis/sdk/DA/build/system_max78000.o
                0x00000000100021d8                SystemInit
 .text.MXC_DelayInit
                0x0000000010002210       0x7c /home/geffencooper/Model_Development/ai8x-synthesis/sdk/Libraries/PeriphDrivers/bin/MAX78000/softfp/libPeriphDriver_softfp.a(mxc_delay.o)
 .text.MXC_DelayAsync
                0x000000001000228c       0x3c /home/geffencooper/Model_Development/ai8x-synthesis/sdk/Libraries/PeriphDrivers/bin/MAX78000/softfp/libPeriphDriver_softfp.a(mxc_delay.o)
                0x000000001000228c                MXC_DelayAsync
 .text.MXC_DelayAbort
                0x00000000100022c8       0x34 /home/geffencooper/Model_Development/ai8x-synthesis/sdk/Libraries/PeriphDrivers/bin/MAX78000/softfp/libPeriphDriver_softfp.a(mxc_delay.o)
                0x00000000100022c8                MXC_DelayAbort
 .text.MXC_DelayCheck
                0x00000000100022fc       0x58 /home/geffencooper/Model_Development/ai8x-synthesis/sdk/Libraries/PeriphDrivers/bin/MAX78000/softfp/libPeriphDriver_softfp.a(mxc_delay.o)
                0x00000000100022fc                MXC_DelayCheck
 .text.MXC_Delay
                0x0000000010002354       0x50 /home/geffencooper/Model_Development/ai8x-synthesis/sdk/Libraries/PeriphDrivers/bin/MAX78000/softfp/libPeriphDriver_softfp.a(mxc_delay.o)
                0x0000000010002354                MXC_Delay
 .text.MXC_SYS_IsClockEnabled
                0x00000000100023a4       0x34 /home/geffencooper/Model_Development/ai8x-synthesis/sdk/Libraries/PeriphDrivers/bin/MAX78000/softfp/libPeriphDriver_softfp.a(sys_ai85.o)
                0x00000000100023a4                MXC_SYS_IsClockEnabled
 .text.MXC_SYS_ClockDisable
                0x00000000100023d8       0x44 /home/geffencooper/Model_Development/ai8x-synthesis/sdk/Libraries/PeriphDrivers/bin/MAX78000/softfp/libPeriphDriver_softfp.a(sys_ai85.o)
                0x00000000100023d8                MXC_SYS_ClockDisable
 .text.MXC_SYS_ClockEnable
                0x000000001000241c       0x4c /home/geffencooper/Model_Development/ai8x-synthesis/sdk/Libraries/PeriphDrivers/bin/MAX78000/softfp/libPeriphDriver_softfp.a(sys_ai85.o)
                0x000000001000241c                MXC_SYS_ClockEnable
 .text.MXC_SYS_Clock_Timeout
                0x0000000010002468       0x2e /home/geffencooper/Model_Development/ai8x-synthesis/sdk/Libraries/PeriphDrivers/bin/MAX78000/softfp/libPeriphDriver_softfp.a(sys_ai85.o)
                0x0000000010002468                MXC_SYS_Clock_Timeout
 .text.MXC_SYS_ClockSourceEnable
                0x0000000010002496       0x6c /home/geffencooper/Model_Development/ai8x-synthesis/sdk/Libraries/PeriphDrivers/bin/MAX78000/softfp/libPeriphDriver_softfp.a(sys_ai85.o)
                0x0000000010002496                MXC_SYS_ClockSourceEnable
 .text.MXC_SYS_Clock_Select
                0x0000000010002502      0x106 /home/geffencooper/Model_Development/ai8x-synthesis/sdk/Libraries/PeriphDrivers/bin/MAX78000/softfp/libPeriphDriver_softfp.a(sys_ai85.o)
                0x0000000010002502                MXC_SYS_Clock_Select
 .text.MXC_SYS_Reset_Periph
                0x0000000010002608       0x4c /home/geffencooper/Model_Development/ai8x-synthesis/sdk/Libraries/PeriphDrivers/bin/MAX78000/softfp/libPeriphDriver_softfp.a(sys_ai85.o)
                0x0000000010002608                MXC_SYS_Reset_Periph
 .text.NVIC_SetRAM
                0x0000000010002654       0x24 /home/geffencooper/Model_Development/ai8x-synthesis/sdk/Libraries/PeriphDrivers/bin/MAX78000/softfp/libPeriphDriver_softfp.a(nvic_table.o)
                0x0000000010002654                NVIC_SetRAM
 .text.NVIC_SetVector
                0x0000000010002678       0x3c /home/geffencooper/Model_Development/ai8x-synthesis/sdk/Libraries/PeriphDrivers/bin/MAX78000/softfp/libPeriphDriver_softfp.a(nvic_table.o)
                0x0000000010002678                NVIC_SetVector
 .text.MXC_PCIF_Init
                0x00000000100026b4       0x68 /home/geffencooper/Model_Development/ai8x-synthesis/sdk/Libraries/PeriphDrivers/bin/MAX78000/softfp/libPeriphDriver_softfp.a(cameraif_ai85.o)
                0x00000000100026b4                MXC_PCIF_Init
 .text.MXC_PCIF_SetDataWidth
                0x000000001000271c        0xc /home/geffencooper/Model_Development/ai8x-synthesis/sdk/Libraries/PeriphDrivers/bin/MAX78000/softfp/libPeriphDriver_softfp.a(cameraif_ai85.o)
                0x000000001000271c                MXC_PCIF_SetDataWidth
 .text.MXC_PCIF_SetTimingSel
                0x0000000010002728        0xc /home/geffencooper/Model_Development/ai8x-synthesis/sdk/Libraries/PeriphDrivers/bin/MAX78000/softfp/libPeriphDriver_softfp.a(cameraif_ai85.o)
                0x0000000010002728                MXC_PCIF_SetTimingSel
 .text.MXC_PCIF_SetThreshold
                0x0000000010002734        0xc /home/geffencooper/Model_Development/ai8x-synthesis/sdk/Libraries/PeriphDrivers/bin/MAX78000/softfp/libPeriphDriver_softfp.a(cameraif_ai85.o)
                0x0000000010002734                MXC_PCIF_SetThreshold
 .text.MXC_PCIF_EnableInt
                0x0000000010002740        0xc /home/geffencooper/Model_Development/ai8x-synthesis/sdk/Libraries/PeriphDrivers/bin/MAX78000/softfp/libPeriphDriver_softfp.a(cameraif_ai85.o)
                0x0000000010002740                MXC_PCIF_EnableInt
 .text.MXC_PCIF_DisableInt
                0x000000001000274c        0xc /home/geffencooper/Model_Development/ai8x-synthesis/sdk/Libraries/PeriphDrivers/bin/MAX78000/softfp/libPeriphDriver_softfp.a(cameraif_ai85.o)
                0x000000001000274c                MXC_PCIF_DisableInt
 .text.MXC_PCIF_Start
                0x0000000010002758        0xc /home/geffencooper/Model_Development/ai8x-synthesis/sdk/Libraries/PeriphDrivers/bin/MAX78000/softfp/libPeriphDriver_softfp.a(cameraif_ai85.o)
                0x0000000010002758                MXC_PCIF_Start
 .text.MXC_PCIF_RevA_SetDatawidth
                0x0000000010002764       0x12 /home/geffencooper/Model_Development/ai8x-synthesis/sdk/Libraries/PeriphDrivers/bin/MAX78000/softfp/libPeriphDriver_softfp.a(cameraif_reva.o)
                0x0000000010002764                MXC_PCIF_RevA_SetDatawidth
 .text.MXC_PCIF_RevA_SetTimingSel
                0x0000000010002776       0x12 /home/geffencooper/Model_Development/ai8x-synthesis/sdk/Libraries/PeriphDrivers/bin/MAX78000/softfp/libPeriphDriver_softfp.a(cameraif_reva.o)
                0x0000000010002776                MXC_PCIF_RevA_SetTimingSel
 .text.MXC_PCIF_RevA_SetThreshold
                0x0000000010002788       0x16 /home/geffencooper/Model_Development/ai8x-synthesis/sdk/Libraries/PeriphDrivers/bin/MAX78000/softfp/libPeriphDriver_softfp.a(cameraif_reva.o)
                0x0000000010002788                MXC_PCIF_RevA_SetThreshold
 .text.MXC_PCIF_RevA_EnableInt
                0x000000001000279e        0xc /home/geffencooper/Model_Development/ai8x-synthesis/sdk/Libraries/PeriphDrivers/bin/MAX78000/softfp/libPeriphDriver_softfp.a(cameraif_reva.o)
                0x000000001000279e                MXC_PCIF_RevA_EnableInt
 .text.MXC_PCIF_RevA_DisableInt
                0x00000000100027aa        0xe /home/geffencooper/Model_Development/ai8x-synthesis/sdk/Libraries/PeriphDrivers/bin/MAX78000/softfp/libPeriphDriver_softfp.a(cameraif_reva.o)
                0x00000000100027aa                MXC_PCIF_RevA_DisableInt
 .text.MXC_PCIF_RevA_Start
                0x00000000100027b8       0x14 /home/geffencooper/Model_Development/ai8x-synthesis/sdk/Libraries/PeriphDrivers/bin/MAX78000/softfp/libPeriphDriver_softfp.a(cameraif_reva.o)
                0x00000000100027b8                MXC_PCIF_RevA_Start
 .text.MXC_DMA_Init
                0x00000000100027cc       0x28 /home/geffencooper/Model_Development/ai8x-synthesis/sdk/Libraries/PeriphDrivers/bin/MAX78000/softfp/libPeriphDriver_softfp.a(dma_me17.o)
                0x00000000100027cc                MXC_DMA_Init
 .text.MXC_DMA_AcquireChannel
                0x00000000100027f4        0xc /home/geffencooper/Model_Development/ai8x-synthesis/sdk/Libraries/PeriphDrivers/bin/MAX78000/softfp/libPeriphDriver_softfp.a(dma_me17.o)
                0x00000000100027f4                MXC_DMA_AcquireChannel
 .text.MXC_DMA_SetCallback
                0x0000000010002800        0x4 /home/geffencooper/Model_Development/ai8x-synthesis/sdk/Libraries/PeriphDrivers/bin/MAX78000/softfp/libPeriphDriver_softfp.a(dma_me17.o)
                0x0000000010002800                MXC_DMA_SetCallback
 .text.MXC_DMA_ChannelClearFlags
                0x0000000010002804        0x4 /home/geffencooper/Model_Development/ai8x-synthesis/sdk/Libraries/PeriphDrivers/bin/MAX78000/softfp/libPeriphDriver_softfp.a(dma_me17.o)
                0x0000000010002804                MXC_DMA_ChannelClearFlags
 .text.MXC_DMA_Handler
                0x0000000010002808        0xc /home/geffencooper/Model_Development/ai8x-synthesis/sdk/Libraries/PeriphDrivers/bin/MAX78000/softfp/libPeriphDriver_softfp.a(dma_me17.o)
                0x0000000010002808                MXC_DMA_Handler
 .text.MXC_DMA_RevA_Init
                0x0000000010002814       0x8c /home/geffencooper/Model_Development/ai8x-synthesis/sdk/Libraries/PeriphDrivers/bin/MAX78000/softfp/libPeriphDriver_softfp.a(dma_reva.o)
                0x0000000010002814                MXC_DMA_RevA_Init
 .text.MXC_DMA_RevA_AcquireChannel
                0x00000000100028a0       0x6c /home/geffencooper/Model_Development/ai8x-synthesis/sdk/Libraries/PeriphDrivers/bin/MAX78000/softfp/libPeriphDriver_softfp.a(dma_reva.o)
                0x00000000100028a0                MXC_DMA_RevA_AcquireChannel
 .text.MXC_DMA_RevA_SetCallback
                0x000000001000290c       0x20 /home/geffencooper/Model_Development/ai8x-synthesis/sdk/Libraries/PeriphDrivers/bin/MAX78000/softfp/libPeriphDriver_softfp.a(dma_reva.o)
                0x000000001000290c                MXC_DMA_RevA_SetCallback
 .text.MXC_DMA_RevA_ChannelGetFlags
                0x000000001000292c       0x20 /home/geffencooper/Model_Development/ai8x-synthesis/sdk/Libraries/PeriphDrivers/bin/MAX78000/softfp/libPeriphDriver_softfp.a(dma_reva.o)
                0x000000001000292c                MXC_DMA_RevA_ChannelGetFlags
 .text.MXC_DMA_RevA_ChannelClearFlags
                0x000000001000294c       0x2c /home/geffencooper/Model_Development/ai8x-synthesis/sdk/Libraries/PeriphDrivers/bin/MAX78000/softfp/libPeriphDriver_softfp.a(dma_reva.o)
                0x000000001000294c                MXC_DMA_RevA_ChannelClearFlags
 .text.MXC_DMA_RevA_Handler
                0x0000000010002978       0x64 /home/geffencooper/Model_Development/ai8x-synthesis/sdk/Libraries/PeriphDrivers/bin/MAX78000/softfp/libPeriphDriver_softfp.a(dma_reva.o)
                0x0000000010002978                MXC_DMA_RevA_Handler
 .text.MXC_GPIO_Init
                0x00000000100029dc       0x22 /home/geffencooper/Model_Development/ai8x-synthesis/sdk/Libraries/PeriphDrivers/bin/MAX78000/softfp/libPeriphDriver_softfp.a(gpio_ai85.o)
                0x00000000100029dc                MXC_GPIO_Init
 *fill*         0x00000000100029fe        0x2 
 .text.MXC_GPIO_Config
                0x0000000010002a00      0x1e4 /home/geffencooper/Model_Development/ai8x-synthesis/sdk/Libraries/PeriphDrivers/bin/MAX78000/softfp/libPeriphDriver_softfp.a(gpio_ai85.o)
                0x0000000010002a00                MXC_GPIO_Config
 .text.MXC_GPIO_OutSet
                0x0000000010002be4       0x34 /home/geffencooper/Model_Development/ai8x-synthesis/sdk/Libraries/PeriphDrivers/bin/MAX78000/softfp/libPeriphDriver_softfp.a(gpio_ai85.o)
                0x0000000010002be4                MXC_GPIO_OutSet
 .text.MXC_GPIO_OutClr
                0x0000000010002c18       0x34 /home/geffencooper/Model_Development/ai8x-synthesis/sdk/Libraries/PeriphDrivers/bin/MAX78000/softfp/libPeriphDriver_softfp.a(gpio_ai85.o)
                0x0000000010002c18                MXC_GPIO_OutClr
 .text.MXC_GPIO_Handler
                0x0000000010002c4c        0x4 /home/geffencooper/Model_Development/ai8x-synthesis/sdk/Libraries/PeriphDrivers/bin/MAX78000/softfp/libPeriphDriver_softfp.a(gpio_ai85.o)
                0x0000000010002c4c                MXC_GPIO_Handler
 .text.MXC_GPIO_ClearFlags
                0x0000000010002c50        0x4 /home/geffencooper/Model_Development/ai8x-synthesis/sdk/Libraries/PeriphDrivers/bin/MAX78000/softfp/libPeriphDriver_softfp.a(gpio_ai85.o)
                0x0000000010002c50                MXC_GPIO_ClearFlags
 .text.MXC_GPIO_GetFlags
                0x0000000010002c54        0x4 /home/geffencooper/Model_Development/ai8x-synthesis/sdk/Libraries/PeriphDrivers/bin/MAX78000/softfp/libPeriphDriver_softfp.a(gpio_ai85.o)
                0x0000000010002c54                MXC_GPIO_GetFlags
 .text.MXC_GPIO_SetVSSEL
                0x0000000010002c58        0x4 /home/geffencooper/Model_Development/ai8x-synthesis/sdk/Libraries/PeriphDrivers/bin/MAX78000/softfp/libPeriphDriver_softfp.a(gpio_ai85.o)
                0x0000000010002c58                MXC_GPIO_SetVSSEL
 .text.MXC_GPIO_RevA_OutSet
                0x0000000010002c5c        0x4 /home/geffencooper/Model_Development/ai8x-synthesis/sdk/Libraries/PeriphDrivers/bin/MAX78000/softfp/libPeriphDriver_softfp.a(gpio_reva.o)
                0x0000000010002c5c                MXC_GPIO_RevA_OutSet
 .text.MXC_GPIO_RevA_OutClr
                0x0000000010002c60        0x4 /home/geffencooper/Model_Development/ai8x-synthesis/sdk/Libraries/PeriphDrivers/bin/MAX78000/softfp/libPeriphDriver_softfp.a(gpio_reva.o)
                0x0000000010002c60                MXC_GPIO_RevA_OutClr
 .text.MXC_GPIO_RevA_ClearFlags
                0x0000000010002c64        0x4 /home/geffencooper/Model_Development/ai8x-synthesis/sdk/Libraries/PeriphDrivers/bin/MAX78000/softfp/libPeriphDriver_softfp.a(gpio_reva.o)
                0x0000000010002c64                MXC_GPIO_RevA_ClearFlags
 .text.MXC_GPIO_RevA_GetFlags
                0x0000000010002c68        0x4 /home/geffencooper/Model_Development/ai8x-synthesis/sdk/Libraries/PeriphDrivers/bin/MAX78000/softfp/libPeriphDriver_softfp.a(gpio_reva.o)
                0x0000000010002c68                MXC_GPIO_RevA_GetFlags
 .text.MXC_GPIO_RevA_SetVSSEL
                0x0000000010002c6c       0x24 /home/geffencooper/Model_Development/ai8x-synthesis/sdk/Libraries/PeriphDrivers/bin/MAX78000/softfp/libPeriphDriver_softfp.a(gpio_reva.o)
                0x0000000010002c6c                MXC_GPIO_RevA_SetVSSEL
 .text.MXC_GPIO_RevA_SetAF
                0x0000000010002c90       0x40 /home/geffencooper/Model_Development/ai8x-synthesis/sdk/Libraries/PeriphDrivers/bin/MAX78000/softfp/libPeriphDriver_softfp.a(gpio_reva.o)
                0x0000000010002c90                MXC_GPIO_RevA_SetAF
 .text.MXC_ICC_Enable
                0x0000000010002cd0        0x4 /home/geffencooper/Model_Development/ai8x-synthesis/sdk/Libraries/PeriphDrivers/bin/MAX78000/softfp/libPeriphDriver_softfp.a(icc_me17.o)
                0x0000000010002cd0                MXC_ICC_Enable
 .text.MXC_ICC_RevA_Enable
                0x0000000010002cd4       0x30 /home/geffencooper/Model_Development/ai8x-synthesis/sdk/Libraries/PeriphDrivers/bin/MAX78000/softfp/libPeriphDriver_softfp.a(icc_reva.o)
                0x0000000010002cd4                MXC_ICC_RevA_Enable
 .text.MXC_PT_Init
                0x0000000010002d04       0x90 /home/geffencooper/Model_Development/ai8x-synthesis/sdk/Libraries/PeriphDrivers/bin/MAX78000/softfp/libPeriphDriver_softfp.a(pt_me17.o)
                0x0000000010002d04                MXC_PT_Init
 .text.MXC_PT_Config
                0x0000000010002d94       0x4c /home/geffencooper/Model_Development/ai8x-synthesis/sdk/Libraries/PeriphDrivers/bin/MAX78000/softfp/libPeriphDriver_softfp.a(pt_me17.o)
                0x0000000010002d94                MXC_PT_Config
 .text.MXC_PT_SqrWaveConfig
                0x0000000010002de0       0x20 /home/geffencooper/Model_Development/ai8x-synthesis/sdk/Libraries/PeriphDrivers/bin/MAX78000/softfp/libPeriphDriver_softfp.a(pt_me17.o)
                0x0000000010002de0                MXC_PT_SqrWaveConfig
 .text.MXC_PT_Start
                0x0000000010002e00        0xc /home/geffencooper/Model_Development/ai8x-synthesis/sdk/Libraries/PeriphDrivers/bin/MAX78000/softfp/libPeriphDriver_softfp.a(pt_me17.o)
                0x0000000010002e00                MXC_PT_Start
 .text.MXC_PT_IsActive
                0x0000000010002e0c        0xc /home/geffencooper/Model_Development/ai8x-synthesis/sdk/Libraries/PeriphDrivers/bin/MAX78000/softfp/libPeriphDriver_softfp.a(pt_me17.o)
                0x0000000010002e0c                MXC_PT_IsActive
 .text.MXC_PT_RevA_Init
                0x0000000010002e18        0xa /home/geffencooper/Model_Development/ai8x-synthesis/sdk/Libraries/PeriphDrivers/bin/MAX78000/softfp/libPeriphDriver_softfp.a(pt_reva.o)
                0x0000000010002e18                MXC_PT_RevA_Init
 *fill*         0x0000000010002e22        0x2 
 .text.MXC_PT_RevA_Config
                0x0000000010002e24       0xbc /home/geffencooper/Model_Development/ai8x-synthesis/sdk/Libraries/PeriphDrivers/bin/MAX78000/softfp/libPeriphDriver_softfp.a(pt_reva.o)
                0x0000000010002e24                MXC_PT_RevA_Config
 .text.MXC_PT_RevA_SqrWaveConfig
                0x0000000010002ee0       0x14 /home/geffencooper/Model_Development/ai8x-synthesis/sdk/Libraries/PeriphDrivers/bin/MAX78000/softfp/libPeriphDriver_softfp.a(pt_reva.o)
                0x0000000010002ee0                MXC_PT_RevA_SqrWaveConfig
 .text.MXC_PT_RevA_Start
                0x0000000010002ef4       0x10 /home/geffencooper/Model_Development/ai8x-synthesis/sdk/Libraries/PeriphDrivers/bin/MAX78000/softfp/libPeriphDriver_softfp.a(pt_reva.o)
                0x0000000010002ef4                MXC_PT_RevA_Start
 .text.MXC_PT_RevA_IsActive
                0x0000000010002f04        0xc /home/geffencooper/Model_Development/ai8x-synthesis/sdk/Libraries/PeriphDrivers/bin/MAX78000/softfp/libPeriphDriver_softfp.a(pt_reva.o)
                0x0000000010002f04                MXC_PT_RevA_IsActive
 .text.MXC_SPI_Init
                0x0000000010002f10      0x1b8 /home/geffencooper/Model_Development/ai8x-synthesis/sdk/Libraries/PeriphDrivers/bin/MAX78000/softfp/libPeriphDriver_softfp.a(spi_me17.o)
                0x0000000010002f10                MXC_SPI_Init
 .text.MXC_SPI_GetPeripheralClock
                0x00000000100030c8       0x74 /home/geffencooper/Model_Development/ai8x-synthesis/sdk/Libraries/PeriphDrivers/bin/MAX78000/softfp/libPeriphDriver_softfp.a(spi_me17.o)
                0x00000000100030c8                MXC_SPI_GetPeripheralClock
 .text.MXC_SPI_SetFrequency
                0x000000001000313c        0x4 /home/geffencooper/Model_Development/ai8x-synthesis/sdk/Libraries/PeriphDrivers/bin/MAX78000/softfp/libPeriphDriver_softfp.a(spi_me17.o)
                0x000000001000313c                MXC_SPI_SetFrequency
 .text.MXC_SPI_SetDataSize
                0x0000000010003140        0x4 /home/geffencooper/Model_Development/ai8x-synthesis/sdk/Libraries/PeriphDrivers/bin/MAX78000/softfp/libPeriphDriver_softfp.a(spi_me17.o)
                0x0000000010003140                MXC_SPI_SetDataSize
 .text.MXC_SPI_SetWidth
                0x0000000010003144        0x4 /home/geffencooper/Model_Development/ai8x-synthesis/sdk/Libraries/PeriphDrivers/bin/MAX78000/softfp/libPeriphDriver_softfp.a(spi_me17.o)
                0x0000000010003144                MXC_SPI_SetWidth
 .text.MXC_SPI_RevA_Init
                0x0000000010003148       0xd0 /home/geffencooper/Model_Development/ai8x-synthesis/sdk/Libraries/PeriphDrivers/bin/MAX78000/softfp/libPeriphDriver_softfp.a(spi_reva.o)
                0x0000000010003148                MXC_SPI_RevA_Init
 .text.MXC_SPI_RevA_SetFrequency
                0x0000000010003218       0x70 /home/geffencooper/Model_Development/ai8x-synthesis/sdk/Libraries/PeriphDrivers/bin/MAX78000/softfp/libPeriphDriver_softfp.a(spi_reva.o)
                0x0000000010003218                MXC_SPI_RevA_SetFrequency
 .text.MXC_SPI_RevA_SetDataSize
                0x0000000010003288       0x94 /home/geffencooper/Model_Development/ai8x-synthesis/sdk/Libraries/PeriphDrivers/bin/MAX78000/softfp/libPeriphDriver_softfp.a(spi_reva.o)
                0x0000000010003288                MXC_SPI_RevA_SetDataSize
 .text.MXC_SPI_RevA_SetWidth
                0x000000001000331c       0x60 /home/geffencooper/Model_Development/ai8x-synthesis/sdk/Libraries/PeriphDrivers/bin/MAX78000/softfp/libPeriphDriver_softfp.a(spi_reva.o)
                0x000000001000331c                MXC_SPI_RevA_SetWidth
 .text.MXC_UART_GetFrequency.part.0
                0x000000001000337c       0x54 /home/geffencooper/Model_Development/ai8x-synthesis/sdk/Libraries/PeriphDrivers/bin/MAX78000/softfp/libPeriphDriver_softfp.a(uart_ai85.o)
 .text.MXC_UART_Shutdown
                0x00000000100033d0       0x60 /home/geffencooper/Model_Development/ai8x-synthesis/sdk/Libraries/PeriphDrivers/bin/MAX78000/softfp/libPeriphDriver_softfp.a(uart_ai85.o)
                0x00000000100033d0                MXC_UART_Shutdown
 .text.MXC_UART_Init
                0x0000000010003430       0x98 /home/geffencooper/Model_Development/ai8x-synthesis/sdk/Libraries/PeriphDrivers/bin/MAX78000/softfp/libPeriphDriver_softfp.a(uart_ai85.o)
                0x0000000010003430                MXC_UART_Init
 .text.MXC_UART_SetFrequency
                0x00000000100034c8       0xb8 /home/geffencooper/Model_Development/ai8x-synthesis/sdk/Libraries/PeriphDrivers/bin/MAX78000/softfp/libPeriphDriver_softfp.a(uart_ai85.o)
                0x00000000100034c8                MXC_UART_SetFrequency
 .text.MXC_UART_GetFrequency
                0x0000000010003580       0x30 /home/geffencooper/Model_Development/ai8x-synthesis/sdk/Libraries/PeriphDrivers/bin/MAX78000/softfp/libPeriphDriver_softfp.a(uart_ai85.o)
                0x0000000010003580                MXC_UART_GetFrequency
 .text.MXC_UART_SetDataSize
                0x00000000100035b0        0x4 /home/geffencooper/Model_Development/ai8x-synthesis/sdk/Libraries/PeriphDrivers/bin/MAX78000/softfp/libPeriphDriver_softfp.a(uart_ai85.o)
                0x00000000100035b0                MXC_UART_SetDataSize
 .text.MXC_UART_SetStopBits
                0x00000000100035b4        0x4 /home/geffencooper/Model_Development/ai8x-synthesis/sdk/Libraries/PeriphDrivers/bin/MAX78000/softfp/libPeriphDriver_softfp.a(uart_ai85.o)
                0x00000000100035b4                MXC_UART_SetStopBits
 .text.MXC_UART_SetParity
                0x00000000100035b8        0x4 /home/geffencooper/Model_Development/ai8x-synthesis/sdk/Libraries/PeriphDrivers/bin/MAX78000/softfp/libPeriphDriver_softfp.a(uart_ai85.o)
                0x00000000100035b8                MXC_UART_SetParity
 .text.MXC_UART_ReadCharacterRaw
                0x00000000100035bc        0x4 /home/geffencooper/Model_Development/ai8x-synthesis/sdk/Libraries/PeriphDrivers/bin/MAX78000/softfp/libPeriphDriver_softfp.a(uart_ai85.o)
                0x00000000100035bc                MXC_UART_ReadCharacterRaw
 .text.MXC_UART_WriteCharacterRaw
                0x00000000100035c0        0x4 /home/geffencooper/Model_Development/ai8x-synthesis/sdk/Libraries/PeriphDrivers/bin/MAX78000/softfp/libPeriphDriver_softfp.a(uart_ai85.o)
                0x00000000100035c0                MXC_UART_WriteCharacterRaw
 .text.MXC_UART_ReadCharacter
                0x00000000100035c4        0x4 /home/geffencooper/Model_Development/ai8x-synthesis/sdk/Libraries/PeriphDrivers/bin/MAX78000/softfp/libPeriphDriver_softfp.a(uart_ai85.o)
                0x00000000100035c4                MXC_UART_ReadCharacter
 .text.MXC_UART_WriteCharacter
                0x00000000100035c8        0x4 /home/geffencooper/Model_Development/ai8x-synthesis/sdk/Libraries/PeriphDrivers/bin/MAX78000/softfp/libPeriphDriver_softfp.a(uart_ai85.o)
                0x00000000100035c8                MXC_UART_WriteCharacter
 .text.MXC_UART_GetRXFIFOAvailable
                0x00000000100035cc        0x4 /home/geffencooper/Model_Development/ai8x-synthesis/sdk/Libraries/PeriphDrivers/bin/MAX78000/softfp/libPeriphDriver_softfp.a(uart_ai85.o)
                0x00000000100035cc                MXC_UART_GetRXFIFOAvailable
 .text.MXC_UART_GetTXFIFOAvailable
                0x00000000100035d0        0x4 /home/geffencooper/Model_Development/ai8x-synthesis/sdk/Libraries/PeriphDrivers/bin/MAX78000/softfp/libPeriphDriver_softfp.a(uart_ai85.o)
                0x00000000100035d0                MXC_UART_GetTXFIFOAvailable
 .text.MXC_UART_SetRXThreshold
                0x00000000100035d4        0x4 /home/geffencooper/Model_Development/ai8x-synthesis/sdk/Libraries/PeriphDrivers/bin/MAX78000/softfp/libPeriphDriver_softfp.a(uart_ai85.o)
                0x00000000100035d4                MXC_UART_SetRXThreshold
 .text.MXC_UART_Common_ReadCharacter
                0x00000000100035d8       0x18 /home/geffencooper/Model_Development/ai8x-synthesis/sdk/Libraries/PeriphDrivers/bin/MAX78000/softfp/libPeriphDriver_softfp.a(uart_common.o)
                0x00000000100035d8                MXC_UART_Common_ReadCharacter
 .text.MXC_UART_Common_WriteCharacter
                0x00000000100035f0       0x1e /home/geffencooper/Model_Development/ai8x-synthesis/sdk/Libraries/PeriphDrivers/bin/MAX78000/softfp/libPeriphDriver_softfp.a(uart_common.o)
                0x00000000100035f0                MXC_UART_Common_WriteCharacter
 *fill*         0x000000001000360e        0x2 
 .text.MXC_UART_RevB_Init
                0x0000000010003610       0x68 /home/geffencooper/Model_Development/ai8x-synthesis/sdk/Libraries/PeriphDrivers/bin/MAX78000/softfp/libPeriphDriver_softfp.a(uart_revb.o)
                0x0000000010003610                MXC_UART_RevB_Init
 .text.MXC_UART_RevB_SetFrequency
                0x0000000010003678       0x88 /home/geffencooper/Model_Development/ai8x-synthesis/sdk/Libraries/PeriphDrivers/bin/MAX78000/softfp/libPeriphDriver_softfp.a(uart_revb.o)
                0x0000000010003678                MXC_UART_RevB_SetFrequency
 .text.MXC_UART_RevB_GetFrequency
                0x0000000010003700       0x68 /home/geffencooper/Model_Development/ai8x-synthesis/sdk/Libraries/PeriphDrivers/bin/MAX78000/softfp/libPeriphDriver_softfp.a(uart_revb.o)
                0x0000000010003700                MXC_UART_RevB_GetFrequency
 .text.MXC_UART_RevB_SetDataSize
                0x0000000010003768       0x40 /home/geffencooper/Model_Development/ai8x-synthesis/sdk/Libraries/PeriphDrivers/bin/MAX78000/softfp/libPeriphDriver_softfp.a(uart_revb.o)
                0x0000000010003768                MXC_UART_RevB_SetDataSize
 .text.MXC_UART_RevB_SetStopBits
                0x00000000100037a8       0x44 /home/geffencooper/Model_Development/ai8x-synthesis/sdk/Libraries/PeriphDrivers/bin/MAX78000/softfp/libPeriphDriver_softfp.a(uart_revb.o)
                0x00000000100037a8                MXC_UART_RevB_SetStopBits
 .text.MXC_UART_RevB_SetParity
                0x00000000100037ec       0x94 /home/geffencooper/Model_Development/ai8x-synthesis/sdk/Libraries/PeriphDrivers/bin/MAX78000/softfp/libPeriphDriver_softfp.a(uart_revb.o)
                0x00000000100037ec                MXC_UART_RevB_SetParity
 .text.MXC_UART_RevB_ReadCharacterRaw
                0x0000000010003880       0x38 /home/geffencooper/Model_Development/ai8x-synthesis/sdk/Libraries/PeriphDrivers/bin/MAX78000/softfp/libPeriphDriver_softfp.a(uart_revb.o)
                0x0000000010003880                MXC_UART_RevB_ReadCharacterRaw
 .text.MXC_UART_RevB_WriteCharacterRaw
                0x00000000100038b8       0x3c /home/geffencooper/Model_Development/ai8x-synthesis/sdk/Libraries/PeriphDrivers/bin/MAX78000/softfp/libPeriphDriver_softfp.a(uart_revb.o)
                0x00000000100038b8                MXC_UART_RevB_WriteCharacterRaw
 .text.MXC_UART_RevB_GetRXFIFOAvailable
                0x00000000100038f4        0x8 /home/geffencooper/Model_Development/ai8x-synthesis/sdk/Libraries/PeriphDrivers/bin/MAX78000/softfp/libPeriphDriver_softfp.a(uart_revb.o)
                0x00000000100038f4                MXC_UART_RevB_GetRXFIFOAvailable
 .text.MXC_UART_RevB_GetTXFIFOAvailable
                0x00000000100038fc        0xc /home/geffencooper/Model_Development/ai8x-synthesis/sdk/Libraries/PeriphDrivers/bin/MAX78000/softfp/libPeriphDriver_softfp.a(uart_revb.o)
                0x00000000100038fc                MXC_UART_RevB_GetTXFIFOAvailable
 .text.MXC_UART_RevB_SetRXThreshold
                0x0000000010003908       0x3c /home/geffencooper/Model_Development/ai8x-synthesis/sdk/Libraries/PeriphDrivers/bin/MAX78000/softfp/libPeriphDriver_softfp.a(uart_revb.o)
                0x0000000010003908                MXC_UART_RevB_SetRXThreshold
 .text.MXC_GetLock
                0x0000000010003944       0x1c /home/geffencooper/Model_Development/ai8x-synthesis/sdk/Libraries/PeriphDrivers/bin/MAX78000/softfp/libPeriphDriver_softfp.a(mxc_lock.o)
                0x0000000010003944                MXC_GetLock
 .text.MXC_FreeLock
                0x0000000010003960        0xa /home/geffencooper/Model_Development/ai8x-synthesis/sdk/Libraries/PeriphDrivers/bin/MAX78000/softfp/libPeriphDriver_softfp.a(mxc_lock.o)
                0x0000000010003960                MXC_FreeLock
 *fill*         0x000000001000396a        0x2 
 .text.MXC_GPIO_Common_Init
                0x000000001000396c       0x24 /home/geffencooper/Model_Development/ai8x-synthesis/sdk/Libraries/PeriphDrivers/bin/MAX78000/softfp/libPeriphDriver_softfp.a(gpio_common.o)
                0x000000001000396c                MXC_GPIO_Common_Init
 .text.MXC_GPIO_Common_Handler
                0x0000000010003990       0x84 /home/geffencooper/Model_Development/ai8x-synthesis/sdk/Libraries/PeriphDrivers/bin/MAX78000/softfp/libPeriphDriver_softfp.a(gpio_common.o)
                0x0000000010003990                MXC_GPIO_Common_Handler
 .text.__errno  0x0000000010003a14        0xc /home/geffencooper/gcc-arm-none-eabi-10.3-2021.10/bin/../lib/gcc/arm-none-eabi/10.3.1/../../../../arm-none-eabi/lib/thumb/v7e-m+fp/softfp/libc.a(lib_a-errno.o)
                0x0000000010003a14                __errno
 .text.__libc_init_array
                0x0000000010003a20       0x48 /home/geffencooper/gcc-arm-none-eabi-10.3-2021.10/bin/../lib/gcc/arm-none-eabi/10.3.1/../../../../arm-none-eabi/lib/thumb/v7e-m+fp/softfp/libc.a(lib_a-init.o)
                0x0000000010003a20                __libc_init_array
 .text.malloc   0x0000000010003a68       0x10 /home/geffencooper/gcc-arm-none-eabi-10.3-2021.10/bin/../lib/gcc/arm-none-eabi/10.3.1/../../../../arm-none-eabi/lib/thumb/v7e-m+fp/softfp/libc.a(lib_a-malloc.o)
                0x0000000010003a68                malloc
 .text.free     0x0000000010003a78       0x10 /home/geffencooper/gcc-arm-none-eabi-10.3-2021.10/bin/../lib/gcc/arm-none-eabi/10.3.1/../../../../arm-none-eabi/lib/thumb/v7e-m+fp/softfp/libc.a(lib_a-malloc.o)
                0x0000000010003a78                free
 .text._malloc_r
                0x0000000010003a88      0x560 /home/geffencooper/gcc-arm-none-eabi-10.3-2021.10/bin/../lib/gcc/arm-none-eabi/10.3.1/../../../../arm-none-eabi/lib/thumb/v7e-m+fp/softfp/libc.a(lib_a-mallocr.o)
                0x0000000010003a88                _malloc_r
 .text          0x0000000010003fe8      0x134 /home/geffencooper/gcc-arm-none-eabi-10.3-2021.10/bin/../lib/gcc/arm-none-eabi/10.3.1/../../../../arm-none-eabi/lib/thumb/v7e-m+fp/softfp/libc.a(lib_a-memcpy.o)
                0x0000000010003fe8                memcpy
 .text.memset   0x000000001000411c       0xa4 /home/geffencooper/gcc-arm-none-eabi-10.3-2021.10/bin/../lib/gcc/arm-none-eabi/10.3.1/../../../../arm-none-eabi/lib/thumb/v7e-m+fp/softfp/libc.a(lib_a-memset.o)
                0x000000001000411c                memset
 .text.__malloc_lock
                0x00000000100041c0        0xc /home/geffencooper/gcc-arm-none-eabi-10.3-2021.10/bin/../lib/gcc/arm-none-eabi/10.3.1/../../../../arm-none-eabi/lib/thumb/v7e-m+fp/softfp/libc.a(lib_a-mlock.o)
                0x00000000100041c0                __malloc_lock
 .text.__malloc_unlock
                0x00000000100041cc        0xc /home/geffencooper/gcc-arm-none-eabi-10.3-2021.10/bin/../lib/gcc/arm-none-eabi/10.3.1/../../../../arm-none-eabi/lib/thumb/v7e-m+fp/softfp/libc.a(lib_a-mlock.o)
                0x00000000100041cc                __malloc_unlock
 .text.printf   0x00000000100041d8       0x28 /home/geffencooper/gcc-arm-none-eabi-10.3-2021.10/bin/../lib/gcc/arm-none-eabi/10.3.1/../../../../arm-none-eabi/lib/thumb/v7e-m+fp/softfp/libc.a(lib_a-printf.o)
                0x00000000100041d8                printf
 .text._puts_r  0x0000000010004200       0x9c /home/geffencooper/gcc-arm-none-eabi-10.3-2021.10/bin/../lib/gcc/arm-none-eabi/10.3.1/../../../../arm-none-eabi/lib/thumb/v7e-m+fp/softfp/libc.a(lib_a-puts.o)
                0x0000000010004200                _puts_r
 .text.puts     0x000000001000429c       0x10 /home/geffencooper/gcc-arm-none-eabi-10.3-2021.10/bin/../lib/gcc/arm-none-eabi/10.3.1/../../../../arm-none-eabi/lib/thumb/v7e-m+fp/softfp/libc.a(lib_a-puts.o)
                0x000000001000429c                puts
 .text._sbrk_r  0x00000000100042ac       0x24 /home/geffencooper/gcc-arm-none-eabi-10.3-2021.10/bin/../lib/gcc/arm-none-eabi/10.3.1/../../../../arm-none-eabi/lib/thumb/v7e-m+fp/softfp/libc.a(lib_a-sbrkr.o)
                0x00000000100042ac                _sbrk_r
 .text.sprintf  0x00000000100042d0       0x40 /home/geffencooper/gcc-arm-none-eabi-10.3-2021.10/bin/../lib/gcc/arm-none-eabi/10.3.1/../../../../arm-none-eabi/lib/thumb/v7e-m+fp/softfp/libc.a(lib_a-sprintf.o)
                0x00000000100042d0                sprintf
 *fill*         0x0000000010004310       0x30 
 .text          0x0000000010004340       0xdc /home/geffencooper/gcc-arm-none-eabi-10.3-2021.10/bin/../lib/gcc/arm-none-eabi/10.3.1/../../../../arm-none-eabi/lib/thumb/v7e-m+fp/softfp/libc.a(lib_a-strlen.o)
                0x0000000010004340                strlen
 *fill*         0x000000001000441c        0x4 
 .text._svfprintf_r
                0x0000000010004420     0x1ac8 /home/geffencooper/gcc-arm-none-eabi-10.3-2021.10/bin/../lib/gcc/arm-none-eabi/10.3.1/../../../../arm-none-eabi/lib/thumb/v7e-m+fp/softfp/libc.a(lib_a-svfprintf.o)
                0x0000000010004420                _svfprintf_r
 .text._vfprintf_r
                0x0000000010005ee8     0x1b8c /home/geffencooper/gcc-arm-none-eabi-10.3-2021.10/bin/../lib/gcc/arm-none-eabi/10.3.1/../../../../arm-none-eabi/lib/thumb/v7e-m+fp/softfp/libc.a(lib_a-vfprintf.o)
                0x0000000010005ee8                _vfprintf_r
 .text.__sbprintf
                0x0000000010007a74       0x80 /home/geffencooper/gcc-arm-none-eabi-10.3-2021.10/bin/../lib/gcc/arm-none-eabi/10.3.1/../../../../arm-none-eabi/lib/thumb/v7e-m+fp/softfp/libc.a(lib_a-vfprintf.o)
 .text.__swsetup_r
                0x0000000010007af4       0xd4 /home/geffencooper/gcc-arm-none-eabi-10.3-2021.10/bin/../lib/gcc/arm-none-eabi/10.3.1/../../../../arm-none-eabi/lib/thumb/v7e-m+fp/softfp/libc.a(lib_a-wsetup.o)
                0x0000000010007af4                __swsetup_r
 .text.startup.register_fini
                0x0000000010007bc8       0x14 /home/geffencooper/gcc-arm-none-eabi-10.3-2021.10/bin/../lib/gcc/arm-none-eabi/10.3.1/../../../../arm-none-eabi/lib/thumb/v7e-m+fp/softfp/libc.a(lib_a-__call_atexit.o)
 .text.atexit   0x0000000010007bdc        0xc /home/geffencooper/gcc-arm-none-eabi-10.3-2021.10/bin/../lib/gcc/arm-none-eabi/10.3.1/../../../../arm-none-eabi/lib/thumb/v7e-m+fp/softfp/libc.a(lib_a-atexit.o)
                0x0000000010007bdc                atexit
 .text.quorem   0x0000000010007be8      0x128 /home/geffencooper/gcc-arm-none-eabi-10.3-2021.10/bin/../lib/gcc/arm-none-eabi/10.3.1/../../../../arm-none-eabi/lib/thumb/v7e-m+fp/softfp/libc.a(lib_a-dtoa.o)
 .text._dtoa_r  0x0000000010007d10      0xf34 /home/geffencooper/gcc-arm-none-eabi-10.3-2021.10/bin/../lib/gcc/arm-none-eabi/10.3.1/../../../../arm-none-eabi/lib/thumb/v7e-m+fp/softfp/libc.a(lib_a-dtoa.o)
                0x0000000010007d10                _dtoa_r
 .text.__sflush_r
                0x0000000010008c44      0x130 /home/geffencooper/gcc-arm-none-eabi-10.3-2021.10/bin/../lib/gcc/arm-none-eabi/10.3.1/../../../../arm-none-eabi/lib/thumb/v7e-m+fp/softfp/libc.a(lib_a-fflush.o)
                0x0000000010008c44                __sflush_r
 .text._fflush_r
                0x0000000010008d74       0x5c /home/geffencooper/gcc-arm-none-eabi-10.3-2021.10/bin/../lib/gcc/arm-none-eabi/10.3.1/../../../../arm-none-eabi/lib/thumb/v7e-m+fp/softfp/libc.a(lib_a-fflush.o)
                0x0000000010008d74                _fflush_r
 .text._cleanup_r
                0x0000000010008dd0        0xc /home/geffencooper/gcc-arm-none-eabi-10.3-2021.10/bin/../lib/gcc/arm-none-eabi/10.3.1/../../../../arm-none-eabi/lib/thumb/v7e-m+fp/softfp/libc.a(lib_a-findfp.o)
                0x0000000010008dd0                _cleanup_r
 .text.__sinit  0x0000000010008ddc      0x10c /home/geffencooper/gcc-arm-none-eabi-10.3-2021.10/bin/../lib/gcc/arm-none-eabi/10.3.1/../../../../arm-none-eabi/lib/thumb/v7e-m+fp/softfp/libc.a(lib_a-findfp.o)
                0x0000000010008ddc                __sinit
 .text.__sfp_lock_acquire
                0x0000000010008ee8        0xc /home/geffencooper/gcc-arm-none-eabi-10.3-2021.10/bin/../lib/gcc/arm-none-eabi/10.3.1/../../../../arm-none-eabi/lib/thumb/v7e-m+fp/softfp/libc.a(lib_a-findfp.o)
                0x0000000010008ee8                __sfp_lock_acquire
 .text.__sfp_lock_release
                0x0000000010008ef4        0xc /home/geffencooper/gcc-arm-none-eabi-10.3-2021.10/bin/../lib/gcc/arm-none-eabi/10.3.1/../../../../arm-none-eabi/lib/thumb/v7e-m+fp/softfp/libc.a(lib_a-findfp.o)
                0x0000000010008ef4                __sfp_lock_release
 .text.__libc_fini_array
                0x0000000010008f00       0x2c /home/geffencooper/gcc-arm-none-eabi-10.3-2021.10/bin/../lib/gcc/arm-none-eabi/10.3.1/../../../../arm-none-eabi/lib/thumb/v7e-m+fp/softfp/libc.a(lib_a-fini.o)
                0x0000000010008f00                __libc_fini_array
 .text._malloc_trim_r
                0x0000000010008f2c       0xa0 /home/geffencooper/gcc-arm-none-eabi-10.3-2021.10/bin/../lib/gcc/arm-none-eabi/10.3.1/../../../../arm-none-eabi/lib/thumb/v7e-m+fp/softfp/libc.a(lib_a-freer.o)
                0x0000000010008f2c                _malloc_trim_r
 .text._free_r  0x0000000010008fcc      0x20c /home/geffencooper/gcc-arm-none-eabi-10.3-2021.10/bin/../lib/gcc/arm-none-eabi/10.3.1/../../../../arm-none-eabi/lib/thumb/v7e-m+fp/softfp/libc.a(lib_a-freer.o)
                0x0000000010008fcc                _free_r
 .text.__sfvwrite_r
                0x00000000100091d8      0x2f0 /home/geffencooper/gcc-arm-none-eabi-10.3-2021.10/bin/../lib/gcc/arm-none-eabi/10.3.1/../../../../arm-none-eabi/lib/thumb/v7e-m+fp/softfp/libc.a(lib_a-fvwrite.o)
                0x00000000100091d8                __sfvwrite_r
 .text._fwalk_reent
                0x00000000100094c8       0x48 /home/geffencooper/gcc-arm-none-eabi-10.3-2021.10/bin/../lib/gcc/arm-none-eabi/10.3.1/../../../../arm-none-eabi/lib/thumb/v7e-m+fp/softfp/libc.a(lib_a-fwalk.o)
                0x00000000100094c8                _fwalk_reent
 .text._localeconv_r
                0x0000000010009510        0x8 /home/geffencooper/gcc-arm-none-eabi-10.3-2021.10/bin/../lib/gcc/arm-none-eabi/10.3.1/../../../../arm-none-eabi/lib/thumb/v7e-m+fp/softfp/libc.a(lib_a-localeconv.o)
                0x0000000010009510                _localeconv_r
 .text.__retarget_lock_init_recursive
                0x0000000010009518        0x4 /home/geffencooper/gcc-arm-none-eabi-10.3-2021.10/bin/../lib/gcc/arm-none-eabi/10.3.1/../../../../arm-none-eabi/lib/thumb/v7e-m+fp/softfp/libc.a(lib_a-lock.o)
                0x0000000010009518                __retarget_lock_init_recursive
 .text.__retarget_lock_close_recursive
                0x000000001000951c        0x4 /home/geffencooper/gcc-arm-none-eabi-10.3-2021.10/bin/../lib/gcc/arm-none-eabi/10.3.1/../../../../arm-none-eabi/lib/thumb/v7e-m+fp/softfp/libc.a(lib_a-lock.o)
                0x000000001000951c                __retarget_lock_close_recursive
 .text.__retarget_lock_acquire_recursive
                0x0000000010009520        0x4 /home/geffencooper/gcc-arm-none-eabi-10.3-2021.10/bin/../lib/gcc/arm-none-eabi/10.3.1/../../../../arm-none-eabi/lib/thumb/v7e-m+fp/softfp/libc.a(lib_a-lock.o)
                0x0000000010009520                __retarget_lock_acquire_recursive
 .text.__retarget_lock_release_recursive
                0x0000000010009524        0x4 /home/geffencooper/gcc-arm-none-eabi-10.3-2021.10/bin/../lib/gcc/arm-none-eabi/10.3.1/../../../../arm-none-eabi/lib/thumb/v7e-m+fp/softfp/libc.a(lib_a-lock.o)
                0x0000000010009524                __retarget_lock_release_recursive
 .text.__smakebuf_r
                0x0000000010009528       0xe0 /home/geffencooper/gcc-arm-none-eabi-10.3-2021.10/bin/../lib/gcc/arm-none-eabi/10.3.1/../../../../arm-none-eabi/lib/thumb/v7e-m+fp/softfp/libc.a(lib_a-makebuf.o)
                0x0000000010009528                __smakebuf_r
 *fill*         0x0000000010009608        0x8 
 .text          0x0000000010009610       0xa0 /home/geffencooper/gcc-arm-none-eabi-10.3-2021.10/bin/../lib/gcc/arm-none-eabi/10.3.1/../../../../arm-none-eabi/lib/thumb/v7e-m+fp/softfp/libc.a(lib_a-memchr.o)
                0x0000000010009610                memchr
 .text.memmove  0x00000000100096b0       0xf8 /home/geffencooper/gcc-arm-none-eabi-10.3-2021.10/bin/../lib/gcc/arm-none-eabi/10.3.1/../../../../arm-none-eabi/lib/thumb/v7e-m+fp/softfp/libc.a(lib_a-memmove.o)
                0x00000000100096b0                memmove
 .text._Balloc  0x00000000100097a8       0x4c /home/geffencooper/gcc-arm-none-eabi-10.3-2021.10/bin/../lib/gcc/arm-none-eabi/10.3.1/../../../../arm-none-eabi/lib/thumb/v7e-m+fp/softfp/libc.a(lib_a-mprec.o)
                0x00000000100097a8                _Balloc
 .text._Bfree   0x00000000100097f4       0x14 /home/geffencooper/gcc-arm-none-eabi-10.3-2021.10/bin/../lib/gcc/arm-none-eabi/10.3.1/../../../../arm-none-eabi/lib/thumb/v7e-m+fp/softfp/libc.a(lib_a-mprec.o)
                0x00000000100097f4                _Bfree
 .text.__multadd
                0x0000000010009808       0xa8 /home/geffencooper/gcc-arm-none-eabi-10.3-2021.10/bin/../lib/gcc/arm-none-eabi/10.3.1/../../../../arm-none-eabi/lib/thumb/v7e-m+fp/softfp/libc.a(lib_a-mprec.o)
                0x0000000010009808                __multadd
 .text.__hi0bits
                0x00000000100098b0       0x40 /home/geffencooper/gcc-arm-none-eabi-10.3-2021.10/bin/../lib/gcc/arm-none-eabi/10.3.1/../../../../arm-none-eabi/lib/thumb/v7e-m+fp/softfp/libc.a(lib_a-mprec.o)
                0x00000000100098b0                __hi0bits
 .text.__lo0bits
                0x00000000100098f0       0x60 /home/geffencooper/gcc-arm-none-eabi-10.3-2021.10/bin/../lib/gcc/arm-none-eabi/10.3.1/../../../../arm-none-eabi/lib/thumb/v7e-m+fp/softfp/libc.a(lib_a-mprec.o)
                0x00000000100098f0                __lo0bits
 .text.__i2b    0x0000000010009950       0x5c /home/geffencooper/gcc-arm-none-eabi-10.3-2021.10/bin/../lib/gcc/arm-none-eabi/10.3.1/../../../../arm-none-eabi/lib/thumb/v7e-m+fp/softfp/libc.a(lib_a-mprec.o)
                0x0000000010009950                __i2b
 .text.__multiply
                0x00000000100099ac      0x15c /home/geffencooper/gcc-arm-none-eabi-10.3-2021.10/bin/../lib/gcc/arm-none-eabi/10.3.1/../../../../arm-none-eabi/lib/thumb/v7e-m+fp/softfp/libc.a(lib_a-mprec.o)
                0x00000000100099ac                __multiply
 .text.__pow5mult
                0x0000000010009b08       0xc0 /home/geffencooper/gcc-arm-none-eabi-10.3-2021.10/bin/../lib/gcc/arm-none-eabi/10.3.1/../../../../arm-none-eabi/lib/thumb/v7e-m+fp/softfp/libc.a(lib_a-mprec.o)
                0x0000000010009b08                __pow5mult
 .text.__lshift
                0x0000000010009bc8       0xf0 /home/geffencooper/gcc-arm-none-eabi-10.3-2021.10/bin/../lib/gcc/arm-none-eabi/10.3.1/../../../../arm-none-eabi/lib/thumb/v7e-m+fp/softfp/libc.a(lib_a-mprec.o)
                0x0000000010009bc8                __lshift
 .text.__mcmp   0x0000000010009cb8       0x44 /home/geffencooper/gcc-arm-none-eabi-10.3-2021.10/bin/../lib/gcc/arm-none-eabi/10.3.1/../../../../arm-none-eabi/lib/thumb/v7e-m+fp/softfp/libc.a(lib_a-mprec.o)
                0x0000000010009cb8                __mcmp
 .text.__mdiff  0x0000000010009cfc      0x14c /home/geffencooper/gcc-arm-none-eabi-10.3-2021.10/bin/../lib/gcc/arm-none-eabi/10.3.1/../../../../arm-none-eabi/lib/thumb/v7e-m+fp/softfp/libc.a(lib_a-mprec.o)
                0x0000000010009cfc                __mdiff
 .text.__d2b    0x0000000010009e48       0xc4 /home/geffencooper/gcc-arm-none-eabi-10.3-2021.10/bin/../lib/gcc/arm-none-eabi/10.3.1/../../../../arm-none-eabi/lib/thumb/v7e-m+fp/softfp/libc.a(lib_a-mprec.o)
                0x0000000010009e48                __d2b
 .text._realloc_r
                0x0000000010009f0c      0x3d8 /home/geffencooper/gcc-arm-none-eabi-10.3-2021.10/bin/../lib/gcc/arm-none-eabi/10.3.1/../../../../arm-none-eabi/lib/thumb/v7e-m+fp/softfp/libc.a(lib_a-reallocr.o)
                0x0000000010009f0c                _realloc_r
 .text.frexp    0x000000001000a2e4       0x70 /home/geffencooper/gcc-arm-none-eabi-10.3-2021.10/bin/../lib/gcc/arm-none-eabi/10.3.1/../../../../arm-none-eabi/lib/thumb/v7e-m+fp/softfp/libc.a(lib_a-s_frexp.o)
                0x000000001000a2e4                frexp
 .text.__sread  0x000000001000a354       0x24 /home/geffencooper/gcc-arm-none-eabi-10.3-2021.10/bin/../lib/gcc/arm-none-eabi/10.3.1/../../../../arm-none-eabi/lib/thumb/v7e-m+fp/softfp/libc.a(lib_a-stdio.o)
                0x000000001000a354                __sread
 .text.__swrite
                0x000000001000a378       0x40 /home/geffencooper/gcc-arm-none-eabi-10.3-2021.10/bin/../lib/gcc/arm-none-eabi/10.3.1/../../../../arm-none-eabi/lib/thumb/v7e-m+fp/softfp/libc.a(lib_a-stdio.o)
                0x000000001000a378                __swrite
 .text.__sseek  0x000000001000a3b8       0x20 /home/geffencooper/gcc-arm-none-eabi-10.3-2021.10/bin/../lib/gcc/arm-none-eabi/10.3.1/../../../../arm-none-eabi/lib/thumb/v7e-m+fp/softfp/libc.a(lib_a-stdio.o)
                0x000000001000a3b8                __sseek
 .text.__sclose
                0x000000001000a3d8        0x8 /home/geffencooper/gcc-arm-none-eabi-10.3-2021.10/bin/../lib/gcc/arm-none-eabi/10.3.1/../../../../arm-none-eabi/lib/thumb/v7e-m+fp/softfp/libc.a(lib_a-stdio.o)
                0x000000001000a3d8                __sclose
 .text.strncpy  0x000000001000a3e0       0x64 /home/geffencooper/gcc-arm-none-eabi-10.3-2021.10/bin/../lib/gcc/arm-none-eabi/10.3.1/../../../../arm-none-eabi/lib/thumb/v7e-m+fp/softfp/libc.a(lib_a-strncpy.o)
                0x000000001000a3e0                strncpy
 .text.__ssprint_r
                0x000000001000a444       0xf8 /home/geffencooper/gcc-arm-none-eabi-10.3-2021.10/bin/../lib/gcc/arm-none-eabi/10.3.1/../../../../arm-none-eabi/lib/thumb/v7e-m+fp/softfp/libc.a(lib_a-svfiprintf.o)
                0x000000001000a444                __ssprint_r
 .text.__sprint_r.part.0
                0x000000001000a53c       0x78 /home/geffencooper/gcc-arm-none-eabi-10.3-2021.10/bin/../lib/gcc/arm-none-eabi/10.3.1/../../../../arm-none-eabi/lib/thumb/v7e-m+fp/softfp/libc.a(lib_a-vfiprintf.o)
 .text.__sprint_r
                0x000000001000a5b4       0x18 /home/geffencooper/gcc-arm-none-eabi-10.3-2021.10/bin/../lib/gcc/arm-none-eabi/10.3.1/../../../../arm-none-eabi/lib/thumb/v7e-m+fp/softfp/libc.a(lib_a-vfiprintf.o)
                0x000000001000a5b4                __sprint_r
 .text._vfiprintf_r
                0x000000001000a5cc      0xdfc /home/geffencooper/gcc-arm-none-eabi-10.3-2021.10/bin/../lib/gcc/arm-none-eabi/10.3.1/../../../../arm-none-eabi/lib/thumb/v7e-m+fp/softfp/libc.a(lib_a-vfiprintf.o)
                0x000000001000a5cc                _vfiprintf_r
 .text.__sbprintf
                0x000000001000b3c8       0x80 /home/geffencooper/gcc-arm-none-eabi-10.3-2021.10/bin/../lib/gcc/arm-none-eabi/10.3.1/../../../../arm-none-eabi/lib/thumb/v7e-m+fp/softfp/libc.a(lib_a-vfiprintf.o)
 .text._write_r
                0x000000001000b448       0x2c /home/geffencooper/gcc-arm-none-eabi-10.3-2021.10/bin/../lib/gcc/arm-none-eabi/10.3.1/../../../../arm-none-eabi/lib/thumb/v7e-m+fp/softfp/libc.a(lib_a-writer.o)
                0x000000001000b448                _write_r
 .text.__register_exitproc
                0x000000001000b474       0x8c /home/geffencooper/gcc-arm-none-eabi-10.3-2021.10/bin/../lib/gcc/arm-none-eabi/10.3.1/../../../../arm-none-eabi/lib/thumb/v7e-m+fp/softfp/libc.a(lib_a-__atexit.o)
                0x000000001000b474                __register_exitproc
 .text.__assert_func
                0x000000001000b500       0x40 /home/geffencooper/gcc-arm-none-eabi-10.3-2021.10/bin/../lib/gcc/arm-none-eabi/10.3.1/../../../../arm-none-eabi/lib/thumb/v7e-m+fp/softfp/libc.a(lib_a-assert.o)
                0x000000001000b500                __assert_func
 .text._calloc_r
                0x000000001000b540       0x78 /home/geffencooper/gcc-arm-none-eabi-10.3-2021.10/bin/../lib/gcc/arm-none-eabi/10.3.1/../../../../arm-none-eabi/lib/thumb/v7e-m+fp/softfp/libc.a(lib_a-callocr.o)
                0x000000001000b540                _calloc_r
 .text._close_r
                0x000000001000b5b8       0x24 /home/geffencooper/gcc-arm-none-eabi-10.3-2021.10/bin/../lib/gcc/arm-none-eabi/10.3.1/../../../../arm-none-eabi/lib/thumb/v7e-m+fp/softfp/libc.a(lib_a-closer.o)
                0x000000001000b5b8                _close_r
 .text._fclose_r
                0x000000001000b5dc       0xcc /home/geffencooper/gcc-arm-none-eabi-10.3-2021.10/bin/../lib/gcc/arm-none-eabi/10.3.1/../../../../arm-none-eabi/lib/thumb/v7e-m+fp/softfp/libc.a(lib_a-fclose.o)
                0x000000001000b5dc                _fclose_r
 .text.fiprintf
                0x000000001000b6a8       0x28 /home/geffencooper/gcc-arm-none-eabi-10.3-2021.10/bin/../lib/gcc/arm-none-eabi/10.3.1/../../../../arm-none-eabi/lib/thumb/v7e-m+fp/softfp/libc.a(lib_a-fiprintf.o)
                0x000000001000b6a8                fiprintf
 .text.__fputwc
                0x000000001000b6d0       0xa8 /home/geffencooper/gcc-arm-none-eabi-10.3-2021.10/bin/../lib/gcc/arm-none-eabi/10.3.1/../../../../arm-none-eabi/lib/thumb/v7e-m+fp/softfp/libc.a(lib_a-fputwc.o)
                0x000000001000b6d0                __fputwc
 .text._fputwc_r
                0x000000001000b778       0x68 /home/geffencooper/gcc-arm-none-eabi-10.3-2021.10/bin/../lib/gcc/arm-none-eabi/10.3.1/../../../../arm-none-eabi/lib/thumb/v7e-m+fp/softfp/libc.a(lib_a-fputwc.o)
                0x000000001000b778                _fputwc_r
 .text._fstat_r
                0x000000001000b7e0       0x2c /home/geffencooper/gcc-arm-none-eabi-10.3-2021.10/bin/../lib/gcc/arm-none-eabi/10.3.1/../../../../arm-none-eabi/lib/thumb/v7e-m+fp/softfp/libc.a(lib_a-fstatr.o)
                0x000000001000b7e0                _fstat_r
 .text._isatty_r
                0x000000001000b80c       0x24 /home/geffencooper/gcc-arm-none-eabi-10.3-2021.10/bin/../lib/gcc/arm-none-eabi/10.3.1/../../../../arm-none-eabi/lib/thumb/v7e-m+fp/softfp/libc.a(lib_a-isattyr.o)
                0x000000001000b80c                _isatty_r
 .text.__locale_mb_cur_max
                0x000000001000b830        0xc /home/geffencooper/gcc-arm-none-eabi-10.3-2021.10/bin/../lib/gcc/arm-none-eabi/10.3.1/../../../../arm-none-eabi/lib/thumb/v7e-m+fp/softfp/libc.a(lib_a-locale.o)
                0x000000001000b830                __locale_mb_cur_max
 .text._lseek_r
                0x000000001000b83c       0x2c /home/geffencooper/gcc-arm-none-eabi-10.3-2021.10/bin/../lib/gcc/arm-none-eabi/10.3.1/../../../../arm-none-eabi/lib/thumb/v7e-m+fp/softfp/libc.a(lib_a-lseekr.o)
                0x000000001000b83c                _lseek_r
 .text.__ascii_mbtowc
                0x000000001000b868       0x2c /home/geffencooper/gcc-arm-none-eabi-10.3-2021.10/bin/../lib/gcc/arm-none-eabi/10.3.1/../../../../arm-none-eabi/lib/thumb/v7e-m+fp/softfp/libc.a(lib_a-mbtowc_r.o)
                0x000000001000b868                __ascii_mbtowc
 .text._read_r  0x000000001000b894       0x2c /home/geffencooper/gcc-arm-none-eabi-10.3-2021.10/bin/../lib/gcc/arm-none-eabi/10.3.1/../../../../arm-none-eabi/lib/thumb/v7e-m+fp/softfp/libc.a(lib_a-readr.o)
                0x000000001000b894                _read_r
 .text.__swbuf_r
                0x000000001000b8c0       0xb0 /home/geffencooper/gcc-arm-none-eabi-10.3-2021.10/bin/../lib/gcc/arm-none-eabi/10.3.1/../../../../arm-none-eabi/lib/thumb/v7e-m+fp/softfp/libc.a(lib_a-wbuf.o)
                0x000000001000b8c0                __swbuf_r
 .text._wcrtomb_r
                0x000000001000b970       0x3c /home/geffencooper/gcc-arm-none-eabi-10.3-2021.10/bin/../lib/gcc/arm-none-eabi/10.3.1/../../../../arm-none-eabi/lib/thumb/v7e-m+fp/softfp/libc.a(lib_a-wcrtomb.o)
                0x000000001000b970                _wcrtomb_r
 .text.__ascii_wctomb
                0x000000001000b9ac       0x1c /home/geffencooper/gcc-arm-none-eabi-10.3-2021.10/bin/../lib/gcc/arm-none-eabi/10.3.1/../../../../arm-none-eabi/lib/thumb/v7e-m+fp/softfp/libc.a(lib_a-wctomb_r.o)
                0x000000001000b9ac                __ascii_wctomb
 .text.abort    0x000000001000b9c8       0x10 /home/geffencooper/gcc-arm-none-eabi-10.3-2021.10/bin/../lib/gcc/arm-none-eabi/10.3.1/../../../../arm-none-eabi/lib/thumb/v7e-m+fp/softfp/libc.a(lib_a-abort.o)
                0x000000001000b9c8                abort
 .text.raise    0x000000001000b9d8       0x5c /home/geffencooper/gcc-arm-none-eabi-10.3-2021.10/bin/../lib/gcc/arm-none-eabi/10.3.1/../../../../arm-none-eabi/lib/thumb/v7e-m+fp/softfp/libc.a(lib_a-signal.o)
                0x000000001000b9d8                raise
 .text._kill_r  0x000000001000ba34       0x2c /home/geffencooper/gcc-arm-none-eabi-10.3-2021.10/bin/../lib/gcc/arm-none-eabi/10.3.1/../../../../arm-none-eabi/lib/thumb/v7e-m+fp/softfp/libc.a(lib_a-signalr.o)
                0x000000001000ba34                _kill_r
 .text._getpid_r
                0x000000001000ba60        0x4 /home/geffencooper/gcc-arm-none-eabi-10.3-2021.10/bin/../lib/gcc/arm-none-eabi/10.3.1/../../../../arm-none-eabi/lib/thumb/v7e-m+fp/softfp/libc.a(lib_a-signalr.o)
                0x000000001000ba60                _getpid_r
 .text._getpid  0x000000001000ba64       0x10 /home/geffencooper/gcc-arm-none-eabi-10.3-2021.10/bin/../lib/gcc/arm-none-eabi/10.3.1/../../../../arm-none-eabi/lib/thumb/v7e-m+fp/softfp/libnosys.a(getpid.o)
                0x000000001000ba64                _getpid
 .text._kill    0x000000001000ba74       0x10 /home/geffencooper/gcc-arm-none-eabi-10.3-2021.10/bin/../lib/gcc/arm-none-eabi/10.3.1/../../../../arm-none-eabi/lib/thumb/v7e-m+fp/softfp/libnosys.a(kill.o)
                0x000000001000ba74                _kill
 .text._exit    0x000000001000ba84        0x4 /home/geffencooper/gcc-arm-none-eabi-10.3-2021.10/bin/../lib/gcc/arm-none-eabi/10.3.1/../../../../arm-none-eabi/lib/thumb/v7e-m+fp/softfp/libnosys.a(_exit.o)
                0x000000001000ba84                _exit
 .text          0x000000001000ba88      0x378 /home/geffencooper/gcc-arm-none-eabi-10.3-2021.10/bin/../lib/gcc/arm-none-eabi/10.3.1/thumb/v7e-m+fp/softfp/libgcc.a(_arm_addsubdf3.o)
                0x000000001000ba88                __aeabi_drsub
                0x000000001000ba90                __aeabi_dsub
                0x000000001000ba90                __subdf3
                0x000000001000ba94                __adddf3
                0x000000001000ba94                __aeabi_dadd
                0x000000001000bd0c                __aeabi_ui2d
                0x000000001000bd0c                __floatunsidf
                0x000000001000bd2c                __floatsidf
                0x000000001000bd2c                __aeabi_i2d
                0x000000001000bd50                __extendsfdf2
                0x000000001000bd50                __aeabi_f2d
                0x000000001000bd94                __aeabi_ul2d
                0x000000001000bd94                __floatundidf
                0x000000001000bda4                __floatdidf
                0x000000001000bda4                __aeabi_l2d
 .text          0x000000001000be00      0x424 /home/geffencooper/gcc-arm-none-eabi-10.3-2021.10/bin/../lib/gcc/arm-none-eabi/10.3.1/thumb/v7e-m+fp/softfp/libgcc.a(_arm_muldivdf3.o)
                0x000000001000be00                __aeabi_dmul
                0x000000001000be00                __muldf3
                0x000000001000c054                __aeabi_ddiv
                0x000000001000c054                __divdf3
 .text          0x000000001000c224      0x110 /home/geffencooper/gcc-arm-none-eabi-10.3-2021.10/bin/../lib/gcc/arm-none-eabi/10.3.1/thumb/v7e-m+fp/softfp/libgcc.a(_arm_cmpdf2.o)
                0x000000001000c224                __gtdf2
                0x000000001000c224                __gedf2
                0x000000001000c22c                __ltdf2
                0x000000001000c22c                __ledf2
                0x000000001000c234                __cmpdf2
                0x000000001000c234                __eqdf2
                0x000000001000c234                __nedf2
                0x000000001000c2b0                __aeabi_cdrcmple
                0x000000001000c2c0                __aeabi_cdcmple
                0x000000001000c2c0                __aeabi_cdcmpeq
                0x000000001000c2d0                __aeabi_dcmpeq
                0x000000001000c2e4                __aeabi_dcmplt
                0x000000001000c2f8                __aeabi_dcmple
                0x000000001000c30c                __aeabi_dcmpge
                0x000000001000c320                __aeabi_dcmpgt
 .text          0x000000001000c334       0x2c /home/geffencooper/gcc-arm-none-eabi-10.3-2021.10/bin/../lib/gcc/arm-none-eabi/10.3.1/thumb/v7e-m+fp/softfp/libgcc.a(_arm_unorddf2.o)
                0x000000001000c334                __aeabi_dcmpun
                0x000000001000c334                __unorddf2
 .text          0x000000001000c360       0x50 /home/geffencooper/gcc-arm-none-eabi-10.3-2021.10/bin/../lib/gcc/arm-none-eabi/10.3.1/thumb/v7e-m+fp/softfp/libgcc.a(_arm_fixdfsi.o)
                0x000000001000c360                __fixdfsi
                0x000000001000c360                __aeabi_d2iz
 .text          0x000000001000c3b0       0x30 /home/geffencooper/gcc-arm-none-eabi-10.3-2021.10/bin/../lib/gcc/arm-none-eabi/10.3.1/thumb/v7e-m+fp/softfp/libgcc.a(_aeabi_uldivmod.o)
                0x000000001000c3b0                __aeabi_uldivmod
 .text          0x000000001000c3e0      0x2d0 /home/geffencooper/gcc-arm-none-eabi-10.3-2021.10/bin/../lib/gcc/arm-none-eabi/10.3.1/thumb/v7e-m+fp/softfp/libgcc.a(_udivmoddi4.o)
                0x000000001000c3e0                __udivmoddi4
 .text          0x000000001000c6b0        0x4 /home/geffencooper/gcc-arm-none-eabi-10.3-2021.10/bin/../lib/gcc/arm-none-eabi/10.3.1/thumb/v7e-m+fp/softfp/libgcc.a(_dvmd_tls.o)
                0x000000001000c6b0                __aeabi_ldiv0
                0x000000001000c6b0                __aeabi_idiv0
 *(.rodata*)
 .rodata.main.str1.4
                0x000000001000c6b4       0x50 /home/geffencooper/Model_Development/ai8x-synthesis/sdk/DA/build/main.o
 .rodata.display_RGB565_img.str1.4
                0x000000001000c704        0x9 /home/geffencooper/Model_Development/ai8x-synthesis/sdk/DA/build/camera_tft_funcs.o
 *fill*         0x000000001000c70d        0x3 
 .rodata.init_LCD.str1.4
                0x000000001000c710       0x1d /home/geffencooper/Model_Development/ai8x-synthesis/sdk/DA/build/camera_tft_funcs.o
 *fill*         0x000000001000c72d        0x3 
 .rodata.LCD_Camera_Setup.str1.4
                0x000000001000c730       0x7c /home/geffencooper/Model_Development/ai8x-synthesis/sdk/DA/build/camera_tft_funcs.o
 .rodata        0x000000001000c7ac        0xc /home/geffencooper/Model_Development/ai8x-synthesis/sdk/DA/build/camera_tft_funcs.o
 .rodata.mxc_assert.str1.4
                0x000000001000c7b8       0x19 /home/geffencooper/Model_Development/ai8x-synthesis/sdk/DA/build/board.o
 *fill*         0x000000001000c7d1        0x3 
 .rodata.Board_Init.str1.4
                0x000000001000c7d4       0x71 /home/geffencooper/Model_Development/ai8x-synthesis/sdk/DA/build/board.o
 *fill*         0x000000001000c845        0x3 
 .rodata.led_pin
                0x000000001000c848       0x18 /home/geffencooper/Model_Development/ai8x-synthesis/sdk/DA/build/board.o
                0x000000001000c848                led_pin
 .rodata.num_leds
                0x000000001000c860        0x4 /home/geffencooper/Model_Development/ai8x-synthesis/sdk/DA/build/board.o
                0x000000001000c860                num_leds
 .rodata.num_pbs
                0x000000001000c864        0x4 /home/geffencooper/Model_Development/ai8x-synthesis/sdk/DA/build/board.o
                0x000000001000c864                num_pbs
 .rodata.pb_pin
                0x000000001000c868       0x18 /home/geffencooper/Model_Development/ai8x-synthesis/sdk/DA/build/board.o
                0x000000001000c868                pb_pin
 .rodata.LED_On.str1.4
                0x000000001000c880       0x8b /home/geffencooper/Model_Development/ai8x-synthesis/sdk/DA/build/led.o
 *fill*         0x000000001000c90b        0x1 
 .rodata.dump_registers.str1.4
                0x000000001000c90c       0x12 /home/geffencooper/Model_Development/ai8x-synthesis/sdk/DA/build/ov7692.o
 *fill*         0x000000001000c91e        0x2 
 .rodata.default_regs
                0x000000001000c920       0x5e /home/geffencooper/Model_Development/ai8x-synthesis/sdk/DA/build/ov7692.o
 *fill*         0x000000001000c97e        0x2 
 .rodata.gpio_cfg_scl
                0x000000001000c980        0xc /home/geffencooper/Model_Development/ai8x-synthesis/sdk/DA/build/sccb.o
 .rodata.gpio_cfg_sda
                0x000000001000c98c        0xc /home/geffencooper/Model_Development/ai8x-synthesis/sdk/DA/build/sccb.o
 .rodata.gpio_cfg_pcif_P0_BITS_0_7
                0x000000001000c998        0xc /home/geffencooper/Model_Development/ai8x-synthesis/sdk/Libraries/PeriphDrivers/bin/MAX78000/softfp/libPeriphDriver_softfp.a(pins_ai85.o)
                0x000000001000c998                gpio_cfg_pcif_P0_BITS_0_7
 .rodata.gpio_cfg_pcif_P0_BITS_8_9
                0x000000001000c9a4        0xc /home/geffencooper/Model_Development/ai8x-synthesis/sdk/Libraries/PeriphDrivers/bin/MAX78000/softfp/libPeriphDriver_softfp.a(pins_ai85.o)
                0x000000001000c9a4                gpio_cfg_pcif_P0_BITS_8_9
 .rodata.gpio_cfg_pcif_P1_BITS_10_11
                0x000000001000c9b0        0xc /home/geffencooper/Model_Development/ai8x-synthesis/sdk/Libraries/PeriphDrivers/bin/MAX78000/softfp/libPeriphDriver_softfp.a(pins_ai85.o)
                0x000000001000c9b0                gpio_cfg_pcif_P1_BITS_10_11
 .rodata.gpio_cfg_pcif_hsync
                0x000000001000c9bc        0xc /home/geffencooper/Model_Development/ai8x-synthesis/sdk/Libraries/PeriphDrivers/bin/MAX78000/softfp/libPeriphDriver_softfp.a(pins_ai85.o)
                0x000000001000c9bc                gpio_cfg_pcif_hsync
 .rodata.gpio_cfg_pcif_vsync
                0x000000001000c9c8        0xc /home/geffencooper/Model_Development/ai8x-synthesis/sdk/Libraries/PeriphDrivers/bin/MAX78000/softfp/libPeriphDriver_softfp.a(pins_ai85.o)
                0x000000001000c9c8                gpio_cfg_pcif_vsync
 .rodata.gpio_cfg_pcif_xclk
                0x000000001000c9d4        0xc /home/geffencooper/Model_Development/ai8x-synthesis/sdk/Libraries/PeriphDrivers/bin/MAX78000/softfp/libPeriphDriver_softfp.a(pins_ai85.o)
                0x000000001000c9d4                gpio_cfg_pcif_xclk
 .rodata.gpio_cfg_pt0
                0x000000001000c9e0        0xc /home/geffencooper/Model_Development/ai8x-synthesis/sdk/Libraries/PeriphDrivers/bin/MAX78000/softfp/libPeriphDriver_softfp.a(pins_ai85.o)
                0x000000001000c9e0                gpio_cfg_pt0
 .rodata.gpio_cfg_pt1
                0x000000001000c9ec        0xc /home/geffencooper/Model_Development/ai8x-synthesis/sdk/Libraries/PeriphDrivers/bin/MAX78000/softfp/libPeriphDriver_softfp.a(pins_ai85.o)
                0x000000001000c9ec                gpio_cfg_pt1
 .rodata.gpio_cfg_pt2
                0x000000001000c9f8        0xc /home/geffencooper/Model_Development/ai8x-synthesis/sdk/Libraries/PeriphDrivers/bin/MAX78000/softfp/libPeriphDriver_softfp.a(pins_ai85.o)
                0x000000001000c9f8                gpio_cfg_pt2
 .rodata.gpio_cfg_pt3
                0x000000001000ca04        0xc /home/geffencooper/Model_Development/ai8x-synthesis/sdk/Libraries/PeriphDrivers/bin/MAX78000/softfp/libPeriphDriver_softfp.a(pins_ai85.o)
                0x000000001000ca04                gpio_cfg_pt3
 .rodata.gpio_cfg_uart0
                0x000000001000ca10        0xc /home/geffencooper/Model_Development/ai8x-synthesis/sdk/Libraries/PeriphDrivers/bin/MAX78000/softfp/libPeriphDriver_softfp.a(pins_ai85.o)
                0x000000001000ca10                gpio_cfg_uart0
 .rodata.gpio_cfg_uart1
                0x000000001000ca1c        0xc /home/geffencooper/Model_Development/ai8x-synthesis/sdk/Libraries/PeriphDrivers/bin/MAX78000/softfp/libPeriphDriver_softfp.a(pins_ai85.o)
                0x000000001000ca1c                gpio_cfg_uart1
 .rodata.gpio_cfg_uart2
                0x000000001000ca28        0xc /home/geffencooper/Model_Development/ai8x-synthesis/sdk/Libraries/PeriphDrivers/bin/MAX78000/softfp/libPeriphDriver_softfp.a(pins_ai85.o)
                0x000000001000ca28                gpio_cfg_uart2
 .rodata.gpio_cfg_uart3
                0x000000001000ca34        0xc /home/geffencooper/Model_Development/ai8x-synthesis/sdk/Libraries/PeriphDrivers/bin/MAX78000/softfp/libPeriphDriver_softfp.a(pins_ai85.o)
                0x000000001000ca34                gpio_cfg_uart3
 .rodata.MXC_PT_Init.str1.1
                0x000000001000ca40       0x4f /home/geffencooper/Model_Development/ai8x-synthesis/sdk/Libraries/PeriphDrivers/bin/MAX78000/softfp/libPeriphDriver_softfp.a(pt_me17.o)
 .rodata.MXC_PT_RevA_Config.str1.1
                0x000000001000ca8f       0x4b /home/geffencooper/Model_Development/ai8x-synthesis/sdk/Libraries/PeriphDrivers/bin/MAX78000/softfp/libPeriphDriver_softfp.a(pt_reva.o)
 .rodata.MXC_SPI_Init.str1.1
                0x000000001000cada       0x4d /home/geffencooper/Model_Development/ai8x-synthesis/sdk/Libraries/PeriphDrivers/bin/MAX78000/softfp/libPeriphDriver_softfp.a(spi_me17.o)
 .rodata.MXC_SPI_RevA_DMACallback.str1.1
                0x000000001000cb27       0x4c /home/geffencooper/Model_Development/ai8x-synthesis/sdk/Libraries/PeriphDrivers/bin/MAX78000/softfp/libPeriphDriver_softfp.a(spi_reva.o)
 .rodata.MXC_SPI_RevA_TransSetup.str1.1
                0x000000001000cb73       0x22 /home/geffencooper/Model_Development/ai8x-synthesis/sdk/Libraries/PeriphDrivers/bin/MAX78000/softfp/libPeriphDriver_softfp.a(spi_reva.o)
                                         0x2f (size before relaxing)
 .rodata.MXC_GPIO_Common_Handler.str1.1
                0x000000001000cb95       0x62 /home/geffencooper/Model_Development/ai8x-synthesis/sdk/Libraries/PeriphDrivers/bin/MAX78000/softfp/libPeriphDriver_softfp.a(gpio_common.o)
 *fill*         0x000000001000cbf7        0x1 
 .rodata._global_impure_ptr
                0x000000001000cbf8        0x4 /home/geffencooper/gcc-arm-none-eabi-10.3-2021.10/bin/../lib/gcc/arm-none-eabi/10.3.1/../../../../arm-none-eabi/lib/thumb/v7e-m+fp/softfp/libc.a(lib_a-impure.o)
                0x000000001000cbf8                _global_impure_ptr
 .rodata._puts_r.str1.4
                0x000000001000cbfc       0x12 /home/geffencooper/gcc-arm-none-eabi-10.3-2021.10/bin/../lib/gcc/arm-none-eabi/10.3.1/../../../../arm-none-eabi/lib/thumb/v7e-m+fp/softfp/libc.a(lib_a-puts.o)
                                          0x2 (size before relaxing)
 .rodata._svfprintf_r.str1.4
                0x000000001000cbfc       0x42 /home/geffencooper/gcc-arm-none-eabi-10.3-2021.10/bin/../lib/gcc/arm-none-eabi/10.3.1/../../../../arm-none-eabi/lib/thumb/v7e-m+fp/softfp/libc.a(lib_a-svfprintf.o)
 *fill*         0x000000001000cc3e        0x2 
 .rodata.blanks.1
                0x000000001000cc40       0x10 /home/geffencooper/gcc-arm-none-eabi-10.3-2021.10/bin/../lib/gcc/arm-none-eabi/10.3.1/../../../../arm-none-eabi/lib/thumb/v7e-m+fp/softfp/libc.a(lib_a-svfprintf.o)
 .rodata.zeroes.0
                0x000000001000cc50       0x10 /home/geffencooper/gcc-arm-none-eabi-10.3-2021.10/bin/../lib/gcc/arm-none-eabi/10.3.1/../../../../arm-none-eabi/lib/thumb/v7e-m+fp/softfp/libc.a(lib_a-svfprintf.o)
 .rodata._vfprintf_r.str1.4
                0x000000001000cc60       0x42 /home/geffencooper/gcc-arm-none-eabi-10.3-2021.10/bin/../lib/gcc/arm-none-eabi/10.3.1/../../../../arm-none-eabi/lib/thumb/v7e-m+fp/softfp/libc.a(lib_a-vfprintf.o)
 .rodata.blanks.1
                0x000000001000cc60       0x10 /home/geffencooper/gcc-arm-none-eabi-10.3-2021.10/bin/../lib/gcc/arm-none-eabi/10.3.1/../../../../arm-none-eabi/lib/thumb/v7e-m+fp/softfp/libc.a(lib_a-vfprintf.o)
 .rodata.zeroes.0
                0x000000001000cc70       0x10 /home/geffencooper/gcc-arm-none-eabi-10.3-2021.10/bin/../lib/gcc/arm-none-eabi/10.3.1/../../../../arm-none-eabi/lib/thumb/v7e-m+fp/softfp/libc.a(lib_a-vfprintf.o)
 .rodata._dtoa_r.str1.4
                0x000000001000cc80       0xa2 /home/geffencooper/gcc-arm-none-eabi-10.3-2021.10/bin/../lib/gcc/arm-none-eabi/10.3.1/../../../../arm-none-eabi/lib/thumb/v7e-m+fp/softfp/libc.a(lib_a-dtoa.o)
                                         0xa6 (size before relaxing)
 *fill*         0x000000001000cd22        0x2 
 .rodata.__multadd.str1.4