Archive member included to satisfy reference by file (symbol)

/home/geffencooper/Model_Development/ai8x-synthesis/sdk/Libraries/PeriphDrivers/bin/MAX78000/softfp/libPeriphDriver_softfp.a(mxc_delay.o)
                              /home/geffencooper/Model_Development/ai8x-synthesis/sdk/DA/build/camera_tft_funcs.o (MXC_Delay)
/home/geffencooper/Model_Development/ai8x-synthesis/sdk/Libraries/PeriphDrivers/bin/MAX78000/softfp/libPeriphDriver_softfp.a(pins_ai85.o)
                              /home/geffencooper/Model_Development/ai8x-synthesis/sdk/DA/build/camera.o (gpio_cfg_pcif_xclk)
/home/geffencooper/Model_Development/ai8x-synthesis/sdk/Libraries/PeriphDrivers/bin/MAX78000/softfp/libPeriphDriver_softfp.a(sys_ai85.o)
                              /home/geffencooper/Model_Development/ai8x-synthesis/sdk/DA/build/board.o (MXC_SYS_ClockEnable)
/home/geffencooper/Model_Development/ai8x-synthesis/sdk/Libraries/PeriphDrivers/bin/MAX78000/softfp/libPeriphDriver_softfp.a(nvic_table.o)
                              /home/geffencooper/Model_Development/ai8x-synthesis/sdk/DA/build/camera.o (NVIC_SetVector)
/home/geffencooper/Model_Development/ai8x-synthesis/sdk/Libraries/PeriphDrivers/bin/MAX78000/softfp/libPeriphDriver_softfp.a(cameraif_ai85.o)
                              /home/geffencooper/Model_Development/ai8x-synthesis/sdk/DA/build/camera.o (MXC_PCIF_Init)
/home/geffencooper/Model_Development/ai8x-synthesis/sdk/Libraries/PeriphDrivers/bin/MAX78000/softfp/libPeriphDriver_softfp.a(cameraif_reva.o)
                              /home/geffencooper/Model_Development/ai8x-synthesis/sdk/Libraries/PeriphDrivers/bin/MAX78000/softfp/libPeriphDriver_softfp.a(cameraif_ai85.o) (MXC_PCIF_RevA_SetDatawidth)
/home/geffencooper/Model_Development/ai8x-synthesis/sdk/Libraries/PeriphDrivers/bin/MAX78000/softfp/libPeriphDriver_softfp.a(dma_me17.o)
                              /home/geffencooper/Model_Development/ai8x-synthesis/sdk/DA/build/camera_tft_funcs.o (MXC_DMA_Init)
/home/geffencooper/Model_Development/ai8x-synthesis/sdk/Libraries/PeriphDrivers/bin/MAX78000/softfp/libPeriphDriver_softfp.a(dma_reva.o)
                              /home/geffencooper/Model_Development/ai8x-synthesis/sdk/Libraries/PeriphDrivers/bin/MAX78000/softfp/libPeriphDriver_softfp.a(dma_me17.o) (MXC_DMA_RevA_Init)
/home/geffencooper/Model_Development/ai8x-synthesis/sdk/Libraries/PeriphDrivers/bin/MAX78000/softfp/libPeriphDriver_softfp.a(flc_me17.o)
                              /home/geffencooper/Model_Development/ai8x-synthesis/sdk/Libraries/PeriphDrivers/bin/MAX78000/softfp/libPeriphDriver_softfp.a(sys_ai85.o) (MXC_FLC_UnlockInfoBlock)
/home/geffencooper/Model_Development/ai8x-synthesis/sdk/Libraries/PeriphDrivers/bin/MAX78000/softfp/libPeriphDriver_softfp.a(flc_revb.o)
                              /home/geffencooper/Model_Development/ai8x-synthesis/sdk/Libraries/PeriphDrivers/bin/MAX78000/softfp/libPeriphDriver_softfp.a(flc_me17.o) (MXC_FLC_RevB_Busy)
/home/geffencooper/Model_Development/ai8x-synthesis/sdk/Libraries/PeriphDrivers/bin/MAX78000/softfp/libPeriphDriver_softfp.a(gpio_ai85.o)
                              /home/geffencooper/Model_Development/ai8x-synthesis/sdk/DA/build/led.o (MXC_GPIO_Config)
/home/geffencooper/Model_Development/ai8x-synthesis/sdk/Libraries/PeriphDrivers/bin/MAX78000/softfp/libPeriphDriver_softfp.a(gpio_reva.o)
                              /home/geffencooper/Model_Development/ai8x-synthesis/sdk/Libraries/PeriphDrivers/bin/MAX78000/softfp/libPeriphDriver_softfp.a(gpio_ai85.o) (MXC_GPIO_RevA_InGet)
/home/geffencooper/Model_Development/ai8x-synthesis/sdk/Libraries/PeriphDrivers/bin/MAX78000/softfp/libPeriphDriver_softfp.a(icc_me17.o)
                              /home/geffencooper/Model_Development/ai8x-synthesis/sdk/DA/build/main.o (MXC_ICC_Enable)
/home/geffencooper/Model_Development/ai8x-synthesis/sdk/Libraries/PeriphDrivers/bin/MAX78000/softfp/libPeriphDriver_softfp.a(icc_reva.o)
                              /home/geffencooper/Model_Development/ai8x-synthesis/sdk/Libraries/PeriphDrivers/bin/MAX78000/softfp/libPeriphDriver_softfp.a(icc_me17.o) (MXC_ICC_RevA_ID)
/home/geffencooper/Model_Development/ai8x-synthesis/sdk/Libraries/PeriphDrivers/bin/MAX78000/softfp/libPeriphDriver_softfp.a(pt_me17.o)
                              /home/geffencooper/Model_Development/ai8x-synthesis/sdk/DA/build/camera.o (MXC_PT_Init)
/home/geffencooper/Model_Development/ai8x-synthesis/sdk/Libraries/PeriphDrivers/bin/MAX78000/softfp/libPeriphDriver_softfp.a(pt_reva.o)
                              /home/geffencooper/Model_Development/ai8x-synthesis/sdk/Libraries/PeriphDrivers/bin/MAX78000/softfp/libPeriphDriver_softfp.a(pt_me17.o) (MXC_PT_RevA_Init)
/home/geffencooper/Model_Development/ai8x-synthesis/sdk/Libraries/PeriphDrivers/bin/MAX78000/softfp/libPeriphDriver_softfp.a(spi_me17.o)
                              /home/geffencooper/Model_Development/ai8x-synthesis/sdk/DA/build/tft_ssd2119.o (MXC_SPI_Init)
[...]
Memory Configuration

Name             Origin             Length             Attributes
ROM              0x0000000000000000 0x0000000000010000 xr
FLASH            0x0000000010000000 0x0000000000080000 xr
SRAM             0x0000000020000000 0x0000000000020000 xrw
*default*        0x0000000000000000 0xffffffffffffffff

Linker script and memory map

LOAD /home/geffencooper/gcc-arm-none-eabi-10.3-2021.10/bin/../lib/gcc/arm-none-eabi/10.3.1/thumb/v7e-m+fp/softfp/crti.o
LOAD /home/geffencooper/gcc-arm-none-eabi-10.3-2021.10/bin/../lib/gcc/arm-none-eabi/10.3.1/thumb/v7e-m+fp/softfp/crtbegin.o
LOAD /home/geffencooper/gcc-arm-none-eabi-10.3-2021.10/bin/../lib/gcc/arm-none-eabi/10.3.1/../../../../arm-none-eabi/lib/thumb/v7e-m+fp/softfp/crt0.o
LOAD /home/geffencooper/Model_Development/ai8x-synthesis/sdk/DA/build/main.o
LOAD /home/geffencooper/Model_Development/ai8x-synthesis/sdk/DA/build/all_imgs.o
LOAD /home/geffencooper/Model_Development/ai8x-synthesis/sdk/DA/build/camera_tft_funcs.o
LOAD /home/geffencooper/Model_Development/ai8x-synthesis/sdk/DA/build/board.o
LOAD /home/geffencooper/Model_Development/ai8x-synthesis/sdk/DA/build/stdio.o
LOAD /home/geffencooper/Model_Development/ai8x-synthesis/sdk/DA/build/led.o
LOAD /home/geffencooper/Model_Development/ai8x-synthesis/sdk/DA/build/pb.o
LOAD /home/geffencooper/Model_Development/ai8x-synthesis/sdk/DA/build/tft_ssd2119.o
LOAD /home/geffencooper/Model_Development/ai8x-synthesis/sdk/DA/build/tsc2046.o
LOAD /home/geffencooper/Model_Development/ai8x-synthesis/sdk/DA/build/camera.o
LOAD /home/geffencooper/Model_Development/ai8x-synthesis/sdk/DA/build/ov7692.o
LOAD /home/geffencooper/Model_Development/ai8x-synthesis/sdk/DA/build/sccb.o
LOAD /home/geffencooper/Model_Development/ai8x-synthesis/sdk/DA/build/startup_max78000.o
LOAD /home/geffencooper/Model_Development/ai8x-synthesis/sdk/DA/build/heap.o
LOAD /home/geffencooper/Model_Development/ai8x-synthesis/sdk/DA/build/system_max78000.o
START GROUP
LOAD /home/geffencooper/Model_Development/ai8x-synthesis/sdk/Libraries/PeriphDrivers/bin/MAX78000/softfp/libPeriphDriver_softfp.a
LOAD /home/geffencooper/Model_Development/ai8x-synthesis/sdk/DA/build/Fat32Driver/FAT32.a
LOAD /home/geffencooper/Model_Development/ai8x-synthesis/sdk/DA/build/SDHCDriver/sdhc.a
LOAD /home/geffencooper/gcc-arm-none-eabi-10.3-2021.10/bin/../lib/gcc/arm-none-eabi/10.3.1/../../../../arm-none-eabi/lib/thumb/v7e-m+fp/softfp/libc.a
LOAD /home/geffencooper/gcc-arm-none-eabi-10.3-2021.10/bin/../lib/gcc/arm-none-eabi/10.3.1/../../../../arm-none-eabi/lib/thumb/v7e-m+fp/softfp/libm.a
LOAD /home/geffencooper/gcc-arm-none-eabi-10.3-2021.10/bin/../lib/gcc/arm-none-eabi/10.3.1/../../../../arm-none-eabi/lib/thumb/v7e-m+fp/softfp/libnosys.a
END GROUP
START GROUP
LOAD /home/geffencooper/gcc-arm-none-eabi-10.3-2021.10/bin/../lib/gcc/arm-none-eabi/10.3.1/thumb/v7e-m+fp/softfp/libgcc.a
LOAD /home/geffencooper/gcc-arm-none-eabi-10.3-2021.10/bin/../lib/gcc/arm-none-eabi/10.3.1/../../../../arm-none-eabi/lib/thumb/v7e-m+fp/softfp/libc.a
END GROUP
LOAD /home/geffencooper/gcc-arm-none-eabi-10.3-2021.10/bin/../lib/gcc/arm-none-eabi/10.3.1/thumb/v7e-m+fp/softfp/crtend.o
LOAD /home/geffencooper/gcc-arm-none-eabi-10.3-2021.10/bin/../lib/gcc/arm-none-eabi/10.3.1/thumb/v7e-m+fp/softfp/crtn.o

.rom
 *(.rom_vector)
 *(.rom_handlers*)

.text           0x0000000010000000     0xcf4c
                0x0000000010000000                _text = .
 *(.isr_vector)
 .isr_vector    0x0000000010000000      0x1e0 /home/geffencooper/Model_Development/ai8x-synthesis/sdk/DA/build/startup_max78000.o
                0x0000000010000000                __isr_vector
 *(.text*)
 .text          0x00000000100001e0       0x40 /home/geffencooper/gcc-arm-none-eabi-10.3-2021.10/bin/../lib/gcc/arm-none-eabi/10.3.1/thumb/v7e-m+fp/softfp/crtbegin.o
 .text.main     0x0000000010000220       0x28 /home/geffencooper/Model_Development/ai8x-synthesis/sdk/DA/build/main.o
                0x0000000010000220                main
 .text.set_image_dimensions
                0x0000000010000248       0x14 /home/geffencooper/Model_Development/ai8x-synthesis/sdk/DA/build/camera_tft_funcs.o
                0x0000000010000248                set_image_dimensions
 .text.init_LCD
                0x000000001000025c       0x4c /home/geffencooper/Model_Development/ai8x-synthesis/sdk/DA/build/camera_tft_funcs.o
                0x000000001000025c                init_LCD
 .text.LCD_Camera_Setup
                0x00000000100002a8       0x64 /home/geffencooper/Model_Development/ai8x-synthesis/sdk/DA/build/camera_tft_funcs.o
                0x00000000100002a8                LCD_Camera_Setup
 .text.capture_process_camera
                0x000000001000030c       0x80 /home/geffencooper/Model_Development/ai8x-synthesis/sdk/DA/build/camera_tft_funcs.o
                0x000000001000030c                capture_process_camera
 .text.mxc_assert
                0x000000001000038c       0x10 /home/geffencooper/Model_Development/ai8x-synthesis/sdk/DA/build/board.o
                0x000000001000038c                mxc_assert
 .text.Console_Init
                0x000000001000039c       0x18 /home/geffencooper/Model_Development/ai8x-synthesis/sdk/DA/build/board.o
                0x000000001000039c                Console_Init
 .text.Board_Init
                0x00000000100003b4       0x64 /home/geffencooper/Model_Development/ai8x-synthesis/sdk/DA/build/board.o
                0x00000000100003b4                Board_Init
 .text.NMI_Handler
                0x0000000010000418        0x4 /home/geffencooper/Model_Development/ai8x-synthesis/sdk/DA/build/board.o
                0x0000000010000418                NMI_Handler
 .text.Camera_Power
                0x000000001000041c        0x6 /home/geffencooper/Model_Development/ai8x-synthesis/sdk/DA/build/board.o
                0x000000001000041c                Camera_Power
 .text._close   0x0000000010000422        0x6 /home/geffencooper/Model_Development/ai8x-synthesis/sdk/DA/build/stdio.o
                0x0000000010000422                _close
 .text._isatty  0x0000000010000428        0x6 /home/geffencooper/Model_Development/ai8x-synthesis/sdk/DA/build/stdio.o
                0x0000000010000428                _isatty
 .text._lseek   0x000000001000042e        0x6 /home/geffencooper/Model_Development/ai8x-synthesis/sdk/DA/build/stdio.o
                0x000000001000042e                _lseek
 .text._fstat   0x0000000010000434        0x6 /home/geffencooper/Model_Development/ai8x-synthesis/sdk/DA/build/stdio.o
                0x0000000010000434                _fstat
 *fill*         0x000000001000043a        0x2 
 .text._read    0x000000001000043c       0x54 /home/geffencooper/Model_Development/ai8x-synthesis/sdk/DA/build/stdio.o
                0x000000001000043c                _read
 .text._write   0x0000000010000490       0x5c /home/geffencooper/Model_Development/ai8x-synthesis/sdk/DA/build/stdio.o
                0x0000000010000490                _write
 .text.LED_Off  0x00000000100004ec       0x44 /home/geffencooper/Model_Development/ai8x-synthesis/sdk/DA/build/led.o
                0x00000000100004ec                LED_Off
 .text.LED_Init
                0x0000000010000530       0x3c /home/geffencooper/Model_Development/ai8x-synthesis/sdk/DA/build/led.o
                0x0000000010000530                LED_Init
 .text.PB_Init  0x000000001000056c       0x34 /home/geffencooper/Model_Development/ai8x-synthesis/sdk/DA/build/pb.o
                0x000000001000056c                PB_Init
 .text.GPIO0_IRQHandler
                0x00000000100005a0        0xa /home/geffencooper/Model_Development/ai8x-synthesis/sdk/DA/build/pb.o
                0x00000000100005a0                GPIO0_IRQHandler
 .text.GPIO1_IRQHandler
                0x00000000100005aa        0xa /home/geffencooper/Model_Development/ai8x-synthesis/sdk/DA/build/pb.o
                0x00000000100005aa                GPIO1_IRQHandler
 .text.GPIO2_IRQHandler
                0x00000000100005b4        0xa /home/geffencooper/Model_Development/ai8x-synthesis/sdk/DA/build/pb.o
                0x00000000100005b4                GPIO2_IRQHandler
 .text.concat   0x00000000100005be       0x24 /home/geffencooper/Model_Development/ai8x-synthesis/sdk/DA/build/tft_ssd2119.o
 *fill*         0x00000000100005e2        0x2 
 .text.setPalette
                0x00000000100005e4       0xbc /home/geffencooper/Model_Development/ai8x-synthesis/sdk/DA/build/tft_ssd2119.o
 .text.spi_transmit
                0x00000000100006a0       0xd0 /home/geffencooper/Model_Development/ai8x-synthesis/sdk/DA/build/tft_ssd2119.o
 .text.write_data
                0x0000000010000770       0x32 /home/geffencooper/Model_Development/ai8x-synthesis/sdk/DA/build/tft_ssd2119.o
 .text.write_command
                0x00000000100007a2       0x1a /home/geffencooper/Model_Development/ai8x-synthesis/sdk/DA/build/tft_ssd2119.o
 .text.displaySub
                0x00000000100007bc       0x6a /home/geffencooper/Model_Development/ai8x-synthesis/sdk/DA/build/tft_ssd2119.o
 .text.displaySub_Special
                0x0000000010000826       0x78 /home/geffencooper/Model_Development/ai8x-synthesis/sdk/DA/build/tft_ssd2119.o
 *fill*         0x000000001000089e        0x2 
 .text.print_line_rgb565
                0x00000000100008a0       0xb4 /home/geffencooper/Model_Development/ai8x-synthesis/sdk/DA/build/tft_ssd2119.o
 .text.MXC_TFT_SetBackGroundColor
                0x0000000010000954       0x94 /home/geffencooper/Model_Development/ai8x-synthesis/sdk/DA/build/tft_ssd2119.o
                0x0000000010000954                MXC_TFT_SetBackGroundColor
 .text.MXC_TFT_Backlight
                0x00000000100009e8       0x24 /home/geffencooper/Model_Development/ai8x-synthesis/sdk/DA/build/tft_ssd2119.o
                0x00000000100009e8                MXC_TFT_Backlight
 .text.MXC_TFT_Init
                0x0000000010000a0c      0x2fc /home/geffencooper/Model_Development/ai8x-synthesis/sdk/DA/build/tft_ssd2119.o
                0x0000000010000a0c                MXC_TFT_Init
 .text.MXC_TFT_ShowImageCameraRGB565
                0x0000000010000d08       0xb8 /home/geffencooper/Model_Development/ai8x-synthesis/sdk/DA/build/tft_ssd2119.o
                0x0000000010000d08                MXC_TFT_ShowImageCameraRGB565
 .text.MXC_TFT_ClearScreen
                0x0000000010000dc0       0x10 /home/geffencooper/Model_Development/ai8x-synthesis/sdk/DA/build/tft_ssd2119.o
                0x0000000010000dc0                MXC_TFT_ClearScreen
 .text.camera_irq_handler
                0x0000000010000dd0      0x144 /home/geffencooper/Model_Development/ai8x-synthesis/sdk/DA/build/camera.o
                0x0000000010000dd0                camera_irq_handler
 .text.stream_callback
                0x0000000010000f14       0xc4 /home/geffencooper/Model_Development/ai8x-synthesis/sdk/DA/build/camera.o
 .text.setup_dma
                0x0000000010000fd8       0x8c /home/geffencooper/Model_Development/ai8x-synthesis/sdk/DA/build/camera.o
 .text.stream_irq_handler
                0x0000000010001064        0x8 /home/geffencooper/Model_Development/ai8x-synthesis/sdk/DA/build/camera.o
                0x0000000010001064                stream_irq_handler
 .text.camera_init
                0x000000001000106c      0x13c /home/geffencooper/Model_Development/ai8x-synthesis/sdk/DA/build/camera.o
                0x000000001000106c                camera_init
 .text.camera_setup
                0x00000000100011a8      0x19c /home/geffencooper/Model_Development/ai8x-synthesis/sdk/DA/build/camera.o
                0x00000000100011a8                camera_setup
 .text.camera_start_capture_image
                0x0000000010001344       0x40 /home/geffencooper/Model_Development/ai8x-synthesis/sdk/DA/build/camera.o
                0x0000000010001344                camera_start_capture_image
 .text.camera_is_image_rcv
                0x0000000010001384       0x10 /home/geffencooper/Model_Development/ai8x-synthesis/sdk/DA/build/camera.o
                0x0000000010001384                camera_is_image_rcv
 .text.camera_get_image
                0x0000000010001394       0x94 /home/geffencooper/Model_Development/ai8x-synthesis/sdk/DA/build/camera.o
                0x0000000010001394                camera_get_image
 .text.get_camera_stream_buffer
                0x0000000010001428        0xc /home/geffencooper/Model_Development/ai8x-synthesis/sdk/DA/build/camera.o
                0x0000000010001428                get_camera_stream_buffer
 .text.release_camera_stream_buffer
                0x0000000010001434        0xc /home/geffencooper/Model_Development/ai8x-synthesis/sdk/DA/build/camera.o
                0x0000000010001434                release_camera_stream_buffer
 .text.init     0x0000000010001440       0x10 /home/geffencooper/Model_Development/ai8x-synthesis/sdk/DA/build/ov7692.o
 .text.get_slave_address
                0x0000000010001450        0xc /home/geffencooper/Model_Development/ai8x-synthesis/sdk/DA/build/ov7692.o
 .text.get_pixformat
                0x000000001000145c       0x10 /home/geffencooper/Model_Development/ai8x-synthesis/sdk/DA/build/ov7692.o
 .text.set_saturation
                0x000000001000146c        0x4 /home/geffencooper/Model_Development/ai8x-synthesis/sdk/DA/build/ov7692.o
 .text.get_luminance
                0x0000000010001470       0x5c /home/geffencooper/Model_Development/ai8x-synthesis/sdk/DA/build/ov7692.o
 .text.read_reg
                0x00000000100014cc       0x20 /home/geffencooper/Model_Development/ai8x-synthesis/sdk/DA/build/ov7692.o
 .text.get_manufacture_id
                0x00000000100014ec       0x3c /home/geffencooper/Model_Development/ai8x-synthesis/sdk/DA/build/ov7692.o
 .text.get_product_id
                0x0000000010001528       0x3c /home/geffencooper/Model_Development/ai8x-synthesis/sdk/DA/build/ov7692.o
 .text.set_negateimage
                0x0000000010001564       0x88 /home/geffencooper/Model_Development/ai8x-synthesis/sdk/DA/build/ov7692.o
 .text.set_vflip
                0x00000000100015ec       0x44 /home/geffencooper/Model_Development/ai8x-synthesis/sdk/DA/build/ov7692.o
 .text.set_hmirror
                0x0000000010001630       0x44 /home/geffencooper/Model_Development/ai8x-synthesis/sdk/DA/build/ov7692.o
 .text.set_colorbar
                0x0000000010001674       0x44 /home/geffencooper/Model_Development/ai8x-synthesis/sdk/DA/build/ov7692.o
 .text.set_gainceiling
                0x00000000100016b8       0xd4 /home/geffencooper/Model_Development/ai8x-synthesis/sdk/DA/build/ov7692.o
 .text.set_brightness
                0x000000001000178c       0xc8 /home/geffencooper/Model_Development/ai8x-synthesis/sdk/DA/build/ov7692.o
 .text.set_contrast
                0x0000000010001854       0xf8 /home/geffencooper/Model_Development/ai8x-synthesis/sdk/DA/build/ov7692.o
 .text.set_windowing
                0x000000001000194c       0xf8 /home/geffencooper/Model_Development/ai8x-synthesis/sdk/DA/build/ov7692.o
 .text.set_framesize
                0x0000000010001a44       0xa8 /home/geffencooper/Model_Development/ai8x-synthesis/sdk/DA/build/ov7692.o
 .text.set_pixformat
                0x0000000010001aec       0x5c /home/geffencooper/Model_Development/ai8x-synthesis/sdk/DA/build/ov7692.o
 .text.write_reg
                0x0000000010001b48       0x14 /home/geffencooper/Model_Development/ai8x-synthesis/sdk/DA/build/ov7692.o
 .text.sleep    0x0000000010001b5c       0x40 /home/geffencooper/Model_Development/ai8x-synthesis/sdk/DA/build/ov7692.o
 .text.reset    0x0000000010001b9c       0x60 /home/geffencooper/Model_Development/ai8x-synthesis/sdk/DA/build/ov7692.o
 .text.dump_registers
                0x0000000010001bfc       0x94 /home/geffencooper/Model_Development/ai8x-synthesis/sdk/DA/build/ov7692.o
 .text.sensor_register
                0x0000000010001c90       0xb4 /home/geffencooper/Model_Development/ai8x-synthesis/sdk/DA/build/ov7692.o
                0x0000000010001c90                sensor_register
 .text.start    0x0000000010001d44       0x34 /home/geffencooper/Model_Development/ai8x-synthesis/sdk/DA/build/sccb.o
 .text.send_byte
                0x0000000010001d78       0x70 /home/geffencooper/Model_Development/ai8x-synthesis/sdk/DA/build/sccb.o
 .text.stop     0x0000000010001de8       0x2c /home/geffencooper/Model_Development/ai8x-synthesis/sdk/DA/build/sccb.o
 .text.get_byte
                0x0000000010001e14       0x5c /home/geffencooper/Model_Development/ai8x-synthesis/sdk/DA/build/sccb.o
 .text.send_NACK
                0x0000000010001e70       0x34 /home/geffencooper/Model_Development/ai8x-synthesis/sdk/DA/build/sccb.o
 .text.sccb_init
                0x0000000010001ea4       0x2c /home/geffencooper/Model_Development/ai8x-synthesis/sdk/DA/build/sccb.o
                0x0000000010001ea4                sccb_init
 .text.sccb_read_byt
                0x0000000010001ed0       0x5c /home/geffencooper/Model_Development/ai8x-synthesis/sdk/DA/build/sccb.o
                0x0000000010001ed0                sccb_read_byt
 .text.sccb_write_byt
                0x0000000010001f2c       0x54 /home/geffencooper/Model_Development/ai8x-synthesis/sdk/DA/build/sccb.o
                0x0000000010001f2c                sccb_write_byt
 .text          0x0000000010001f80      0x148 /home/geffencooper/Model_Development/ai8x-synthesis/sdk/DA/build/startup_max78000.o
                0x0000000010001f80                Reset_Handler
                0x0000000010001fbe                HardFault_Handler
                0x0000000010001fc0                MemManage_Handler
                0x0000000010001fc2                BusFault_Handler
                0x0000000010001fc4                UsageFault_Handler
                0x0000000010001fc6                SVC_Handler
                0x0000000010001fc8                DebugMon_Handler
                0x0000000010001fca                PendSV_Handler
                0x0000000010001fcc                SysTick_Handler
                0x0000000010001fce                Default_Handler
                0x0000000010001fd0                PF_IRQHandler
                0x0000000010001fd2                WDT0_IRQHandler
                0x0000000010001fd4                RSV02_IRQHandler
                0x0000000010001fd6                RTC_IRQHandler
                0x0000000010001fd8                TRNG_IRQHandler
                0x0000000010001fda                TMR0_IRQHandler
                0x0000000010001fdc                TMR1_IRQHandler
                0x0000000010001fde                TMR2_IRQHandler
                0x0000000010001fe0                TMR3_IRQHandler
                0x0000000010001fe2                TMR4_IRQHandler
                0x0000000010001fe4                TMR5_IRQHandler
                0x0000000010001fe6                RSV11_IRQHandler
                0x0000000010001fe8                RSV12_IRQHandler
                0x0000000010001fea                I2C0_IRQHandler
                0x0000000010001fec                UART0_IRQHandler
                0x0000000010001fee                UART1_IRQHandler
                0x0000000010001ff0                SPI1_IRQHandler
                0x0000000010001ff2                RSV17_IRQHandler
                0x0000000010001ff4                RSV18_IRQHandler
                0x0000000010001ff6                RSV19_IRQHandler
                0x0000000010001ff8                ADC_IRQHandler
                0x0000000010001ffa                RSV21_IRQHandler
                0x0000000010001ffc                RSV22_IRQHandler
                0x0000000010001ffe                FLC0_IRQHandler
                0x0000000010002006                RSV27_IRQHandler
                0x0000000010002008                DMA0_IRQHandler
                0x000000001000200a                DMA1_IRQHandler
                0x000000001000200c                DMA2_IRQHandler
                0x000000001000200e                DMA3_IRQHandler
                0x0000000010002010                RSV32_IRQHandler
                0x0000000010002012                RSV33_IRQHandler
                0x0000000010002014                UART2_IRQHandler
                0x0000000010002016                RSV35_IRQHandler
                0x0000000010002018                I2C1_IRQHandler
                0x000000001000201a                RSV37_IRQHandler
                0x000000001000201c                RSV38_IRQHandler
                0x000000001000201e                RSV39_IRQHandler
                0x0000000010002020                RSV40_IRQHandler
                0x0000000010002022                RSV41_IRQHandler
                0x0000000010002024                RSV42_IRQHandler
                0x0000000010002026                RSV43_IRQHandler
                0x0000000010002028                RSV44_IRQHandler
                0x000000001000202a                RSV45_IRQHandler
                0x000000001000202c                RSV46_IRQHandler
                0x000000001000202e                RSV47_IRQHandler
                0x0000000010002030                RSV48_IRQHandler
                0x0000000010002032                RSV49_IRQHandler
                0x0000000010002034                RSV50_IRQHandler
                0x0000000010002036                RSV51_IRQHandler
                0x0000000010002038                RSV52_IRQHandler
                0x000000001000203a                WUT_IRQHandler
                0x000000001000203c                GPIOWAKE_IRQHandler
                0x000000001000203e                RSV55_IRQHandler
                0x0000000010002040                SPI0_IRQHandler
                0x0000000010002042                WDT1_IRQHandler
                0x0000000010002044                RSV58_IRQHandler
                0x0000000010002046                PT_IRQHandler
                0x0000000010002048                RSV60_IRQHandler
                0x000000001000204a                RSV61_IRQHandler
                0x000000001000204c                I2C2_IRQHandler
                0x000000001000204e                RISCV_IRQHandler
                0x0000000010002050                RSV64_IRQHandler
                0x0000000010002052                RSV65_IRQHandler
                0x0000000010002054                RSV66_IRQHandler
                0x0000000010002056                OWM_IRQHandler
                0x0000000010002058                RSV68_IRQHandler
                0x000000001000205a                RSV69_IRQHandler
                0x000000001000205c                RSV70_IRQHandler
                0x000000001000205e                RSV71_IRQHandler
                0x0000000010002060                RSV72_IRQHandler
                0x0000000010002062                RSV73_IRQHandler
                0x0000000010002064                RSV74_IRQHandler
                0x0000000010002066                RSV75_IRQHandler
                0x0000000010002068                RSV76_IRQHandler
                0x000000001000206a                RSV77_IRQHandler
                0x000000001000206c                RSV78_IRQHandler
                0x000000001000206e                RSV79_IRQHandler
                0x0000000010002070                RSV80_IRQHandler
                0x0000000010002072                RSV81_IRQHandler
                0x0000000010002074                ECC_IRQHandler
                0x0000000010002076                DVS_IRQHandler
                0x0000000010002078                SIMO_IRQHandler
                0x000000001000207a                RSV85_IRQHandler
                0x000000001000207c                RSV86_IRQHandler
                0x000000001000207e                RSV87_IRQHandler
                0x0000000010002080                UART3_IRQHandler
                0x0000000010002082                RSV89_IRQHandler
                0x0000000010002084                RSV90_IRQHandler
                0x0000000010002086                PCIF_IRQHandler
                0x0000000010002088                RSV92_IRQHandler
                0x000000001000208a                RSV93_IRQHandler
                0x000000001000208c                RSV94_IRQHandler
                0x000000001000208e                RSV95_IRQHandler
                0x0000000010002090                RSV96_IRQHandler
                0x0000000010002092                AES_IRQHandler
                0x0000000010002094                RSV98_IRQHandler
                0x0000000010002096                I2S_IRQHandler
                0x0000000010002098                CNN_FIFO_IRQHandler
                0x000000001000209a                CNN_IRQHandler
                0x000000001000209c                RSV102_IRQHandler
                0x000000001000209e                LPCMP_IRQHandler
 .text._sbrk    0x00000000100020c8       0x40 /home/geffencooper/Model_Development/ai8x-synthesis/sdk/DA/build/heap.o
                0x00000000100020c8                _sbrk
 .text.SystemCoreClockUpdate
                0x0000000010002108       0x74 /home/geffencooper/Model_Development/ai8x-synthesis/sdk/DA/build/system_max78000.o
                0x0000000010002108                SystemCoreClockUpdate
 .text.PreInit  0x000000001000217c        0x4 /home/geffencooper/Model_Development/ai8x-synthesis/sdk/DA/build/system_max78000.o
                0x000000001000217c                PreInit
 .text.SystemInit
                0x0000000010002180       0x38 /home/geffencooper/Model_Development/ai8x-synthesis/sdk/DA/build/system_max78000.o
                0x0000000010002180                SystemInit
 .text.MXC_DelayInit
                0x00000000100021b8       0x7c /home/geffencooper/Model_Development/ai8x-synthesis/sdk/Libraries/PeriphDrivers/bin/MAX78000/softfp/libPeriphDriver_softfp.a(mxc_delay.o)
 .text.MXC_DelayAsync
                0x0000000010002234       0x3c /home/geffencooper/Model_Development/ai8x-synthesis/sdk/Libraries/PeriphDrivers/bin/MAX78000/softfp/libPeriphDriver_softfp.a(mxc_delay.o)
                0x0000000010002234                MXC_DelayAsync
 .text.MXC_DelayAbort
                0x0000000010002270       0x34 /home/geffencooper/Model_Development/ai8x-synthesis/sdk/Libraries/PeriphDrivers/bin/MAX78000/softfp/libPeriphDriver_softfp.a(mxc_delay.o)
                0x0000000010002270                MXC_DelayAbort
 .text.MXC_DelayCheck
                0x00000000100022a4       0x58 /home/geffencooper/Model_Development/ai8x-synthesis/sdk/Libraries/PeriphDrivers/bin/MAX78000/softfp/libPeriphDriver_softfp.a(mxc_delay.o)
                0x00000000100022a4                MXC_DelayCheck
 .text.MXC_Delay
                0x00000000100022fc       0x50 /home/geffencooper/Model_Development/ai8x-synthesis/sdk/Libraries/PeriphDrivers/bin/MAX78000/softfp/libPeriphDriver_softfp.a(mxc_delay.o)
                0x00000000100022fc                MXC_Delay
 .text.MXC_SYS_IsClockEnabled
                0x000000001000234c       0x34 /home/geffencooper/Model_Development/ai8x-synthesis/sdk/Libraries/PeriphDrivers/bin/MAX78000/softfp/libPeriphDriver_softfp.a(sys_ai85.o)
                0x000000001000234c                MXC_SYS_IsClockEnabled
 .text.MXC_SYS_ClockDisable
                0x0000000010002380       0x44 /home/geffencooper/Model_Development/ai8x-synthesis/sdk/Libraries/PeriphDrivers/bin/MAX78000/softfp/libPeriphDriver_softfp.a(sys_ai85.o)
                0x0000000010002380                MXC_SYS_ClockDisable
 .text.MXC_SYS_ClockEnable
                0x00000000100023c4       0x4c /home/geffencooper/Model_Development/ai8x-synthesis/sdk/Libraries/PeriphDrivers/bin/MAX78000/softfp/libPeriphDriver_softfp.a(sys_ai85.o)
                0x00000000100023c4                MXC_SYS_ClockEnable
 .text.MXC_SYS_Clock_Timeout
                0x0000000010002410       0x2e /home/geffencooper/Model_Development/ai8x-synthesis/sdk/Libraries/PeriphDrivers/bin/MAX78000/softfp/libPeriphDriver_softfp.a(sys_ai85.o)
                0x0000000010002410                MXC_SYS_Clock_Timeout
 .text.MXC_SYS_ClockSourceEnable
                0x000000001000243e       0x6c /home/geffencooper/Model_Development/ai8x-synthesis/sdk/Libraries/PeriphDrivers/bin/MAX78000/softfp/libPeriphDriver_softfp.a(sys_ai85.o)
                0x000000001000243e                MXC_SYS_ClockSourceEnable
 .text.MXC_SYS_Clock_Select
                0x00000000100024aa      0x106 /home/geffencooper/Model_Development/ai8x-synthesis/sdk/Libraries/PeriphDrivers/bin/MAX78000/softfp/libPeriphDriver_softfp.a(sys_ai85.o)
                0x00000000100024aa                MXC_SYS_Clock_Select
 .text.MXC_SYS_Reset_Periph
                0x00000000100025b0       0x4c /home/geffencooper/Model_Development/ai8x-synthesis/sdk/Libraries/PeriphDrivers/bin/MAX78000/softfp/libPeriphDriver_softfp.a(sys_ai85.o)
                0x00000000100025b0                MXC_SYS_Reset_Periph
 .text.NVIC_SetRAM
                0x00000000100025fc       0x24 /home/geffencooper/Model_Development/ai8x-synthesis/sdk/Libraries/PeriphDrivers/bin/MAX78000/softfp/libPeriphDriver_softfp.a(nvic_table.o)
                0x00000000100025fc                NVIC_SetRAM
 .text.NVIC_SetVector
                0x0000000010002620       0x3c /home/geffencooper/Model_Development/ai8x-synthesis/sdk/Libraries/PeriphDrivers/bin/MAX78000/softfp/libPeriphDriver_softfp.a(nvic_table.o)
                0x0000000010002620                NVIC_SetVector
 .text.MXC_PCIF_Init
                0x000000001000265c       0x68 /home/geffencooper/Model_Development/ai8x-synthesis/sdk/Libraries/PeriphDrivers/bin/MAX78000/softfp/libPeriphDriver_softfp.a(cameraif_ai85.o)
                0x000000001000265c                MXC_PCIF_Init
 .text.MXC_PCIF_SetDataWidth
                0x00000000100026c4        0xc /home/geffencooper/Model_Development/ai8x-synthesis/sdk/Libraries/PeriphDrivers/bin/MAX78000/softfp/libPeriphDriver_softfp.a(cameraif_ai85.o)
                0x00000000100026c4                MXC_PCIF_SetDataWidth
 .text.MXC_PCIF_SetTimingSel
                0x00000000100026d0        0xc /home/geffencooper/Model_Development/ai8x-synthesis/sdk/Libraries/PeriphDrivers/bin/MAX78000/softfp/libPeriphDriver_softfp.a(cameraif_ai85.o)
                0x00000000100026d0                MXC_PCIF_SetTimingSel
 .text.MXC_PCIF_SetThreshold
                0x00000000100026dc        0xc /home/geffencooper/Model_Development/ai8x-synthesis/sdk/Libraries/PeriphDrivers/bin/MAX78000/softfp/libPeriphDriver_softfp.a(cameraif_ai85.o)
                0x00000000100026dc                MXC_PCIF_SetThreshold
 .text.MXC_PCIF_EnableInt
                0x00000000100026e8        0xc /home/geffencooper/Model_Development/ai8x-synthesis/sdk/Libraries/PeriphDrivers/bin/MAX78000/softfp/libPeriphDriver_softfp.a(cameraif_ai85.o)
                0x00000000100026e8                MXC_PCIF_EnableInt
 .text.MXC_PCIF_DisableInt
                0x00000000100026f4        0xc /home/geffencooper/Model_Development/ai8x-synthesis/sdk/Libraries/PeriphDrivers/bin/MAX78000/softfp/libPeriphDriver_softfp.a(cameraif_ai85.o)
                0x00000000100026f4                MXC_PCIF_DisableInt
 .text.MXC_PCIF_Start
                0x0000000010002700        0xc /home/geffencooper/Model_Development/ai8x-synthesis/sdk/Libraries/PeriphDrivers/bin/MAX78000/softfp/libPeriphDriver_softfp.a(cameraif_ai85.o)
                0x0000000010002700                MXC_PCIF_Start
 .text.MXC_PCIF_RevA_SetDatawidth
                0x000000001000270c       0x12 /home/geffencooper/Model_Development/ai8x-synthesis/sdk/Libraries/PeriphDrivers/bin/MAX78000/softfp/libPeriphDriver_softfp.a(cameraif_reva.o)
                0x000000001000270c                MXC_PCIF_RevA_SetDatawidth
 .text.MXC_PCIF_RevA_SetTimingSel
                0x000000001000271e       0x12 /home/geffencooper/Model_Development/ai8x-synthesis/sdk/Libraries/PeriphDrivers/bin/MAX78000/softfp/libPeriphDriver_softfp.a(cameraif_reva.o)
                0x000000001000271e                MXC_PCIF_RevA_SetTimingSel
 .text.MXC_PCIF_RevA_SetThreshold
                0x0000000010002730       0x16 /home/geffencooper/Model_Development/ai8x-synthesis/sdk/Libraries/PeriphDrivers/bin/MAX78000/softfp/libPeriphDriver_softfp.a(cameraif_reva.o)
                0x0000000010002730                MXC_PCIF_RevA_SetThreshold
 .text.MXC_PCIF_RevA_EnableInt
                0x0000000010002746        0xc /home/geffencooper/Model_Development/ai8x-synthesis/sdk/Libraries/PeriphDrivers/bin/MAX78000/softfp/libPeriphDriver_softfp.a(cameraif_reva.o)
                0x0000000010002746                MXC_PCIF_RevA_EnableInt
 .text.MXC_PCIF_RevA_DisableInt
                0x0000000010002752        0xe /home/geffencooper/Model_Development/ai8x-synthesis/sdk/Libraries/PeriphDrivers/bin/MAX78000/softfp/libPeriphDriver_softfp.a(cameraif_reva.o)
                0x0000000010002752                MXC_PCIF_RevA_DisableInt
 .text.MXC_PCIF_RevA_Start
                0x0000000010002760       0x14 /home/geffencooper/Model_Development/ai8x-synthesis/sdk/Libraries/PeriphDrivers/bin/MAX78000/softfp/libPeriphDriver_softfp.a(cameraif_reva.o)
                0x0000000010002760                MXC_PCIF_RevA_Start
 .text.MXC_DMA_Init
                0x0000000010002774       0x28 /home/geffencooper/Model_Development/ai8x-synthesis/sdk/Libraries/PeriphDrivers/bin/MAX78000/softfp/libPeriphDriver_softfp.a(dma_me17.o)
                0x0000000010002774                MXC_DMA_Init
 .text.MXC_DMA_AcquireChannel
                0x000000001000279c        0xc /home/geffencooper/Model_Development/ai8x-synthesis/sdk/Libraries/PeriphDrivers/bin/MAX78000/softfp/libPeriphDriver_softfp.a(dma_me17.o)
                0x000000001000279c                MXC_DMA_AcquireChannel
 .text.MXC_DMA_SetCallback
                0x00000000100027a8        0x4 /home/geffencooper/Model_Development/ai8x-synthesis/sdk/Libraries/PeriphDrivers/bin/MAX78000/softfp/libPeriphDriver_softfp.a(dma_me17.o)
                0x00000000100027a8                MXC_DMA_SetCallback
 .text.MXC_DMA_ChannelClearFlags
                0x00000000100027ac        0x4 /home/geffencooper/Model_Development/ai8x-synthesis/sdk/Libraries/PeriphDrivers/bin/MAX78000/softfp/libPeriphDriver_softfp.a(dma_me17.o)
                0x00000000100027ac                MXC_DMA_ChannelClearFlags
 .text.MXC_DMA_Handler
                0x00000000100027b0        0xc /home/geffencooper/Model_Development/ai8x-synthesis/sdk/Libraries/PeriphDrivers/bin/MAX78000/softfp/libPeriphDriver_softfp.a(dma_me17.o)
                0x00000000100027b0                MXC_DMA_Handler
 .text.MXC_DMA_RevA_Init
                0x00000000100027bc       0x8c /home/geffencooper/Model_Development/ai8x-synthesis/sdk/Libraries/PeriphDrivers/bin/MAX78000/softfp/libPeriphDriver_softfp.a(dma_reva.o)
                0x00000000100027bc                MXC_DMA_RevA_Init
 .text.MXC_DMA_RevA_AcquireChannel
                0x0000000010002848       0x6c /home/geffencooper/Model_Development/ai8x-synthesis/sdk/Libraries/PeriphDrivers/bin/MAX78000/softfp/libPeriphDriver_softfp.a(dma_reva.o)
                0x0000000010002848                MXC_DMA_RevA_AcquireChannel
 .text.MXC_DMA_RevA_SetCallback
                0x00000000100028b4       0x20 /home/geffencooper/Model_Development/ai8x-synthesis/sdk/Libraries/PeriphDrivers/bin/MAX78000/softfp/libPeriphDriver_softfp.a(dma_reva.o)
                0x00000000100028b4                MXC_DMA_RevA_SetCallback
 .text.MXC_DMA_RevA_ChannelGetFlags
                0x00000000100028d4       0x20 /home/geffencooper/Model_Development/ai8x-synthesis/sdk/Libraries/PeriphDrivers/bin/MAX78000/softfp/libPeriphDriver_softfp.a(dma_reva.o)
                0x00000000100028d4                MXC_DMA_RevA_ChannelGetFlags
 .text.MXC_DMA_RevA_ChannelClearFlags
                0x00000000100028f4       0x2c /home/geffencooper/Model_Development/ai8x-synthesis/sdk/Libraries/PeriphDrivers/bin/MAX78000/softfp/libPeriphDriver_softfp.a(dma_reva.o)
                0x00000000100028f4                MXC_DMA_RevA_ChannelClearFlags
 .text.MXC_DMA_RevA_Handler
                0x0000000010002920       0x64 /home/geffencooper/Model_Development/ai8x-synthesis/sdk/Libraries/PeriphDrivers/bin/MAX78000/softfp/libPeriphDriver_softfp.a(dma_reva.o)
                0x0000000010002920                MXC_DMA_RevA_Handler
 .text.MXC_GPIO_Init
                0x0000000010002984       0x22 /home/geffencooper/Model_Development/ai8x-synthesis/sdk/Libraries/PeriphDrivers/bin/MAX78000/softfp/libPeriphDriver_softfp.a(gpio_ai85.o)
                0x0000000010002984                MXC_GPIO_Init
 *fill*         0x00000000100029a6        0x2 
 .text.MXC_GPIO_Config
                0x00000000100029a8      0x1e4 /home/geffencooper/Model_Development/ai8x-synthesis/sdk/Libraries/PeriphDrivers/bin/MAX78000/softfp/libPeriphDriver_softfp.a(gpio_ai85.o)
                0x00000000100029a8                MXC_GPIO_Config
 .text.MXC_GPIO_OutSet
                0x0000000010002b8c       0x34 /home/geffencooper/Model_Development/ai8x-synthesis/sdk/Libraries/PeriphDrivers/bin/MAX78000/softfp/libPeriphDriver_softfp.a(gpio_ai85.o)
                0x0000000010002b8c                MXC_GPIO_OutSet
 .text.MXC_GPIO_OutClr
                0x0000000010002bc0       0x34 /home/geffencooper/Model_Development/ai8x-synthesis/sdk/Libraries/PeriphDrivers/bin/MAX78000/softfp/libPeriphDriver_softfp.a(gpio_ai85.o)
                0x0000000010002bc0                MXC_GPIO_OutClr
 .text.MXC_GPIO_Handler
                0x0000000010002bf4        0x4 /home/geffencooper/Model_Development/ai8x-synthesis/sdk/Libraries/PeriphDrivers/bin/MAX78000/softfp/libPeriphDriver_softfp.a(gpio_ai85.o)
                0x0000000010002bf4                MXC_GPIO_Handler
 .text.MXC_GPIO_ClearFlags
                0x0000000010002bf8        0x4 /home/geffencooper/Model_Development/ai8x-synthesis/sdk/Libraries/PeriphDrivers/bin/MAX78000/softfp/libPeriphDriver_softfp.a(gpio_ai85.o)
                0x0000000010002bf8                MXC_GPIO_ClearFlags
 .text.MXC_GPIO_GetFlags
                0x0000000010002bfc        0x4 /home/geffencooper/Model_Development/ai8x-synthesis/sdk/Libraries/PeriphDrivers/bin/MAX78000/softfp/libPeriphDriver_softfp.a(gpio_ai85.o)
                0x0000000010002bfc                MXC_GPIO_GetFlags
 .text.MXC_GPIO_SetVSSEL
                0x0000000010002c00        0x4 /home/geffencooper/Model_Development/ai8x-synthesis/sdk/Libraries/PeriphDrivers/bin/MAX78000/softfp/libPeriphDriver_softfp.a(gpio_ai85.o)
                0x0000000010002c00                MXC_GPIO_SetVSSEL
 .text.MXC_GPIO_RevA_OutSet
                0x0000000010002c04        0x4 /home/geffencooper/Model_Development/ai8x-synthesis/sdk/Libraries/PeriphDrivers/bin/MAX78000/softfp/libPeriphDriver_softfp.a(gpio_reva.o)
                0x0000000010002c04                MXC_GPIO_RevA_OutSet
 .text.MXC_GPIO_RevA_OutClr
                0x0000000010002c08        0x4 /home/geffencooper/Model_Development/ai8x-synthesis/sdk/Libraries/PeriphDrivers/bin/MAX78000/softfp/libPeriphDriver_softfp.a(gpio_reva.o)
                0x0000000010002c08                MXC_GPIO_RevA_OutClr
 .text.MXC_GPIO_RevA_ClearFlags
                0x0000000010002c0c        0x4 /home/geffencooper/Model_Development/ai8x-synthesis/sdk/Libraries/PeriphDrivers/bin/MAX78000/softfp/libPeriphDriver_softfp.a(gpio_reva.o)
                0x0000000010002c0c                MXC_GPIO_RevA_ClearFlags
 .text.MXC_GPIO_RevA_GetFlags
                0x0000000010002c10        0x4 /home/geffencooper/Model_Development/ai8x-synthesis/sdk/Libraries/PeriphDrivers/bin/MAX78000/softfp/libPeriphDriver_softfp.a(gpio_reva.o)
                0x0000000010002c10                MXC_GPIO_RevA_GetFlags
 .text.MXC_GPIO_RevA_SetVSSEL
                0x0000000010002c14       0x24 /home/geffencooper/Model_Development/ai8x-synthesis/sdk/Libraries/PeriphDrivers/bin/MAX78000/softfp/libPeriphDriver_softfp.a(gpio_reva.o)
                0x0000000010002c14                MXC_GPIO_RevA_SetVSSEL
 .text.MXC_GPIO_RevA_SetAF
                0x0000000010002c38       0x40 /home/geffencooper/Model_Development/ai8x-synthesis/sdk/Libraries/PeriphDrivers/bin/MAX78000/softfp/libPeriphDriver_softfp.a(gpio_reva.o)
                0x0000000010002c38                MXC_GPIO_RevA_SetAF
 .text.MXC_ICC_Enable
                0x0000000010002c78        0x4 /home/geffencooper/Model_Development/ai8x-synthesis/sdk/Libraries/PeriphDrivers/bin/MAX78000/softfp/libPeriphDriver_softfp.a(icc_me17.o)
                0x0000000010002c78                MXC_ICC_Enable
 .text.MXC_ICC_RevA_Enable
                0x0000000010002c7c       0x30 /home/geffencooper/Model_Development/ai8x-synthesis/sdk/Libraries/PeriphDrivers/bin/MAX78000/softfp/libPeriphDriver_softfp.a(icc_reva.o)
                0x0000000010002c7c                MXC_ICC_RevA_Enable
 .text.MXC_PT_Init
                0x0000000010002cac       0x90 /home/geffencooper/Model_Development/ai8x-synthesis/sdk/Libraries/PeriphDrivers/bin/MAX78000/softfp/libPeriphDriver_softfp.a(pt_me17.o)
                0x0000000010002cac                MXC_PT_Init
 .text.MXC_PT_Config
                0x0000000010002d3c       0x4c /home/geffencooper/Model_Development/ai8x-synthesis/sdk/Libraries/PeriphDrivers/bin/MAX78000/softfp/libPeriphDriver_softfp.a(pt_me17.o)
                0x0000000010002d3c                MXC_PT_Config
 .text.MXC_PT_SqrWaveConfig
                0x0000000010002d88       0x20 /home/geffencooper/Model_Development/ai8x-synthesis/sdk/Libraries/PeriphDrivers/bin/MAX78000/softfp/libPeriphDriver_softfp.a(pt_me17.o)
                0x0000000010002d88                MXC_PT_SqrWaveConfig
 .text.MXC_PT_Start
                0x0000000010002da8        0xc /home/geffencooper/Model_Development/ai8x-synthesis/sdk/Libraries/PeriphDrivers/bin/MAX78000/softfp/libPeriphDriver_softfp.a(pt_me17.o)
                0x0000000010002da8                MXC_PT_Start
 .text.MXC_PT_IsActive
                0x0000000010002db4        0xc /home/geffencooper/Model_Development/ai8x-synthesis/sdk/Libraries/PeriphDrivers/bin/MAX78000/softfp/libPeriphDriver_softfp.a(pt_me17.o)
                0x0000000010002db4                MXC_PT_IsActive
 .text.MXC_PT_RevA_Init
                0x0000000010002dc0        0xa /home/geffencooper/Model_Development/ai8x-synthesis/sdk/Libraries/PeriphDrivers/bin/MAX78000/softfp/libPeriphDriver_softfp.a(pt_reva.o)
                0x0000000010002dc0                MXC_PT_RevA_Init
 *fill*         0x0000000010002dca        0x2 
 .text.MXC_PT_RevA_Config
                0x0000000010002dcc       0xbc /home/geffencooper/Model_Development/ai8x-synthesis/sdk/Libraries/PeriphDrivers/bin/MAX78000/softfp/libPeriphDriver_softfp.a(pt_reva.o)
                0x0000000010002dcc                MXC_PT_RevA_Config
 .text.MXC_PT_RevA_SqrWaveConfig
                0x0000000010002e88       0x14 /home/geffencooper/Model_Development/ai8x-synthesis/sdk/Libraries/PeriphDrivers/bin/MAX78000/softfp/libPeriphDriver_softfp.a(pt_reva.o)
                0x0000000010002e88                MXC_PT_RevA_SqrWaveConfig
 .text.MXC_PT_RevA_Start
                0x0000000010002e9c       0x10 /home/geffencooper/Model_Development/ai8x-synthesis/sdk/Libraries/PeriphDrivers/bin/MAX78000/softfp/libPeriphDriver_softfp.a(pt_reva.o)
                0x0000000010002e9c                MXC_PT_RevA_Start
 .text.MXC_PT_RevA_IsActive
                0x0000000010002eac        0xc /home/geffencooper/Model_Development/ai8x-synthesis/sdk/Libraries/PeriphDrivers/bin/MAX78000/softfp/libPeriphDriver_softfp.a(pt_reva.o)
                0x0000000010002eac                MXC_PT_RevA_IsActive
 .text.MXC_SPI_Init
                0x0000000010002eb8      0x1b8 /home/geffencooper/Model_Development/ai8x-synthesis/sdk/Libraries/PeriphDrivers/bin/MAX78000/softfp/libPeriphDriver_softfp.a(spi_me17.o)
                0x0000000010002eb8                MXC_SPI_Init
 .text.MXC_SPI_GetPeripheralClock
                0x0000000010003070       0x74 /home/geffencooper/Model_Development/ai8x-synthesis/sdk/Libraries/PeriphDrivers/bin/MAX78000/softfp/libPeriphDriver_softfp.a(spi_me17.o)
                0x0000000010003070                MXC_SPI_GetPeripheralClock
 .text.MXC_SPI_SetFrequency
                0x00000000100030e4        0x4 /home/geffencooper/Model_Development/ai8x-synthesis/sdk/Libraries/PeriphDrivers/bin/MAX78000/softfp/libPeriphDriver_softfp.a(spi_me17.o)
                0x00000000100030e4                MXC_SPI_SetFrequency
 .text.MXC_SPI_SetDataSize
                0x00000000100030e8        0x4 /home/geffencooper/Model_Development/ai8x-synthesis/sdk/Libraries/PeriphDrivers/bin/MAX78000/softfp/libPeriphDriver_softfp.a(spi_me17.o)
                0x00000000100030e8                MXC_SPI_SetDataSize
 .text.MXC_SPI_SetWidth
                0x00000000100030ec        0x4 /home/geffencooper/Model_Development/ai8x-synthesis/sdk/Libraries/PeriphDrivers/bin/MAX78000/softfp/libPeriphDriver_softfp.a(spi_me17.o)
                0x00000000100030ec                MXC_SPI_SetWidth
 .text.MXC_SPI_RevA_Init
                0x00000000100030f0       0xd0 /home/geffencooper/Model_Development/ai8x-synthesis/sdk/Libraries/PeriphDrivers/bin/MAX78000/softfp/libPeriphDriver_softfp.a(spi_reva.o)
                0x00000000100030f0                MXC_SPI_RevA_Init
 .text.MXC_SPI_RevA_SetFrequency
                0x00000000100031c0       0x70 /home/geffencooper/Model_Development/ai8x-synthesis/sdk/Libraries/PeriphDrivers/bin/MAX78000/softfp/libPeriphDriver_softfp.a(spi_reva.o)
                0x00000000100031c0                MXC_SPI_RevA_SetFrequency
 .text.MXC_SPI_RevA_SetDataSize
                0x0000000010003230       0x94 /home/geffencooper/Model_Development/ai8x-synthesis/sdk/Libraries/PeriphDrivers/bin/MAX78000/softfp/libPeriphDriver_softfp.a(spi_reva.o)
                0x0000000010003230                MXC_SPI_RevA_SetDataSize
 .text.MXC_SPI_RevA_SetWidth
                0x00000000100032c4       0x60 /home/geffencooper/Model_Development/ai8x-synthesis/sdk/Libraries/PeriphDrivers/bin/MAX78000/softfp/libPeriphDriver_softfp.a(spi_reva.o)
                0x00000000100032c4                MXC_SPI_RevA_SetWidth
 .text.MXC_UART_GetFrequency.part.0
                0x0000000010003324       0x54 /home/geffencooper/Model_Development/ai8x-synthesis/sdk/Libraries/PeriphDrivers/bin/MAX78000/softfp/libPeriphDriver_softfp.a(uart_ai85.o)
 .text.MXC_UART_Shutdown
                0x0000000010003378       0x60 /home/geffencooper/Model_Development/ai8x-synthesis/sdk/Libraries/PeriphDrivers/bin/MAX78000/softfp/libPeriphDriver_softfp.a(uart_ai85.o)
                0x0000000010003378                MXC_UART_Shutdown
 .text.MXC_UART_Init
                0x00000000100033d8       0x98 /home/geffencooper/Model_Development/ai8x-synthesis/sdk/Libraries/PeriphDrivers/bin/MAX78000/softfp/libPeriphDriver_softfp.a(uart_ai85.o)
                0x00000000100033d8                MXC_UART_Init
 .text.MXC_UART_SetFrequency
                0x0000000010003470       0xb8 /home/geffencooper/Model_Development/ai8x-synthesis/sdk/Libraries/PeriphDrivers/bin/MAX78000/softfp/libPeriphDriver_softfp.a(uart_ai85.o)
                0x0000000010003470                MXC_UART_SetFrequency
 .text.MXC_UART_GetFrequency
                0x0000000010003528       0x30 /home/geffencooper/Model_Development/ai8x-synthesis/sdk/Libraries/PeriphDrivers/bin/MAX78000/softfp/libPeriphDriver_softfp.a(uart_ai85.o)
                0x0000000010003528                MXC_UART_GetFrequency
 .text.MXC_UART_SetDataSize
                0x0000000010003558        0x4 /home/geffencooper/Model_Development/ai8x-synthesis/sdk/Libraries/PeriphDrivers/bin/MAX78000/softfp/libPeriphDriver_softfp.a(uart_ai85.o)
                0x0000000010003558                MXC_UART_SetDataSize
 .text.MXC_UART_SetStopBits
                0x000000001000355c        0x4 /home/geffencooper/Model_Development/ai8x-synthesis/sdk/Libraries/PeriphDrivers/bin/MAX78000/softfp/libPeriphDriver_softfp.a(uart_ai85.o)
                0x000000001000355c                MXC_UART_SetStopBits
 .text.MXC_UART_SetParity
                0x0000000010003560        0x4 /home/geffencooper/Model_Development/ai8x-synthesis/sdk/Libraries/PeriphDrivers/bin/MAX78000/softfp/libPeriphDriver_softfp.a(uart_ai85.o)
                0x0000000010003560                MXC_UART_SetParity
 .text.MXC_UART_ReadCharacterRaw
                0x0000000010003564        0x4 /home/geffencooper/Model_Development/ai8x-synthesis/sdk/Libraries/PeriphDrivers/bin/MAX78000/softfp/libPeriphDriver_softfp.a(uart_ai85.o)
                0x0000000010003564                MXC_UART_ReadCharacterRaw
 .text.MXC_UART_WriteCharacterRaw
                0x0000000010003568        0x4 /home/geffencooper/Model_Development/ai8x-synthesis/sdk/Libraries/PeriphDrivers/bin/MAX78000/softfp/libPeriphDriver_softfp.a(uart_ai85.o)
                0x0000000010003568                MXC_UART_WriteCharacterRaw
 .text.MXC_UART_ReadCharacter
                0x000000001000356c        0x4 /home/geffencooper/Model_Development/ai8x-synthesis/sdk/Libraries/PeriphDrivers/bin/MAX78000/softfp/libPeriphDriver_softfp.a(uart_ai85.o)
                0x000000001000356c                MXC_UART_ReadCharacter
 .text.MXC_UART_WriteCharacter
                0x0000000010003570        0x4 /home/geffencooper/Model_Development/ai8x-synthesis/sdk/Libraries/PeriphDrivers/bin/MAX78000/softfp/libPeriphDriver_softfp.a(uart_ai85.o)
                0x0000000010003570                MXC_UART_WriteCharacter
 .text.MXC_UART_GetRXFIFOAvailable
                0x0000000010003574        0x4 /home/geffencooper/Model_Development/ai8x-synthesis/sdk/Libraries/PeriphDrivers/bin/MAX78000/softfp/libPeriphDriver_softfp.a(uart_ai85.o)
                0x0000000010003574                MXC_UART_GetRXFIFOAvailable
 .text.MXC_UART_GetTXFIFOAvailable
                0x0000000010003578        0x4 /home/geffencooper/Model_Development/ai8x-synthesis/sdk/Libraries/PeriphDrivers/bin/MAX78000/softfp/libPeriphDriver_softfp.a(uart_ai85.o)
                0x0000000010003578                MXC_UART_GetTXFIFOAvailable
 .text.MXC_UART_SetRXThreshold
                0x000000001000357c        0x4 /home/geffencooper/Model_Development/ai8x-synthesis/sdk/Libraries/PeriphDrivers/bin/MAX78000/softfp/libPeriphDriver_softfp.a(uart_ai85.o)
                0x000000001000357c                MXC_UART_SetRXThreshold
 .text.MXC_UART_Common_ReadCharacter
                0x0000000010003580       0x18 /home/geffencooper/Model_Development/ai8x-synthesis/sdk/Libraries/PeriphDrivers/bin/MAX78000/softfp/libPeriphDriver_softfp.a(uart_common.o)
                0x0000000010003580                MXC_UART_Common_ReadCharacter
 .text.MXC_UART_Common_WriteCharacter
                0x0000000010003598       0x1e /home/geffencooper/Model_Development/ai8x-synthesis/sdk/Libraries/PeriphDrivers/bin/MAX78000/softfp/libPeriphDriver_softfp.a(uart_common.o)
                0x0000000010003598                MXC_UART_Common_WriteCharacter
 *fill*         0x00000000100035b6        0x2 
 .text.MXC_UART_RevB_Init
                0x00000000100035b8       0x68 /home/geffencooper/Model_Development/ai8x-synthesis/sdk/Libraries/PeriphDrivers/bin/MAX78000/softfp/libPeriphDriver_softfp.a(uart_revb.o)
                0x00000000100035b8                MXC_UART_RevB_Init
 .text.MXC_UART_RevB_SetFrequency
                0x0000000010003620       0x88 /home/geffencooper/Model_Development/ai8x-synthesis/sdk/Libraries/PeriphDrivers/bin/MAX78000/softfp/libPeriphDriver_softfp.a(uart_revb.o)
                0x0000000010003620                MXC_UART_RevB_SetFrequency
 .text.MXC_UART_RevB_GetFrequency
                0x00000000100036a8       0x68 /home/geffencooper/Model_Development/ai8x-synthesis/sdk/Libraries/PeriphDrivers/bin/MAX78000/softfp/libPeriphDriver_softfp.a(uart_revb.o)
                0x00000000100036a8                MXC_UART_RevB_GetFrequency
 .text.MXC_UART_RevB_SetDataSize
                0x0000000010003710       0x40 /home/geffencooper/Model_Development/ai8x-synthesis/sdk/Libraries/PeriphDrivers/bin/MAX78000/softfp/libPeriphDriver_softfp.a(uart_revb.o)
                0x0000000010003710                MXC_UART_RevB_SetDataSize
 .text.MXC_UART_RevB_SetStopBits
                0x0000000010003750       0x44 /home/geffencooper/Model_Development/ai8x-synthesis/sdk/Libraries/PeriphDrivers/bin/MAX78000/softfp/libPeriphDriver_softfp.a(uart_revb.o)
                0x0000000010003750                MXC_UART_RevB_SetStopBits
 .text.MXC_UART_RevB_SetParity
                0x0000000010003794       0x94 /home/geffencooper/Model_Development/ai8x-synthesis/sdk/Libraries/PeriphDrivers/bin/MAX78000/softfp/libPeriphDriver_softfp.a(uart_revb.o)
                0x0000000010003794                MXC_UART_RevB_SetParity
 .text.MXC_UART_RevB_ReadCharacterRaw
                0x0000000010003828       0x38 /home/geffencooper/Model_Development/ai8x-synthesis/sdk/Libraries/PeriphDrivers/bin/MAX78000/softfp/libPeriphDriver_softfp.a(uart_revb.o)
                0x0000000010003828                MXC_UART_RevB_ReadCharacterRaw
 .text.MXC_UART_RevB_WriteCharacterRaw
                0x0000000010003860       0x3c /home/geffencooper/Model_Development/ai8x-synthesis/sdk/Libraries/PeriphDrivers/bin/MAX78000/softfp/libPeriphDriver_softfp.a(uart_revb.o)
                0x0000000010003860                MXC_UART_RevB_WriteCharacterRaw
 .text.MXC_UART_RevB_GetRXFIFOAvailable
                0x000000001000389c        0x8 /home/geffencooper/Model_Development/ai8x-synthesis/sdk/Libraries/PeriphDrivers/bin/MAX78000/softfp/libPeriphDriver_softfp.a(uart_revb.o)
                0x000000001000389c                MXC_UART_RevB_GetRXFIFOAvailable
 .text.MXC_UART_RevB_GetTXFIFOAvailable
                0x00000000100038a4        0xc /home/geffencooper/Model_Development/ai8x-synthesis/sdk/Libraries/PeriphDrivers/bin/MAX78000/softfp/libPeriphDriver_softfp.a(uart_revb.o)
                0x00000000100038a4                MXC_UART_RevB_GetTXFIFOAvailable
 .text.MXC_UART_RevB_SetRXThreshold
                0x00000000100038b0       0x3c /home/geffencooper/Model_Development/ai8x-synthesis/sdk/Libraries/PeriphDrivers/bin/MAX78000/softfp/libPeriphDriver_softfp.a(uart_revb.o)
                0x00000000100038b0                MXC_UART_RevB_SetRXThreshold
 .text.MXC_GetLock
                0x00000000100038ec       0x1c /home/geffencooper/Model_Development/ai8x-synthesis/sdk/Libraries/PeriphDrivers/bin/MAX78000/softfp/libPeriphDriver_softfp.a(mxc_lock.o)
                0x00000000100038ec                MXC_GetLock
 .text.MXC_FreeLock
                0x0000000010003908        0xa /home/geffencooper/Model_Development/ai8x-synthesis/sdk/Libraries/PeriphDrivers/bin/MAX78000/softfp/libPeriphDriver_softfp.a(mxc_lock.o)
                0x0000000010003908                MXC_FreeLock
 *fill*         0x0000000010003912        0x2 
 .text.MXC_GPIO_Common_Init
                0x0000000010003914       0x24 /home/geffencooper/Model_Development/ai8x-synthesis/sdk/Libraries/PeriphDrivers/bin/MAX78000/softfp/libPeriphDriver_softfp.a(gpio_common.o)
                0x0000000010003914                MXC_GPIO_Common_Init
 .text.MXC_GPIO_Common_Handler
                0x0000000010003938       0x84 /home/geffencooper/Model_Development/ai8x-synthesis/sdk/Libraries/PeriphDrivers/bin/MAX78000/softfp/libPeriphDriver_softfp.a(gpio_common.o)
                0x0000000010003938                MXC_GPIO_Common_Handler
 .text.__errno  0x00000000100039bc        0xc /home/geffencooper/gcc-arm-none-eabi-10.3-2021.10/bin/../lib/gcc/arm-none-eabi/10.3.1/../../../../arm-none-eabi/lib/thumb/v7e-m+fp/softfp/libc.a(lib_a-errno.o)
                0x00000000100039bc                __errno
 .text.__libc_init_array
                0x00000000100039c8       0x48 /home/geffencooper/gcc-arm-none-eabi-10.3-2021.10/bin/../lib/gcc/arm-none-eabi/10.3.1/../../../../arm-none-eabi/lib/thumb/v7e-m+fp/softfp/libc.a(lib_a-init.o)
                0x00000000100039c8                __libc_init_array
 .text.malloc   0x0000000010003a10       0x10 /home/geffencooper/gcc-arm-none-eabi-10.3-2021.10/bin/../lib/gcc/arm-none-eabi/10.3.1/../../../../arm-none-eabi/lib/thumb/v7e-m+fp/softfp/libc.a(lib_a-malloc.o)
                0x0000000010003a10                malloc
 .text.free     0x0000000010003a20       0x10 /home/geffencooper/gcc-arm-none-eabi-10.3-2021.10/bin/../lib/gcc/arm-none-eabi/10.3.1/../../../../arm-none-eabi/lib/thumb/v7e-m+fp/softfp/libc.a(lib_a-malloc.o)
                0x0000000010003a20                free
 .text._malloc_r
                0x0000000010003a30      0x560 /home/geffencooper/gcc-arm-none-eabi-10.3-2021.10/bin/../lib/gcc/arm-none-eabi/10.3.1/../../../../arm-none-eabi/lib/thumb/v7e-m+fp/softfp/libc.a(lib_a-mallocr.o)
                0x0000000010003a30                _malloc_r
 .text          0x0000000010003f90      0x134 /home/geffencooper/gcc-arm-none-eabi-10.3-2021.10/bin/../lib/gcc/arm-none-eabi/10.3.1/../../../../arm-none-eabi/lib/thumb/v7e-m+fp/softfp/libc.a(lib_a-memcpy.o)
                0x0000000010003f90                memcpy
 .text.memset   0x00000000100040c4       0xa4 /home/geffencooper/gcc-arm-none-eabi-10.3-2021.10/bin/../lib/gcc/arm-none-eabi/10.3.1/../../../../arm-none-eabi/lib/thumb/v7e-m+fp/softfp/libc.a(lib_a-memset.o)
                0x00000000100040c4                memset
 .text.__malloc_lock
                0x0000000010004168        0xc /home/geffencooper/gcc-arm-none-eabi-10.3-2021.10/bin/../lib/gcc/arm-none-eabi/10.3.1/../../../../arm-none-eabi/lib/thumb/v7e-m+fp/softfp/libc.a(lib_a-mlock.o)
                0x0000000010004168                __malloc_lock
 .text.__malloc_unlock
                0x0000000010004174        0xc /home/geffencooper/gcc-arm-none-eabi-10.3-2021.10/bin/../lib/gcc/arm-none-eabi/10.3.1/../../../../arm-none-eabi/lib/thumb/v7e-m+fp/softfp/libc.a(lib_a-mlock.o)
                0x0000000010004174                __malloc_unlock
 .text.printf   0x0000000010004180       0x28 /home/geffencooper/gcc-arm-none-eabi-10.3-2021.10/bin/../lib/gcc/arm-none-eabi/10.3.1/../../../../arm-none-eabi/lib/thumb/v7e-m+fp/softfp/libc.a(lib_a-printf.o)
                0x0000000010004180                printf
 .text._puts_r  0x00000000100041a8       0x9c /home/geffencooper/gcc-arm-none-eabi-10.3-2021.10/bin/../lib/gcc/arm-none-eabi/10.3.1/../../../../arm-none-eabi/lib/thumb/v7e-m+fp/softfp/libc.a(lib_a-puts.o)
                0x00000000100041a8                _puts_r
 .text.puts     0x0000000010004244       0x10 /home/geffencooper/gcc-arm-none-eabi-10.3-2021.10/bin/../lib/gcc/arm-none-eabi/10.3.1/../../../../arm-none-eabi/lib/thumb/v7e-m+fp/softfp/libc.a(lib_a-puts.o)
                0x0000000010004244                puts
 .text._sbrk_r  0x0000000010004254       0x24 /home/geffencooper/gcc-arm-none-eabi-10.3-2021.10/bin/../lib/gcc/arm-none-eabi/10.3.1/../../../../arm-none-eabi/lib/thumb/v7e-m+fp/softfp/libc.a(lib_a-sbrkr.o)
                0x0000000010004254                _sbrk_r
 .text.sprintf  0x0000000010004278       0x40 /home/geffencooper/gcc-arm-none-eabi-10.3-2021.10/bin/../lib/gcc/arm-none-eabi/10.3.1/../../../../arm-none-eabi/lib/thumb/v7e-m+fp/softfp/libc.a(lib_a-sprintf.o)
                0x0000000010004278                sprintf
 *fill*         0x00000000100042b8        0x8 
 .text          0x00000000100042c0       0xdc /home/geffencooper/gcc-arm-none-eabi-10.3-2021.10/bin/../lib/gcc/arm-none-eabi/10.3.1/../../../../arm-none-eabi/lib/thumb/v7e-m+fp/softfp/libc.a(lib_a-strlen.o)
                0x00000000100042c0                strlen
 *fill*         0x000000001000439c        0x4 
 .text._svfprintf_r
                0x00000000100043a0     0x1ac8 /home/geffencooper/gcc-arm-none-eabi-10.3-2021.10/bin/../lib/gcc/arm-none-eabi/10.3.1/../../../../arm-none-eabi/lib/thumb/v7e-m+fp/softfp/libc.a(lib_a-svfprintf.o)
                0x00000000100043a0                _svfprintf_r
 .text._vfprintf_r
                0x0000000010005e68     0x1b8c /home/geffencooper/gcc-arm-none-eabi-10.3-2021.10/bin/../lib/gcc/arm-none-eabi/10.3.1/../../../../arm-none-eabi/lib/thumb/v7e-m+fp/softfp/libc.a(lib_a-vfprintf.o)
                0x0000000010005e68                _vfprintf_r
 .text.__sbprintf
                0x00000000100079f4       0x80 /home/geffencooper/gcc-arm-none-eabi-10.3-2021.10/bin/../lib/gcc/arm-none-eabi/10.3.1/../../../../arm-none-eabi/lib/thumb/v7e-m+fp/softfp/libc.a(lib_a-vfprintf.o)
 .text.__swsetup_r
                0x0000000010007a74       0xd4 /home/geffencooper/gcc-arm-none-eabi-10.3-2021.10/bin/../lib/gcc/arm-none-eabi/10.3.1/../../../../arm-none-eabi/lib/thumb/v7e-m+fp/softfp/libc.a(lib_a-wsetup.o)
                0x0000000010007a74                __swsetup_r
 .text.startup.register_fini
                0x0000000010007b48       0x14 /home/geffencooper/gcc-arm-none-eabi-10.3-2021.10/bin/../lib/gcc/arm-none-eabi/10.3.1/../../../../arm-none-eabi/lib/thumb/v7e-m+fp/softfp/libc.a(lib_a-__call_atexit.o)
 .text.atexit   0x0000000010007b5c        0xc /home/geffencooper/gcc-arm-none-eabi-10.3-2021.10/bin/../lib/gcc/arm-none-eabi/10.3.1/../../../../arm-none-eabi/lib/thumb/v7e-m+fp/softfp/libc.a(lib_a-atexit.o)
                0x0000000010007b5c                atexit
 .text.quorem   0x0000000010007b68      0x128 /home/geffencooper/gcc-arm-none-eabi-10.3-2021.10/bin/../lib/gcc/arm-none-eabi/10.3.1/../../../../arm-none-eabi/lib/thumb/v7e-m+fp/softfp/libc.a(lib_a-dtoa.o)
 .text._dtoa_r  0x0000000010007c90      0xf34 /home/geffencooper/gcc-arm-none-eabi-10.3-2021.10/bin/../lib/gcc/arm-none-eabi/10.3.1/../../../../arm-none-eabi/lib/thumb/v7e-m+fp/softfp/libc.a(lib_a-dtoa.o)
                0x0000000010007c90                _dtoa_r
 .text.__sflush_r
                0x0000000010008bc4      0x130 /home/geffencooper/gcc-arm-none-eabi-10.3-2021.10/bin/../lib/gcc/arm-none-eabi/10.3.1/../../../../arm-none-eabi/lib/thumb/v7e-m+fp/softfp/libc.a(lib_a-fflush.o)
                0x0000000010008bc4                __sflush_r
 .text._fflush_r
                0x0000000010008cf4       0x5c /home/geffencooper/gcc-arm-none-eabi-10.3-2021.10/bin/../lib/gcc/arm-none-eabi/10.3.1/../../../../arm-none-eabi/lib/thumb/v7e-m+fp/softfp/libc.a(lib_a-fflush.o)
                0x0000000010008cf4                _fflush_r
 .text._cleanup_r
                0x0000000010008d50        0xc /home/geffencooper/gcc-arm-none-eabi-10.3-2021.10/bin/../lib/gcc/arm-none-eabi/10.3.1/../../../../arm-none-eabi/lib/thumb/v7e-m+fp/softfp/libc.a(lib_a-findfp.o)
                0x0000000010008d50                _cleanup_r
 .text.__sinit  0x0000000010008d5c      0x10c /home/geffencooper/gcc-arm-none-eabi-10.3-2021.10/bin/../lib/gcc/arm-none-eabi/10.3.1/../../../../arm-none-eabi/lib/thumb/v7e-m+fp/softfp/libc.a(lib_a-findfp.o)
                0x0000000010008d5c                __sinit
 .text.__sfp_lock_acquire
                0x0000000010008e68        0xc /home/geffencooper/gcc-arm-none-eabi-10.3-2021.10/bin/../lib/gcc/arm-none-eabi/10.3.1/../../../../arm-none-eabi/lib/thumb/v7e-m+fp/softfp/libc.a(lib_a-findfp.o)
                0x0000000010008e68                __sfp_lock_acquire
 .text.__sfp_lock_release
                0x0000000010008e74        0xc /home/geffencooper/gcc-arm-none-eabi-10.3-2021.10/bin/../lib/gcc/arm-none-eabi/10.3.1/../../../../arm-none-eabi/lib/thumb/v7e-m+fp/softfp/libc.a(lib_a-findfp.o)
                0x0000000010008e74                __sfp_lock_release
 .text.__libc_fini_array
                0x0000000010008e80       0x2c /home/geffencooper/gcc-arm-none-eabi-10.3-2021.10/bin/../lib/gcc/arm-none-eabi/10.3.1/../../../../arm-none-eabi/lib/thumb/v7e-m+fp/softfp/libc.a(lib_a-fini.o)
                0x0000000010008e80                __libc_fini_array
 .text._malloc_trim_r
                0x0000000010008eac       0xa0 /home/geffencooper/gcc-arm-none-eabi-10.3-2021.10/bin/../lib/gcc/arm-none-eabi/10.3.1/../../../../arm-none-eabi/lib/thumb/v7e-m+fp/softfp/libc.a(lib_a-freer.o)
                0x0000000010008eac                _malloc_trim_r
 .text._free_r  0x0000000010008f4c      0x20c /home/geffencooper/gcc-arm-none-eabi-10.3-2021.10/bin/../lib/gcc/arm-none-eabi/10.3.1/../../../../arm-none-eabi/lib/thumb/v7e-m+fp/softfp/libc.a(lib_a-freer.o)
                0x0000000010008f4c                _free_r
 .text.__sfvwrite_r
                0x0000000010009158      0x2f0 /home/geffencooper/gcc-arm-none-eabi-10.3-2021.10/bin/../lib/gcc/arm-none-eabi/10.3.1/../../../../arm-none-eabi/lib/thumb/v7e-m+fp/softfp/libc.a(lib_a-fvwrite.o)
                0x0000000010009158                __sfvwrite_r
 .text._fwalk_reent
                0x0000000010009448       0x48 /home/geffencooper/gcc-arm-none-eabi-10.3-2021.10/bin/../lib/gcc/arm-none-eabi/10.3.1/../../../../arm-none-eabi/lib/thumb/v7e-m+fp/softfp/libc.a(lib_a-fwalk.o)
                0x0000000010009448                _fwalk_reent
 .text._localeconv_r
                0x0000000010009490        0x8 /home/geffencooper/gcc-arm-none-eabi-10.3-2021.10/bin/../lib/gcc/arm-none-eabi/10.3.1/../../../../arm-none-eabi/lib/thumb/v7e-m+fp/softfp/libc.a(lib_a-localeconv.o)
                0x0000000010009490                _localeconv_r
 .text.__retarget_lock_init_recursive
                0x0000000010009498        0x4 /home/geffencooper/gcc-arm-none-eabi-10.3-2021.10/bin/../lib/gcc/arm-none-eabi/10.3.1/../../../../arm-none-eabi/lib/thumb/v7e-m+fp/softfp/libc.a(lib_a-lock.o)
                0x0000000010009498                __retarget_lock_init_recursive
 .text.__retarget_lock_close_recursive
                0x000000001000949c        0x4 /home/geffencooper/gcc-arm-none-eabi-10.3-2021.10/bin/../lib/gcc/arm-none-eabi/10.3.1/../../../../arm-none-eabi/lib/thumb/v7e-m+fp/softfp/libc.a(lib_a-lock.o)
                0x000000001000949c                __retarget_lock_close_recursive
 .text.__retarget_lock_acquire_recursive
                0x00000000100094a0        0x4 /home/geffencooper/gcc-arm-none-eabi-10.3-2021.10/bin/../lib/gcc/arm-none-eabi/10.3.1/../../../../arm-none-eabi/lib/thumb/v7e-m+fp/softfp/libc.a(lib_a-lock.o)
                0x00000000100094a0                __retarget_lock_acquire_recursive
 .text.__retarget_lock_release_recursive
                0x00000000100094a4        0x4 /home/geffencooper/gcc-arm-none-eabi-10.3-2021.10/bin/../lib/gcc/arm-none-eabi/10.3.1/../../../../arm-none-eabi/lib/thumb/v7e-m+fp/softfp/libc.a(lib_a-lock.o)
                0x00000000100094a4                __retarget_lock_release_recursive
 .text.__smakebuf_r
                0x00000000100094a8       0xe0 /home/geffencooper/gcc-arm-none-eabi-10.3-2021.10/bin/../lib/gcc/arm-none-eabi/10.3.1/../../../../arm-none-eabi/lib/thumb/v7e-m+fp/softfp/libc.a(lib_a-makebuf.o)
                0x00000000100094a8                __smakebuf_r
 *fill*         0x0000000010009588        0x8 
 .text          0x0000000010009590       0xa0 /home/geffencooper/gcc-arm-none-eabi-10.3-2021.10/bin/../lib/gcc/arm-none-eabi/10.3.1/../../../../arm-none-eabi/lib/thumb/v7e-m+fp/softfp/libc.a(lib_a-memchr.o)
                0x0000000010009590                memchr
 .text.memmove  0x0000000010009630       0xf8 /home/geffencooper/gcc-arm-none-eabi-10.3-2021.10/bin/../lib/gcc/arm-none-eabi/10.3.1/../../../../arm-none-eabi/lib/thumb/v7e-m+fp/softfp/libc.a(lib_a-memmove.o)
                0x0000000010009630                memmove
 .text._Balloc  0x0000000010009728       0x4c /home/geffencooper/gcc-arm-none-eabi-10.3-2021.10/bin/../lib/gcc/arm-none-eabi/10.3.1/../../../../arm-none-eabi/lib/thumb/v7e-m+fp/softfp/libc.a(lib_a-mprec.o)
                0x0000000010009728                _Balloc
 .text._Bfree   0x0000000010009774       0x14 /home/geffencooper/gcc-arm-none-eabi-10.3-2021.10/bin/../lib/gcc/arm-none-eabi/10.3.1/../../../../arm-none-eabi/lib/thumb/v7e-m+fp/softfp/libc.a(lib_a-mprec.o)
                0x0000000010009774                _Bfree
 .text.__multadd
                0x0000000010009788       0xa8 /home/geffencooper/gcc-arm-none-eabi-10.3-2021.10/bin/../lib/gcc/arm-none-eabi/10.3.1/../../../../arm-none-eabi/lib/thumb/v7e-m+fp/softfp/libc.a(lib_a-mprec.o)
                0x0000000010009788                __multadd
 .text.__hi0bits
                0x0000000010009830       0x40 /home/geffencooper/gcc-arm-none-eabi-10.3-2021.10/bin/../lib/gcc/arm-none-eabi/10.3.1/../../../../arm-none-eabi/lib/thumb/v7e-m+fp/softfp/libc.a(lib_a-mprec.o)
                0x0000000010009830                __hi0bits
 .text.__lo0bits
                0x0000000010009870       0x60 /home/geffencooper/gcc-arm-none-eabi-10.3-2021.10/bin/../lib/gcc/arm-none-eabi/10.3.1/../../../../arm-none-eabi/lib/thumb/v7e-m+fp/softfp/libc.a(lib_a-mprec.o)
                0x0000000010009870                __lo0bits
 .text.__i2b    0x00000000100098d0       0x5c /home/geffencooper/gcc-arm-none-eabi-10.3-2021.10/bin/../lib/gcc/arm-none-eabi/10.3.1/../../../../arm-none-eabi/lib/thumb/v7e-m+fp/softfp/libc.a(lib_a-mprec.o)
                0x00000000100098d0                __i2b
 .text.__multiply
                0x000000001000992c      0x15c /home/geffencooper/gcc-arm-none-eabi-10.3-2021.10/bin/../lib/gcc/arm-none-eabi/10.3.1/../../../../arm-none-eabi/lib/thumb/v7e-m+fp/softfp/libc.a(lib_a-mprec.o)
                0x000000001000992c                __multiply
 .text.__pow5mult
                0x0000000010009a88       0xc0 /home/geffencooper/gcc-arm-none-eabi-10.3-2021.10/bin/../lib/gcc/arm-none-eabi/10.3.1/../../../../arm-none-eabi/lib/thumb/v7e-m+fp/softfp/libc.a(lib_a-mprec.o)
                0x0000000010009a88                __pow5mult
 .text.__lshift
                0x0000000010009b48       0xf0 /home/geffencooper/gcc-arm-none-eabi-10.3-2021.10/bin/../lib/gcc/arm-none-eabi/10.3.1/../../../../arm-none-eabi/lib/thumb/v7e-m+fp/softfp/libc.a(lib_a-mprec.o)
                0x0000000010009b48                __lshift
 .text.__mcmp   0x0000000010009c38       0x44 /home/geffencooper/gcc-arm-none-eabi-10.3-2021.10/bin/../lib/gcc/arm-none-eabi/10.3.1/../../../../arm-none-eabi/lib/thumb/v7e-m+fp/softfp/libc.a(lib_a-mprec.o)
                0x0000000010009c38                __mcmp
 .text.__mdiff  0x0000000010009c7c      0x14c /home/geffencooper/gcc-arm-none-eabi-10.3-2021.10/bin/../lib/gcc/arm-none-eabi/10.3.1/../../../../arm-none-eabi/lib/thumb/v7e-m+fp/softfp/libc.a(lib_a-mprec.o)
                0x0000000010009c7c                __mdiff
 .text.__d2b    0x0000000010009dc8       0xc4 /home/geffencooper/gcc-arm-none-eabi-10.3-2021.10/bin/../lib/gcc/arm-none-eabi/10.3.1/../../../../arm-none-eabi/lib/thumb/v7e-m+fp/softfp/libc.a(lib_a-mprec.o)
                0x0000000010009dc8                __d2b
 .text._realloc_r
                0x0000000010009e8c      0x3d8 /home/geffencooper/gcc-arm-none-eabi-10.3-2021.10/bin/../lib/gcc/arm-none-eabi/10.3.1/../../../../arm-none-eabi/lib/thumb/v7e-m+fp/softfp/libc.a(lib_a-reallocr.o)
                0x0000000010009e8c                _realloc_r
 .text.frexp    0x000000001000a264       0x70 /home/geffencooper/gcc-arm-none-eabi-10.3-2021.10/bin/../lib/gcc/arm-none-eabi/10.3.1/../../../../arm-none-eabi/lib/thumb/v7e-m+fp/softfp/libc.a(lib_a-s_frexp.o)
                0x000000001000a264                frexp
 .text.__sread  0x000000001000a2d4       0x24 /home/geffencooper/gcc-arm-none-eabi-10.3-2021.10/bin/../lib/gcc/arm-none-eabi/10.3.1/../../../../arm-none-eabi/lib/thumb/v7e-m+fp/softfp/libc.a(lib_a-stdio.o)
                0x000000001000a2d4                __sread
 .text.__swrite
                0x000000001000a2f8       0x40 /home/geffencooper/gcc-arm-none-eabi-10.3-2021.10/bin/../lib/gcc/arm-none-eabi/10.3.1/../../../../arm-none-eabi/lib/thumb/v7e-m+fp/softfp/libc.a(lib_a-stdio.o)
                0x000000001000a2f8                __swrite
 .text.__sseek  0x000000001000a338       0x20 /home/geffencooper/gcc-arm-none-eabi-10.3-2021.10/bin/../lib/gcc/arm-none-eabi/10.3.1/../../../../arm-none-eabi/lib/thumb/v7e-m+fp/softfp/libc.a(lib_a-stdio.o)
                0x000000001000a338                __sseek
 .text.__sclose
                0x000000001000a358        0x8 /home/geffencooper/gcc-arm-none-eabi-10.3-2021.10/bin/../lib/gcc/arm-none-eabi/10.3.1/../../../../arm-none-eabi/lib/thumb/v7e-m+fp/softfp/libc.a(lib_a-stdio.o)
                0x000000001000a358                __sclose
 .text.strncpy  0x000000001000a360       0x64 /home/geffencooper/gcc-arm-none-eabi-10.3-2021.10/bin/../lib/gcc/arm-none-eabi/10.3.1/../../../../arm-none-eabi/lib/thumb/v7e-m+fp/softfp/libc.a(lib_a-strncpy.o)
                0x000000001000a360                strncpy
 .text.__ssprint_r
                0x000000001000a3c4       0xf8 /home/geffencooper/gcc-arm-none-eabi-10.3-2021.10/bin/../lib/gcc/arm-none-eabi/10.3.1/../../../../arm-none-eabi/lib/thumb/v7e-m+fp/softfp/libc.a(lib_a-svfiprintf.o)
                0x000000001000a3c4                __ssprint_r
 .text.__sprint_r.part.0
                0x000000001000a4bc       0x78 /home/geffencooper/gcc-arm-none-eabi-10.3-2021.10/bin/../lib/gcc/arm-none-eabi/10.3.1/../../../../arm-none-eabi/lib/thumb/v7e-m+fp/softfp/libc.a(lib_a-vfiprintf.o)
 .text.__sprint_r
                0x000000001000a534       0x18 /home/geffencooper/gcc-arm-none-eabi-10.3-2021.10/bin/../lib/gcc/arm-none-eabi/10.3.1/../../../../arm-none-eabi/lib/thumb/v7e-m+fp/softfp/libc.a(lib_a-vfiprintf.o)
                0x000000001000a534                __sprint_r
 .text._vfiprintf_r
                0x000000001000a54c      0xdfc /home/geffencooper/gcc-arm-none-eabi-10.3-2021.10/bin/../lib/gcc/arm-none-eabi/10.3.1/../../../../arm-none-eabi/lib/thumb/v7e-m+fp/softfp/libc.a(lib_a-vfiprintf.o)
                0x000000001000a54c                _vfiprintf_r
 .text.__sbprintf
                0x000000001000b348       0x80 /home/geffencooper/gcc-arm-none-eabi-10.3-2021.10/bin/../lib/gcc/arm-none-eabi/10.3.1/../../../../arm-none-eabi/lib/thumb/v7e-m+fp/softfp/libc.a(lib_a-vfiprintf.o)
 .text._write_r
                0x000000001000b3c8       0x2c /home/geffencooper/gcc-arm-none-eabi-10.3-2021.10/bin/../lib/gcc/arm-none-eabi/10.3.1/../../../../arm-none-eabi/lib/thumb/v7e-m+fp/softfp/libc.a(lib_a-writer.o)
                0x000000001000b3c8                _write_r
 .text.__register_exitproc
                0x000000001000b3f4       0x8c /home/geffencooper/gcc-arm-none-eabi-10.3-2021.10/bin/../lib/gcc/arm-none-eabi/10.3.1/../../../../arm-none-eabi/lib/thumb/v7e-m+fp/softfp/libc.a(lib_a-__atexit.o)
                0x000000001000b3f4                __register_exitproc
 .text.__assert_func
                0x000000001000b480       0x40 /home/geffencooper/gcc-arm-none-eabi-10.3-2021.10/bin/../lib/gcc/arm-none-eabi/10.3.1/../../../../arm-none-eabi/lib/thumb/v7e-m+fp/softfp/libc.a(lib_a-assert.o)
                0x000000001000b480                __assert_func
 .text._calloc_r
                0x000000001000b4c0       0x78 /home/geffencooper/gcc-arm-none-eabi-10.3-2021.10/bin/../lib/gcc/arm-none-eabi/10.3.1/../../../../arm-none-eabi/lib/thumb/v7e-m+fp/softfp/libc.a(lib_a-callocr.o)
                0x000000001000b4c0                _calloc_r
 .text._close_r
                0x000000001000b538       0x24 /home/geffencooper/gcc-arm-none-eabi-10.3-2021.10/bin/../lib/gcc/arm-none-eabi/10.3.1/../../../../arm-none-eabi/lib/thumb/v7e-m+fp/softfp/libc.a(lib_a-closer.o)
                0x000000001000b538                _close_r
 .text._fclose_r
                0x000000001000b55c       0xcc /home/geffencooper/gcc-arm-none-eabi-10.3-2021.10/bin/../lib/gcc/arm-none-eabi/10.3.1/../../../../arm-none-eabi/lib/thumb/v7e-m+fp/softfp/libc.a(lib_a-fclose.o)
                0x000000001000b55c                _fclose_r
 .text.fiprintf
                0x000000001000b628       0x28 /home/geffencooper/gcc-arm-none-eabi-10.3-2021.10/bin/../lib/gcc/arm-none-eabi/10.3.1/../../../../arm-none-eabi/lib/thumb/v7e-m+fp/softfp/libc.a(lib_a-fiprintf.o)
                0x000000001000b628                fiprintf
 .text.__fputwc
                0x000000001000b650       0xa8 /home/geffencooper/gcc-arm-none-eabi-10.3-2021.10/bin/../lib/gcc/arm-none-eabi/10.3.1/../../../../arm-none-eabi/lib/thumb/v7e-m+fp/softfp/libc.a(lib_a-fputwc.o)
                0x000000001000b650                __fputwc
 .text._fputwc_r
                0x000000001000b6f8       0x68 /home/geffencooper/gcc-arm-none-eabi-10.3-2021.10/bin/../lib/gcc/arm-none-eabi/10.3.1/../../../../arm-none-eabi/lib/thumb/v7e-m+fp/softfp/libc.a(lib_a-fputwc.o)
                0x000000001000b6f8                _fputwc_r
 .text._fstat_r
                0x000000001000b760       0x2c /home/geffencooper/gcc-arm-none-eabi-10.3-2021.10/bin/../lib/gcc/arm-none-eabi/10.3.1/../../../../arm-none-eabi/lib/thumb/v7e-m+fp/softfp/libc.a(lib_a-fstatr.o)
                0x000000001000b760                _fstat_r
 .text._isatty_r
                0x000000001000b78c       0x24 /home/geffencooper/gcc-arm-none-eabi-10.3-2021.10/bin/../lib/gcc/arm-none-eabi/10.3.1/../../../../arm-none-eabi/lib/thumb/v7e-m+fp/softfp/libc.a(lib_a-isattyr.o)
                0x000000001000b78c                _isatty_r
 .text.__locale_mb_cur_max
                0x000000001000b7b0        0xc /home/geffencooper/gcc-arm-none-eabi-10.3-2021.10/bin/../lib/gcc/arm-none-eabi/10.3.1/../../../../arm-none-eabi/lib/thumb/v7e-m+fp/softfp/libc.a(lib_a-locale.o)
                0x000000001000b7b0                __locale_mb_cur_max
 .text._lseek_r
                0x000000001000b7bc       0x2c /home/geffencooper/gcc-arm-none-eabi-10.3-2021.10/bin/../lib/gcc/arm-none-eabi/10.3.1/../../../../arm-none-eabi/lib/thumb/v7e-m+fp/softfp/libc.a(lib_a-lseekr.o)
                0x000000001000b7bc                _lseek_r
 .text.__ascii_mbtowc
                0x000000001000b7e8       0x2c /home/geffencooper/gcc-arm-none-eabi-10.3-2021.10/bin/../lib/gcc/arm-none-eabi/10.3.1/../../../../arm-none-eabi/lib/thumb/v7e-m+fp/softfp/libc.a(lib_a-mbtowc_r.o)
                0x000000001000b7e8                __ascii_mbtowc
 .text._read_r  0x000000001000b814       0x2c /home/geffencooper/gcc-arm-none-eabi-10.3-2021.10/bin/../lib/gcc/arm-none-eabi/10.3.1/../../../../arm-none-eabi/lib/thumb/v7e-m+fp/softfp/libc.a(lib_a-readr.o)
                0x000000001000b814                _read_r
 .text.__swbuf_r
                0x000000001000b840       0xb0 /home/geffencooper/gcc-arm-none-eabi-10.3-2021.10/bin/../lib/gcc/arm-none-eabi/10.3.1/../../../../arm-none-eabi/lib/thumb/v7e-m+fp/softfp/libc.a(lib_a-wbuf.o)
                0x000000001000b840                __swbuf_r
 .text._wcrtomb_r
                0x000000001000b8f0       0x3c /home/geffencooper/gcc-arm-none-eabi-10.3-2021.10/bin/../lib/gcc/arm-none-eabi/10.3.1/../../../../arm-none-eabi/lib/thumb/v7e-m+fp/softfp/libc.a(lib_a-wcrtomb.o)
                0x000000001000b8f0                _wcrtomb_r
 .text.__ascii_wctomb
                0x000000001000b92c       0x1c /home/geffencooper/gcc-arm-none-eabi-10.3-2021.10/bin/../lib/gcc/arm-none-eabi/10.3.1/../../../../arm-none-eabi/lib/thumb/v7e-m+fp/softfp/libc.a(lib_a-wctomb_r.o)
                0x000000001000b92c                __ascii_wctomb
 .text.abort    0x000000001000b948       0x10 /home/geffencooper/gcc-arm-none-eabi-10.3-2021.10/bin/../lib/gcc/arm-none-eabi/10.3.1/../../../../arm-none-eabi/lib/thumb/v7e-m+fp/softfp/libc.a(lib_a-abort.o)
                0x000000001000b948                abort
 .text.raise    0x000000001000b958       0x5c /home/geffencooper/gcc-arm-none-eabi-10.3-2021.10/bin/../lib/gcc/arm-none-eabi/10.3.1/../../../../arm-none-eabi/lib/thumb/v7e-m+fp/softfp/libc.a(lib_a-signal.o)
                0x000000001000b958                raise
 .text._kill_r  0x000000001000b9b4       0x2c /home/geffencooper/gcc-arm-none-eabi-10.3-2021.10/bin/../lib/gcc/arm-none-eabi/10.3.1/../../../../arm-none-eabi/lib/thumb/v7e-m+fp/softfp/libc.a(lib_a-signalr.o)
                0x000000001000b9b4                _kill_r
 .text._getpid_r
                0x000000001000b9e0        0x4 /home/geffencooper/gcc-arm-none-eabi-10.3-2021.10/bin/../lib/gcc/arm-none-eabi/10.3.1/../../../../arm-none-eabi/lib/thumb/v7e-m+fp/softfp/libc.a(lib_a-signalr.o)
                0x000000001000b9e0                _getpid_r
 .text._getpid  0x000000001000b9e4       0x10 /home/geffencooper/gcc-arm-none-eabi-10.3-2021.10/bin/../lib/gcc/arm-none-eabi/10.3.1/../../../../arm-none-eabi/lib/thumb/v7e-m+fp/softfp/libnosys.a(getpid.o)
                0x000000001000b9e4                _getpid
 .text._kill    0x000000001000b9f4       0x10 /home/geffencooper/gcc-arm-none-eabi-10.3-2021.10/bin/../lib/gcc/arm-none-eabi/10.3.1/../../../../arm-none-eabi/lib/thumb/v7e-m+fp/softfp/libnosys.a(kill.o)
                0x000000001000b9f4                _kill
 .text._exit    0x000000001000ba04        0x4 /home/geffencooper/gcc-arm-none-eabi-10.3-2021.10/bin/../lib/gcc/arm-none-eabi/10.3.1/../../../../arm-none-eabi/lib/thumb/v7e-m+fp/softfp/libnosys.a(_exit.o)
                0x000000001000ba04                _exit
 .text          0x000000001000ba08      0x378 /home/geffencooper/gcc-arm-none-eabi-10.3-2021.10/bin/../lib/gcc/arm-none-eabi/10.3.1/thumb/v7e-m+fp/softfp/libgcc.a(_arm_addsubdf3.o)
                0x000000001000ba08                __aeabi_drsub
                0x000000001000ba10                __aeabi_dsub
                0x000000001000ba10                __subdf3
                0x000000001000ba14                __adddf3
                0x000000001000ba14                __aeabi_dadd
                0x000000001000bc8c                __aeabi_ui2d
                0x000000001000bc8c                __floatunsidf
                0x000000001000bcac                __floatsidf
                0x000000001000bcac                __aeabi_i2d
                0x000000001000bcd0                __extendsfdf2
                0x000000001000bcd0                __aeabi_f2d
                0x000000001000bd14                __aeabi_ul2d
                0x000000001000bd14                __floatundidf
                0x000000001000bd24                __floatdidf
                0x000000001000bd24                __aeabi_l2d
 .text          0x000000001000bd80      0x424 /home/geffencooper/gcc-arm-none-eabi-10.3-2021.10/bin/../lib/gcc/arm-none-eabi/10.3.1/thumb/v7e-m+fp/softfp/libgcc.a(_arm_muldivdf3.o)
                0x000000001000bd80                __aeabi_dmul
                0x000000001000bd80                __muldf3
                0x000000001000bfd4                __aeabi_ddiv
                0x000000001000bfd4                __divdf3
 .text          0x000000001000c1a4      0x110 /home/geffencooper/gcc-arm-none-eabi-10.3-2021.10/bin/../lib/gcc/arm-none-eabi/10.3.1/thumb/v7e-m+fp/softfp/libgcc.a(_arm_cmpdf2.o)
                0x000000001000c1a4                __gtdf2
                0x000000001000c1a4                __gedf2
                0x000000001000c1ac                __ltdf2
                0x000000001000c1ac                __ledf2
                0x000000001000c1b4                __cmpdf2
                0x000000001000c1b4                __eqdf2
                0x000000001000c1b4                __nedf2
                0x000000001000c230                __aeabi_cdrcmple
                0x000000001000c240                __aeabi_cdcmple
                0x000000001000c240                __aeabi_cdcmpeq
                0x000000001000c250                __aeabi_dcmpeq
                0x000000001000c264                __aeabi_dcmplt
                0x000000001000c278                __aeabi_dcmple
                0x000000001000c28c                __aeabi_dcmpge
                0x000000001000c2a0                __aeabi_dcmpgt
 .text          0x000000001000c2b4       0x2c /home/geffencooper/gcc-arm-none-eabi-10.3-2021.10/bin/../lib/gcc/arm-none-eabi/10.3.1/thumb/v7e-m+fp/softfp/libgcc.a(_arm_unorddf2.o)
                0x000000001000c2b4                __aeabi_dcmpun
                0x000000001000c2b4                __unorddf2
 .text          0x000000001000c2e0       0x50 /home/geffencooper/gcc-arm-none-eabi-10.3-2021.10/bin/../lib/gcc/arm-none-eabi/10.3.1/thumb/v7e-m+fp/softfp/libgcc.a(_arm_fixdfsi.o)
                0x000000001000c2e0                __fixdfsi
                0x000000001000c2e0                __aeabi_d2iz
 .text          0x000000001000c330       0x30 /home/geffencooper/gcc-arm-none-eabi-10.3-2021.10/bin/../lib/gcc/arm-none-eabi/10.3.1/thumb/v7e-m+fp/softfp/libgcc.a(_aeabi_uldivmod.o)
                0x000000001000c330                __aeabi_uldivmod
 .text          0x000000001000c360      0x2d0 /home/geffencooper/gcc-arm-none-eabi-10.3-2021.10/bin/../lib/gcc/arm-none-eabi/10.3.1/thumb/v7e-m+fp/softfp/libgcc.a(_udivmoddi4.o)
                0x000000001000c360                __udivmoddi4
 .text          0x000000001000c630        0x4 /home/geffencooper/gcc-arm-none-eabi-10.3-2021.10/bin/../lib/gcc/arm-none-eabi/10.3.1/thumb/v7e-m+fp/softfp/libgcc.a(_dvmd_tls.o)
                0x000000001000c630                __aeabi_ldiv0
                0x000000001000c630                __aeabi_idiv0
 *(.rodata*)
 .rodata.init_LCD.str1.4
                0x000000001000c634       0x1d /home/geffencooper/Model_Development/ai8x-synthesis/sdk/DA/build/camera_tft_funcs.o
 *fill*         0x000000001000c651        0x3 
 .rodata.LCD_Camera_Setup.str1.4
                0x000000001000c654       0x70 /home/geffencooper/Model_Development/ai8x-synthesis/sdk/DA/build/camera_tft_funcs.o
 .rodata        0x000000001000c6c4        0xc /home/geffencooper/Model_Development/ai8x-synthesis/sdk/DA/build/camera_tft_funcs.o
 .rodata.mxc_assert.str1.4
                0x000000001000c6d0       0x19 /home/geffencooper/Model_Development/ai8x-synthesis/sdk/DA/build/board.o
 *fill*         0x000000001000c6e9        0x3 
 .rodata.Board_Init.str1.4
                0x000000001000c6ec       0x71 /home/geffencooper/Model_Development/ai8x-synthesis/sdk/DA/build/board.o
 *fill*         0x000000001000c75d        0x3 
 .rodata.led_pin
                0x000000001000c760       0x18 /home/geffencooper/Model_Development/ai8x-synthesis/sdk/DA/build/board.o
                0x000000001000c760                led_pin
 .rodata.num_leds
                0x000000001000c778        0x4 /home/geffencooper/Model_Development/ai8x-synthesis/sdk/DA/build/board.o
                0x000000001000c778                num_leds
 .rodata.num_pbs
                0x000000001000c77c        0x4 /home/geffencooper/Model_Development/ai8x-synthesis/sdk/DA/build/board.o
                0x000000001000c77c                num_pbs
 .rodata.pb_pin
                0x000000001000c780       0x18 /home/geffencooper/Model_Development/ai8x-synthesis/sdk/DA/build/board.o
                0x000000001000c780                pb_pin
 .rodata.LED_On.str1.4
                0x000000001000c798       0x8b /home/geffencooper/Model_Development/ai8x-synthesis/sdk/DA/build/led.o
 *fill*         0x000000001000c823        0x1 
 .rodata.dump_registers.str1.4
                0x000000001000c824       0x12 /home/geffencooper/Model_Development/ai8x-synthesis/sdk/DA/build/ov7692.o
 *fill*         0x000000001000c836        0x2 
 .rodata.default_regs
                0x000000001000c838       0x5e /home/geffencooper/Model_Development/ai8x-synthesis/sdk/DA/build/ov7692.o
 *fill*         0x000000001000c896        0x2 
 .rodata.gpio_cfg_scl
                0x000000001000c898        0xc /home/geffencooper/Model_Development/ai8x-synthesis/sdk/DA/build/sccb.o
 .rodata.gpio_cfg_sda
                0x000000001000c8a4        0xc /home/geffencooper/Model_Development/ai8x-synthesis/sdk/DA/build/sccb.o
 .rodata.gpio_cfg_pcif_P0_BITS_0_7
                0x000000001000c8b0        0xc /home/geffencooper/Model_Development/ai8x-synthesis/sdk/Libraries/PeriphDrivers/bin/MAX78000/softfp/libPeriphDriver_softfp.a(pins_ai85.o)
                0x000000001000c8b0                gpio_cfg_pcif_P0_BITS_0_7
 .rodata.gpio_cfg_pcif_P0_BITS_8_9
                0x000000001000c8bc        0xc /home/geffencooper/Model_Development/ai8x-synthesis/sdk/Libraries/PeriphDrivers/bin/MAX78000/softfp/libPeriphDriver_softfp.a(pins_ai85.o)
                0x000000001000c8bc                gpio_cfg_pcif_P0_BITS_8_9
 .rodata.gpio_cfg_pcif_P1_BITS_10_11
                0x000000001000c8c8        0xc /home/geffencooper/Model_Development/ai8x-synthesis/sdk/Libraries/PeriphDrivers/bin/MAX78000/softfp/libPeriphDriver_softfp.a(pins_ai85.o)
                0x000000001000c8c8                gpio_cfg_pcif_P1_BITS_10_11
 .rodata.gpio_cfg_pcif_hsync
                0x000000001000c8d4        0xc /home/geffencooper/Model_Development/ai8x-synthesis/sdk/Libraries/PeriphDrivers/bin/MAX78000/softfp/libPeriphDriver_softfp.a(pins_ai85.o)
                0x000000001000c8d4                gpio_cfg_pcif_hsync
 .rodata.gpio_cfg_pcif_vsync
                0x000000001000c8e0        0xc /home/geffencooper/Model_Development/ai8x-synthesis/sdk/Libraries/PeriphDrivers/bin/MAX78000/softfp/libPeriphDriver_softfp.a(pins_ai85.o)
                0x000000001000c8e0                gpio_cfg_pcif_vsync
 .rodata.gpio_cfg_pcif_xclk
                0x000000001000c8ec        0xc /home/geffencooper/Model_Development/ai8x-synthesis/sdk/Libraries/PeriphDrivers/bin/MAX78000/softfp/libPeriphDriver_softfp.a(pins_ai85.o)
                0x000000001000c8ec                gpio_cfg_pcif_xclk
 .rodata.gpio_cfg_pt0
                0x000000001000c8f8        0xc /home/geffencooper/Model_Development/ai8x-synthesis/sdk/Libraries/PeriphDrivers/bin/MAX78000/softfp/libPeriphDriver_softfp.a(pins_ai85.o)
                0x000000001000c8f8                gpio_cfg_pt0
 .rodata.gpio_cfg_pt1
                0x000000001000c904        0xc /home/geffencooper/Model_Development/ai8x-synthesis/sdk/Libraries/PeriphDrivers/bin/MAX78000/softfp/libPeriphDriver_softfp.a(pins_ai85.o)
                0x000000001000c904                gpio_cfg_pt1
 .rodata.gpio_cfg_pt2
                0x000000001000c910        0xc /home/geffencooper/Model_Development/ai8x-synthesis/sdk/Libraries/PeriphDrivers/bin/MAX78000/softfp/libPeriphDriver_softfp.a(pins_ai85.o)
                0x000000001000c910                gpio_cfg_pt2
 .rodata.gpio_cfg_pt3
                0x000000001000c91c        0xc /home/geffencooper/Model_Development/ai8x-synthesis/sdk/Libraries/PeriphDrivers/bin/MAX78000/softfp/libPeriphDriver_softfp.a(pins_ai85.o)
                0x000000001000c91c                gpio_cfg_pt3
 .rodata.gpio_cfg_uart0
                0x000000001000c928        0xc /home/geffencooper/Model_Development/ai8x-synthesis/sdk/Libraries/PeriphDrivers/bin/MAX78000/softfp/libPeriphDriver_softfp.a(pins_ai85.o)
                0x000000001000c928                gpio_cfg_uart0
 .rodata.gpio_cfg_uart1
                0x000000001000c934        0xc /home/geffencooper/Model_Development/ai8x-synthesis/sdk/Libraries/PeriphDrivers/bin/MAX78000/softfp/libPeriphDriver_softfp.a(pins_ai85.o)
                0x000000001000c934                gpio_cfg_uart1
 .rodata.gpio_cfg_uart2
                0x000000001000c940        0xc /home/geffencooper/Model_Development/ai8x-synthesis/sdk/Libraries/PeriphDrivers/bin/MAX78000/softfp/libPeriphDriver_softfp.a(pins_ai85.o)
                0x000000001000c940                gpio_cfg_uart2
 .rodata.gpio_cfg_uart3
                0x000000001000c94c        0xc /home/geffencooper/Model_Development/ai8x-synthesis/sdk/Libraries/PeriphDrivers/bin/MAX78000/softfp/libPeriphDriver_softfp.a(pins_ai85.o)
                0x000000001000c94c                gpio_cfg_uart3
 .rodata.MXC_PT_Init.str1.1
                0x000000001000c958       0x4f /home/geffencooper/Model_Development/ai8x-synthesis/sdk/Libraries/PeriphDrivers/bin/MAX78000/softfp/libPeriphDriver_softfp.a(pt_me17.o)
 .rodata.MXC_PT_RevA_Config.str1.1
                0x000000001000c9a7       0x4b /home/geffencooper/Model_Development/ai8x-synthesis/sdk/Libraries/PeriphDrivers/bin/MAX78000/softfp/libPeriphDriver_softfp.a(pt_reva.o)
 .rodata.MXC_SPI_Init.str1.1
                0x000000001000c9f2       0x4d /home/geffencooper/Model_Development/ai8x-synthesis/sdk/Libraries/PeriphDrivers/bin/MAX78000/softfp/libPeriphDriver_softfp.a(spi_me17.o)
 .rodata.MXC_SPI_RevA_DMACallback.str1.1
                0x000000001000ca3f       0x4c /home/geffencooper/Model_Development/ai8x-synthesis/sdk/Libraries/PeriphDrivers/bin/MAX78000/softfp/libPeriphDriver_softfp.a(spi_reva.o)
 .rodata.MXC_SPI_RevA_TransSetup.str1.1
                0x000000001000ca8b       0x22 /home/geffencooper/Model_Development/ai8x-synthesis/sdk/Libraries/PeriphDrivers/bin/MAX78000/softfp/libPeriphDriver_softfp.a(spi_reva.o)
                                         0x2f (size before relaxing)
 .rodata.MXC_GPIO_Common_Handler.str1.1
                0x000000001000caad       0x62 /home/geffencooper/Model_Development/ai8x-synthesis/sdk/Libraries/PeriphDrivers/bin/MAX78000/softfp/libPeriphDriver_softfp.a(gpio_common.o)
 *fill*         0x000000001000cb0f        0x1 
 .rodata._global_impure_ptr
                0x000000001000cb10        0x4 /home/geffencooper/gcc-arm-none-eabi-10.3-2021.10/bin/../lib/gcc/arm-none-eabi/10.3.1/../../../../arm-none-eabi/lib/thumb/v7e-m+fp/softfp/libc.a(lib_a-impure.o)
                0x000000001000cb10                _global_impure_ptr
 .rodata._puts_r.str1.4
                0x000000001000cb14       0x12 /home/geffencooper/gcc-arm-none-eabi-10.3-2021.10/bin/../lib/gcc/arm-none-eabi/10.3.1/../../../../arm-none-eabi/lib/thumb/v7e-m+fp/softfp/libc.a(lib_a-puts.o)
                                          0x2 (size before relaxing)
 .rodata._svfprintf_r.str1.4
                0x000000001000cb14       0x42 /home/geffencooper/gcc-arm-none-eabi-10.3-2021.10/bin/../lib/gcc/arm-none-eabi/10.3.1/../../../../arm-none-eabi/lib/thumb/v7e-m+fp/softfp/libc.a(lib_a-svfprintf.o)
 *fill*         0x000000001000cb56        0x2 
 .rodata.blanks.1
                0x000000001000cb58       0x10 /home/geffencooper/gcc-arm-none-eabi-10.3-2021.10/bin/../lib/gcc/arm-none-eabi/10.3.1/../../../../arm-none-eabi/lib/thumb/v7e-m+fp/softfp/libc.a(lib_a-svfprintf.o)
 .rodata.zeroes.0
                0x000000001000cb68       0x10 /home/geffencooper/gcc-arm-none-eabi-10.3-2021.10/bin/../lib/gcc/arm-none-eabi/10.3.1/../../../../arm-none-eabi/lib/thumb/v7e-m+fp/softfp/libc.a(lib_a-svfprintf.o)
 .rodata._vfprintf_r.str1.4
                0x000000001000cb78       0x42 /home/geffencooper/gcc-arm-none-eabi-10.3-2021.10/bin/../lib/gcc/arm-none-eabi/10.3.1/../../../../arm-none-eabi/lib/thumb/v7e-m+fp/softfp/libc.a(lib_a-vfprintf.o)
 .rodata.blanks.1
                0x000000001000cb78       0x10 /home/geffencooper/gcc-arm-none-eabi-10.3-2021.10/bin/../lib/gcc/arm-none-eabi/10.3.1/../../../../arm-none-eabi/lib/thumb/v7e-m+fp/softfp/libc.a(lib_a-vfprintf.o)
 .rodata.zeroes.0
                0x000000001000cb88       0x10 /home/geffencooper/gcc-arm-none-eabi-10.3-2021.10/bin/../lib/gcc/arm-none-eabi/10.3.1/../../../../arm-none-eabi/lib/thumb/v7e-m+fp/softfp/libc.a(lib_a-vfprintf.o)
 .rodata._dtoa_r.str1.4
                0x000000001000cb98       0xa2 /home/geffencooper/gcc-arm-none-eabi-10.3-2021.10/bin/../lib/gcc/arm-none-eabi/10.3.1/../../../../arm-none-eabi/lib/thumb/v7e-m+fp/softfp/libc.a(lib_a-dtoa.o)